{
  "before": {
    "sender": [
      {
        "id": 1,
        "stock": {
          "value": 10,
          "owned": [
            10,
            11,
            12
          ]
        },
        "recipe": {
          "value": 10,
          "owned": [
            10,
            11,
            12
          ]
        },
        "queue": {
          "value": 10,
          "owned": [
            10,
            11,
            12
          ]
        },
        "enabled": true,
        "locked": true
      }
    ],
    "receiver": [
      {
        "id": 1,
        "stock": {
          "value": 20,
          "owned": [
            20,
            21,
            22
          ]
        },
        "recipe": {
          "value": 20,
          "owned": [
            20,
            21,
            22
          ]
        },
        "queue": {
          "value": 20,
          "owned": [
            20,
            21,
            22
          ]
        },
        "enabled": true,
        "locked": true
      }
    ]
  },
  "foreignId": 1,
  "localId": 1,
  "lookup": {
    "ok": true,
    "stock": {
      "value": 20,
      "owned": [
        20,
        21,
        22
      ]
    }
  },
  "after": {
    "sender": [
      {
        "id": 1,
        "stock": {
          "value": 10,
          "owned": [
            10,
            11,
            12
          ]
        },
        "recipe": {
          "value": 10,
          "owned": [
            10,
            11,
            12
          ]
        },
        "queue": {
          "value": 10,
          "owned": [
            10,
            11,
            12
          ]
        },
        "enabled": true,
        "locked": true
      }
    ],
    "receiver": []
  },
  "scope": "Actual TS independent same-schema runtimes resolve equal numeric IDs; Bend MissingEntity is the approved foreign-world difference. No failed-reservation policy observation."
}
