Workshop
before|100,10,;200,20,21,;300,30,31,32,33,;400,40,41,42,43,44,45,46,47,;|:|events=|meta=1,5,4,8,3,77,2,0|pending=0|columnVariant=Column|columnSize=8|columnSlots=100,10,;200,20,21,;300,30,31,32,33,;400,40,41,42,43,44,45,46,47,;|lifecycle=1:7:9;|edges=|inverseRows=|liveSize=8|liveBits=False,True,True,True,True,False,False,False,|registrations=1:foreign-provider:relation:Link:write,;
second|100,10,;200,20,21,;300,30,31,32,33,;400,40,41,42,43,44,45,46,47,;|:|events=|meta=2,5,4,8,3,88,2,0|pending=0|columnVariant=Column|columnSize=8|columnSlots=100,10,;200,20,21,;300,30,31,32,33,;400,40,41,42,43,44,45,46,47,;|lifecycle=1:7:9;|edges=|inverseRows=|liveSize=8|liveBits=False,True,True,True,True,False,False,False,|registrations=1:foreign-provider:relation:Link:write,;
relate-source=MissingEntity
relate-target=MissingEntity
unrelate=MissingEntity
reorder-parent=MissingEntity
reorder-child=MissingEntity
cleanup=MissingEntity
queued|100,10,;200,20,21,;300,30,31,32,33,;400,40,41,42,43,44,45,46,47,;|:|events=|meta=1,5,4,8,3,77,2,0|pending=1|columnVariant=Column|columnSize=8|columnSlots=100,10,;200,20,21,;300,30,31,32,33,;400,40,41,42,43,44,45,46,47,;|lifecycle=1:7:9;|edges=|inverseRows=|liveSize=8|liveBits=False,True,True,True,True,False,False,False,|registrations=1:foreign-provider:relation:Link:write,;
second|100,10,;200,20,21,;300,30,31,32,33,;400,40,41,42,43,44,45,46,47,;|:|events=|meta=2,5,4,8,3,88,2,0|pending=0|columnVariant=Column|columnSize=8|columnSlots=100,10,;200,20,21,;300,30,31,32,33,;400,40,41,42,43,44,45,46,47,;|lifecycle=1:7:9;|edges=|inverseRows=|liveSize=8|liveBits=False,True,True,True,True,False,False,False,|registrations=1:foreign-provider:relation:Link:write,;
after|100,10,;200,20,21,;300,30,31,32,33,;400,40,41,42,43,44,45,46,47,;|3,:|events=|meta=1,5,4,8,3,77,2,0|pending=0|columnVariant=Column|columnSize=8|columnSlots=100,10,;200,20,21,;300,30,31,32,33,;400,40,41,42,43,44,45,46,47,;|lifecycle=1:7:9;|edges=1:Link:LinkedBy:Ordinary:3:1;|inverseRows=1:Link:LinkedBy:Ordinary:1:3,;|liveSize=8|liveBits=False,True,True,True,True,False,False,False,|registrations=1:foreign-provider:relation:Link:write,;
second|100,10,;200,20,21,;300,30,31,32,33,;400,40,41,42,43,44,45,46,47,;|:|events=|meta=2,5,4,8,3,88,2,0|pending=0|columnVariant=Column|columnSize=8|columnSlots=100,10,;200,20,21,;300,30,31,32,33,;400,40,41,42,43,44,45,46,47,;|lifecycle=1:7:9;|edges=|inverseRows=|liveSize=8|liveBits=False,True,True,True,True,False,False,False,|registrations=1:foreign-provider:relation:Link:write,;
rollback-command=Queued
rollback-resource-before=999
rollback-outcome=Failure:99
rollback|100,10,;200,20,21,;300,30,31,32,33,;400,40,41,42,43,44,45,46,47,;|3,:|events=|meta=1,5,4,8,3,77,2,0|pending=0|columnVariant=Column|columnSize=8|columnSlots=100,10,;200,20,21,;300,30,31,32,33,;400,40,41,42,43,44,45,46,47,;|lifecycle=1:7:9;|edges=1:Link:LinkedBy:Ordinary:3:1;|inverseRows=1:Link:LinkedBy:Ordinary:1:3,;|liveSize=8|liveBits=False,True,True,True,True,False,False,False,|registrations=1:foreign-provider:relation:Link:write,;
second|100,10,;200,20,21,;300,30,31,32,33,;400,40,41,42,43,44,45,46,47,;|:|events=|meta=2,5,4,8,3,88,2,0|pending=0|columnVariant=Column|columnSize=8|columnSlots=100,10,;200,20,21,;300,30,31,32,33,;400,40,41,42,43,44,45,46,47,;|lifecycle=1:7:9;|edges=|inverseRows=|liveSize=8|liveBits=False,True,True,True,True,False,False,False,|registrations=1:foreign-provider:relation:Link:write,;
rollback-barrier|100,10,;200,20,21,;300,30,31,32,33,;400,40,41,42,43,44,45,46,47,;|3,:|events=|meta=1,5,4,8,3,77,2,0|pending=0|columnVariant=Column|columnSize=8|columnSlots=100,10,;200,20,21,;300,30,31,32,33,;400,40,41,42,43,44,45,46,47,;|lifecycle=1:7:9;|edges=1:Link:LinkedBy:Ordinary:3:1;|inverseRows=1:Link:LinkedBy:Ordinary:1:3,;|liveSize=8|liveBits=False,True,True,True,True,False,False,False,|registrations=1:foreign-provider:relation:Link:write,;
second|100,10,;200,20,21,;300,30,31,32,33,;400,40,41,42,43,44,45,46,47,;|:|events=|meta=2,5,4,8,3,88,2,0|pending=0|columnVariant=Column|columnSize=8|columnSlots=100,10,;200,20,21,;300,30,31,32,33,;400,40,41,42,43,44,45,46,47,;|lifecycle=1:7:9;|edges=|inverseRows=|liveSize=8|liveBits=False,True,True,True,True,False,False,False,|registrations=1:foreign-provider:relation:Link:write,;
Other
before|100,10,;200,20,21,;300,30,31,32,33,;400,40,41,42,43,44,45,46,47,;|:|events=|meta=1,5,4,8,3,77,2,0|pending=0|columnVariant=Column|columnSize=8|columnSlots=100,10,;200,20,21,;300,30,31,32,33,;400,40,41,42,43,44,45,46,47,;|lifecycle=1:7:9;|edges=|inverseRows=|liveSize=8|liveBits=False,True,True,True,True,False,False,False,|registrations=1:foreign-provider:relation:Link:write,;
second|100,10,;200,20,21,;300,30,31,32,33,;400,40,41,42,43,44,45,46,47,;|:|events=|meta=2,5,4,8,3,88,2,0|pending=0|columnVariant=Column|columnSize=8|columnSlots=100,10,;200,20,21,;300,30,31,32,33,;400,40,41,42,43,44,45,46,47,;|lifecycle=1:7:9;|edges=|inverseRows=|liveSize=8|liveBits=False,True,True,True,True,False,False,False,|registrations=1:foreign-provider:relation:Link:write,;
relate-source=MissingEntity
relate-target=MissingEntity
unrelate=MissingEntity
reorder-parent=MissingEntity
reorder-child=MissingEntity
cleanup=MissingEntity
queued|100,10,;200,20,21,;300,30,31,32,33,;400,40,41,42,43,44,45,46,47,;|:|events=|meta=1,5,4,8,3,77,2,0|pending=1|columnVariant=Column|columnSize=8|columnSlots=100,10,;200,20,21,;300,30,31,32,33,;400,40,41,42,43,44,45,46,47,;|lifecycle=1:7:9;|edges=|inverseRows=|liveSize=8|liveBits=False,True,True,True,True,False,False,False,|registrations=1:foreign-provider:relation:Link:write,;
second|100,10,;200,20,21,;300,30,31,32,33,;400,40,41,42,43,44,45,46,47,;|:|events=|meta=2,5,4,8,3,88,2,0|pending=0|columnVariant=Column|columnSize=8|columnSlots=100,10,;200,20,21,;300,30,31,32,33,;400,40,41,42,43,44,45,46,47,;|lifecycle=1:7:9;|edges=|inverseRows=|liveSize=8|liveBits=False,True,True,True,True,False,False,False,|registrations=1:foreign-provider:relation:Link:write,;
after|100,10,;200,20,21,;300,30,31,32,33,;400,40,41,42,43,44,45,46,47,;|3,:|events=|meta=1,5,4,8,3,77,2,0|pending=0|columnVariant=Column|columnSize=8|columnSlots=100,10,;200,20,21,;300,30,31,32,33,;400,40,41,42,43,44,45,46,47,;|lifecycle=1:7:9;|edges=1:Link:LinkedBy:Ordinary:3:1;|inverseRows=1:Link:LinkedBy:Ordinary:1:3,;|liveSize=8|liveBits=False,True,True,True,True,False,False,False,|registrations=1:foreign-provider:relation:Link:write,;
second|100,10,;200,20,21,;300,30,31,32,33,;400,40,41,42,43,44,45,46,47,;|:|events=|meta=2,5,4,8,3,88,2,0|pending=0|columnVariant=Column|columnSize=8|columnSlots=100,10,;200,20,21,;300,30,31,32,33,;400,40,41,42,43,44,45,46,47,;|lifecycle=1:7:9;|edges=|inverseRows=|liveSize=8|liveBits=False,True,True,True,True,False,False,False,|registrations=1:foreign-provider:relation:Link:write,;
rollback-command=Queued
rollback-resource-before=999
rollback-outcome=Failure:99
rollback|100,10,;200,20,21,;300,30,31,32,33,;400,40,41,42,43,44,45,46,47,;|3,:|events=|meta=1,5,4,8,3,77,2,0|pending=0|columnVariant=Column|columnSize=8|columnSlots=100,10,;200,20,21,;300,30,31,32,33,;400,40,41,42,43,44,45,46,47,;|lifecycle=1:7:9;|edges=1:Link:LinkedBy:Ordinary:3:1;|inverseRows=1:Link:LinkedBy:Ordinary:1:3,;|liveSize=8|liveBits=False,True,True,True,True,False,False,False,|registrations=1:foreign-provider:relation:Link:write,;
second|100,10,;200,20,21,;300,30,31,32,33,;400,40,41,42,43,44,45,46,47,;|:|events=|meta=2,5,4,8,3,88,2,0|pending=0|columnVariant=Column|columnSize=8|columnSlots=100,10,;200,20,21,;300,30,31,32,33,;400,40,41,42,43,44,45,46,47,;|lifecycle=1:7:9;|edges=|inverseRows=|liveSize=8|liveBits=False,True,True,True,True,False,False,False,|registrations=1:foreign-provider:relation:Link:write,;
rollback-barrier|100,10,;200,20,21,;300,30,31,32,33,;400,40,41,42,43,44,45,46,47,;|3,:|events=|meta=1,5,4,8,3,77,2,0|pending=0|columnVariant=Column|columnSize=8|columnSlots=100,10,;200,20,21,;300,30,31,32,33,;400,40,41,42,43,44,45,46,47,;|lifecycle=1:7:9;|edges=1:Link:LinkedBy:Ordinary:3:1;|inverseRows=1:Link:LinkedBy:Ordinary:1:3,;|liveSize=8|liveBits=False,True,True,True,True,False,False,False,|registrations=1:foreign-provider:relation:Link:write,;
second|100,10,;200,20,21,;300,30,31,32,33,;400,40,41,42,43,44,45,46,47,;|:|events=|meta=2,5,4,8,3,88,2,0|pending=0|columnVariant=Column|columnSize=8|columnSlots=100,10,;200,20,21,;300,30,31,32,33,;400,40,41,42,43,44,45,46,47,;|lifecycle=1:7:9;|edges=|inverseRows=|liveSize=8|liveBits=False,True,True,True,True,False,False,False,|registrations=1:foreign-provider:relation:Link:write,;
