REFERENCE_PHASE {"event":"book_load.begin","elapsedMs":16}
REFERENCE_PHASE {"event":"book_load.end","elapsedMs":359}
REFERENCE_LOADED_INPUTS ["/workspace/formal-proofs/bendvy-worktrees/parity-54-boxed-scan/experiments/public-inspect/closed-owner-carrier-v1/recursive-owner-v1/stage/check-execution.bend","/workspace/formal-proofs/bendvy-worktrees/parity-54-boxed-scan/experiments/public-inspect/closed-owner-carrier-v1/recursive-owner-v1/stage/consumer-witness.bend","/workspace/formal-proofs/bendvy-worktrees/parity-54-boxed-scan/experiments/public-inspect/closed-owner-carrier-v1/recursive-owner-v1/stage/core-v1/src/ecs/capabilities.bend","/workspace/formal-proofs/bendvy-worktrees/parity-54-boxed-scan/experiments/public-inspect/closed-owner-carrier-v1/recursive-owner-v1/stage/core-v1/src/ecs/check.bend","/workspace/formal-proofs/bendvy-worktrees/parity-54-boxed-scan/experiments/public-inspect/closed-owner-carrier-v1/recursive-owner-v1/stage/core-v1/src/ecs/column.bend","/workspace/formal-proofs/bendvy-worktrees/parity-54-boxed-scan/experiments/public-inspect/closed-owner-carrier-v1/recursive-owner-v1/stage/core-v1/src/ecs/commands.bend","/workspace/formal-proofs/bendvy-worktrees/parity-54-boxed-scan/experiments/public-inspect/closed-owner-carrier-v1/recursive-owner-v1/stage/core-v1/src/ecs/component.bend","/workspace/formal-proofs/bendvy-worktrees/parity-54-boxed-scan/experiments/public-inspect/closed-owner-carrier-v1/recursive-owner-v1/stage/core-v1/src/ecs/compose.bend","/workspace/formal-proofs/bendvy-worktrees/parity-54-boxed-scan/experiments/public-inspect/closed-owner-carrier-v1/recursive-owner-v1/stage/core-v1/src/ecs/indexed-lifecycle.bend","/workspace/formal-proofs/bendvy-worktrees/parity-54-boxed-scan/experiments/public-inspect/closed-owner-carrier-v1/recursive-owner-v1/stage/core-v1/src/ecs/inspector-query-projection.bend","/workspace/formal-proofs/bendvy-worktrees/parity-54-boxed-scan/experiments/public-inspect/closed-owner-carrier-v1/recursive-owner-v1/stage/core-v1/src/ecs/inspector-query.bend","/workspace/formal-proofs/bendvy-worktrees/parity-54-boxed-scan/experiments/public-inspect/closed-owner-carrier-v1/recursive-owner-v1/stage/core-v1/src/ecs/inspector.bend","/workspace/formal-proofs/bendvy-worktrees/parity-54-boxed-scan/experiments/public-inspect/closed-owner-carrier-v1/recursive-owner-v1/stage/core-v1/src/ecs/lifecycle.bend","/workspace/formal-proofs/bendvy-worktrees/parity-54-boxed-scan/experiments/public-inspect/closed-owner-carrier-v1/recursive-owner-v1/stage/core-v1/src/ecs/owner-handoff.bend","/workspace/formal-proofs/bendvy-worktrees/parity-54-boxed-scan/experiments/public-inspect/closed-owner-carrier-v1/recursive-owner-v1/stage/core-v1/src/ecs/registration.bend","/workspace/formal-proofs/bendvy-worktrees/parity-54-boxed-scan/experiments/public-inspect/closed-owner-carrier-v1/recursive-owner-v1/stage/core-v1/src/ecs/resource.bend","/workspace/formal-proofs/bendvy-worktrees/parity-54-boxed-scan/experiments/public-inspect/closed-owner-carrier-v1/recursive-owner-v1/stage/core-v1/src/ecs/schedule.bend","/workspace/formal-proofs/bendvy-worktrees/parity-54-boxed-scan/experiments/public-inspect/closed-owner-carrier-v1/recursive-owner-v1/stage/core-v1/src/ecs/string-equality.bend","/workspace/formal-proofs/bendvy-worktrees/parity-54-boxed-scan/experiments/public-inspect/closed-owner-carrier-v1/recursive-owner-v1/stage/core-v1/src/ecs/system.bend","/workspace/formal-proofs/bendvy-worktrees/parity-54-boxed-scan/experiments/public-inspect/closed-owner-carrier-v1/recursive-owner-v1/stage/core-v1/src/ecs/transaction.bend","/workspace/formal-proofs/bendvy-worktrees/parity-54-boxed-scan/experiments/public-inspect/closed-owner-carrier-v1/recursive-owner-v1/stage/core-v1/src/ecs/world.bend","/workspace/formal-proofs/bendvy-worktrees/parity-54-boxed-scan/experiments/public-inspect/closed-owner-carrier-v1/recursive-owner-v1/stage/execution.bend","/workspace/formal-proofs/bendvy-worktrees/parity-54-boxed-scan/experiments/public-inspect/closed-owner-carrier-v1/recursive-owner-v1/stage/families.bend","/workspace/formal-proofs/bendvy-worktrees/parity-54-boxed-scan/experiments/public-inspect/closed-owner-carrier-v1/recursive-owner-v1/stage/family-witness.bend","/workspace/formal-proofs/bendvy-worktrees/parity-54-boxed-scan/experiments/public-inspect/closed-owner-carrier-v1/recursive-owner-v1/stage/five-phase-driver.bend","/workspace/formal-proofs/bendvy-worktrees/parity-54-boxed-scan/experiments/public-inspect/closed-owner-carrier-v1/recursive-owner-v1/stage/fixture.bend","/workspace/formal-proofs/bendvy-worktrees/parity-54-boxed-scan/experiments/public-inspect/closed-owner-carrier-v1/recursive-owner-v1/stage/format.bend","/workspace/formal-proofs/bendvy-worktrees/parity-54-boxed-scan/experiments/public-inspect/closed-owner-carrier-v1/recursive-owner-v1/stage/full-consumer.bend","/workspace/formal-proofs/bendvy-worktrees/parity-54-boxed-scan/experiments/public-inspect/closed-owner-carrier-v1/recursive-owner-v1/stage/gate-instrumentation.bend","/workspace/formal-proofs/bendvy-worktrees/parity-54-boxed-scan/experiments/public-inspect/closed-owner-carrier-v1/recursive-owner-v1/stage/gate-phase.bend","/workspace/formal-proofs/bendvy-worktrees/parity-54-boxed-scan/experiments/public-inspect/closed-owner-carrier-v1/recursive-owner-v1/stage/gates.bend","/workspace/formal-proofs/bendvy-worktrees/parity-54-boxed-scan/experiments/public-inspect/closed-owner-carrier-v1/recursive-owner-v1/stage/mutations.bend","/workspace/formal-proofs/bendvy-worktrees/parity-54-boxed-scan/experiments/public-inspect/closed-owner-carrier-v1/recursive-owner-v1/stage/output-adapter.bend","/workspace/formal-proofs/bendvy-worktrees/parity-54-boxed-scan/experiments/public-inspect/closed-owner-carrier-v1/recursive-owner-v1/stage/output-io-main.bend","/workspace/formal-proofs/bendvy-worktrees/parity-54-boxed-scan/experiments/public-inspect/closed-owner-carrier-v1/recursive-owner-v1/stage/owner-carrier.bend","/workspace/formal-proofs/bendvy-worktrees/parity-54-boxed-scan/experiments/public-inspect/closed-owner-carrier-v1/recursive-owner-v1/stage/owner-observer.bend","/workspace/formal-proofs/bendvy-worktrees/parity-54-boxed-scan/experiments/public-inspect/closed-owner-carrier-v1/recursive-owner-v1/stage/phase-driver.bend","/workspace/formal-proofs/bendvy-worktrees/parity-54-boxed-scan/experiments/public-inspect/closed-owner-carrier-v1/recursive-owner-v1/stage/query.bend","/workspace/formal-proofs/bendvy-worktrees/parity-54-boxed-scan/experiments/public-inspect/closed-owner-carrier-v1/recursive-owner-v1/stage/retry-driver.bend","/workspace/formal-proofs/bendvy-worktrees/parity-54-boxed-scan/experiments/public-inspect/closed-owner-carrier-v1/recursive-owner-v1/stage/runtime-declarations.bend","/workspace/formal-proofs/bendvy-worktrees/parity-54-boxed-scan/experiments/public-inspect/closed-owner-carrier-v1/recursive-owner-v1/stage/runtime-named-declarations.bend","/workspace/formal-proofs/bendvy-worktrees/parity-54-boxed-scan/experiments/public-inspect/closed-owner-carrier-v1/recursive-owner-v1/stage/runtime-owners.bend","/workspace/formal-proofs/bendvy-worktrees/parity-54-boxed-scan/experiments/public-inspect/closed-owner-carrier-v1/recursive-owner-v1/stage/schema-families.bend","/workspace/formal-proofs/bendvy-worktrees/parity-54-boxed-scan/experiments/public-inspect/closed-owner-carrier-v1/recursive-owner-v1/stage/selection.bend","/workspace/formal-proofs/bendvy-worktrees/parity-54-boxed-scan/experiments/public-inspect/closed-owner-carrier-v1/recursive-owner-v1/stage/traversal.bend","/workspace/formal-proofs/bendvy-worktrees/parity-54-boxed-scan/experiments/public-inspect/closed-owner-carrier-v1/recursive-owner-v1/stage/world-observer.bend","/workspace/formal-proofs/bendvy-worktrees/parity-54-boxed-scan/experiments/public-inspect/closed-owner-carrier-v1/schema-partition-v1/garden-reference-diagnostic-v1/base.bend"]
REFERENCE_PHASE {"event":"book_valid.begin","elapsedMs":359}
REFERENCE_PHASE {"event":"book_valid.end","elapsedMs":1460}
REFERENCE_PHASE {"event":"compile_book.begin","elapsedMs":1460}
REFERENCE_PHASE {"event":"file_book.begin","elapsedMs":1461}
REFERENCE_CHECKPOINT {"event":"type_adts","calls":1,"elapsedMs":1467,"owner":"","counters":{"type_adts":1}}
REFERENCE_CHECKPOINT {"event":"type_adts","calls":2,"elapsedMs":1467,"owner":"","counters":{"type_adts":2}}
REFERENCE_CHECKPOINT {"event":"type_adts","calls":4,"elapsedMs":1467,"owner":"","counters":{"type_adts":4}}
REFERENCE_CHECKPOINT {"event":"type_adts","calls":8,"elapsedMs":1467,"owner":"","counters":{"type_adts":8}}
REFERENCE_CHECKPOINT {"event":"fun_of","calls":1,"elapsedMs":1467,"owner":"","counters":{"type_adts":9,"fun_of":1}}
REFERENCE_CHECKPOINT {"event":"lay_of","calls":1,"elapsedMs":1468,"owner":"","counters":{"type_adts":9,"fun_of":1,"lay_of":1}}
REFERENCE_CHECKPOINT {"event":"type_adts","calls":16,"elapsedMs":1468,"owner":"","counters":{"type_adts":16,"fun_of":1,"lay_of":1}}
REFERENCE_CHECKPOINT {"event":"fun_of","calls":2,"elapsedMs":1468,"owner":"","counters":{"type_adts":18,"fun_of":2,"lay_of":1}}
REFERENCE_CHECKPOINT {"event":"lay_of","calls":2,"elapsedMs":1468,"owner":"","counters":{"type_adts":18,"fun_of":2,"lay_of":2}}
REFERENCE_CHECKPOINT {"event":"fun_of","calls":4,"elapsedMs":1469,"owner":"","counters":{"type_adts":29,"fun_of":4,"lay_of":2}}
REFERENCE_CHECKPOINT {"event":"type_adts","calls":32,"elapsedMs":1469,"owner":"","counters":{"type_adts":32,"fun_of":7,"lay_of":3}}
REFERENCE_CHECKPOINT {"event":"type_adts","calls":64,"elapsedMs":1469,"owner":"","counters":{"type_adts":64,"fun_of":7,"lay_of":3}}
REFERENCE_CHECKPOINT {"event":"type_adts","calls":128,"elapsedMs":1469,"owner":"","counters":{"type_adts":128,"fun_of":7,"lay_of":3}}
REFERENCE_CHECKPOINT {"event":"fun_of","calls":8,"elapsedMs":1469,"owner":"","counters":{"type_adts":138,"fun_of":8,"lay_of":3}}
REFERENCE_CHECKPOINT {"event":"lay_of","calls":4,"elapsedMs":1469,"owner":"","counters":{"type_adts":139,"fun_of":9,"lay_of":4}}
REFERENCE_CHECKPOINT {"event":"fun_of","calls":16,"elapsedMs":1469,"owner":"","counters":{"type_adts":151,"fun_of":16,"lay_of":6}}
REFERENCE_CHECKPOINT {"event":"lay_of","calls":8,"elapsedMs":1470,"owner":"","counters":{"type_adts":152,"fun_of":17,"lay_of":8}}
REFERENCE_CHECKPOINT {"event":"lay_of","calls":16,"elapsedMs":1474,"owner":"","counters":{"type_adts":152,"fun_of":17,"lay_of":16}}
REFERENCE_CHECKPOINT {"event":"lay_of","calls":32,"elapsedMs":1475,"owner":"","counters":{"type_adts":152,"fun_of":17,"lay_of":32}}
REFERENCE_CHECKPOINT {"event":"lay_of","calls":64,"elapsedMs":1476,"owner":"","counters":{"type_adts":152,"fun_of":17,"lay_of":64}}
REFERENCE_CHECKPOINT {"event":"fun_of","calls":32,"elapsedMs":1476,"owner":"","counters":{"type_adts":172,"fun_of":32,"lay_of":83}}
REFERENCE_CHECKPOINT {"event":"lay_of","calls":128,"elapsedMs":1477,"owner":"","counters":{"type_adts":192,"fun_of":45,"lay_of":128}}
REFERENCE_CHECKPOINT {"event":"type_adts","calls":256,"elapsedMs":1477,"owner":"","counters":{"type_adts":256,"fun_of":61,"lay_of":159}}
REFERENCE_CHECKPOINT {"event":"fun_of","calls":64,"elapsedMs":1478,"owner":"","counters":{"type_adts":291,"fun_of":64,"lay_of":159}}
REFERENCE_CHECKPOINT {"event":"type_adts","calls":512,"elapsedMs":1478,"owner":"","counters":{"type_adts":512,"fun_of":66,"lay_of":159}}
REFERENCE_CHECKPOINT {"event":"fun_of","calls":128,"elapsedMs":1479,"owner":"","counters":{"type_adts":863,"fun_of":128,"lay_of":178}}
REFERENCE_CHECKPOINT {"event":"type_adts","calls":1024,"elapsedMs":1479,"owner":"","counters":{"type_adts":1024,"fun_of":150,"lay_of":190}}
REFERENCE_CHECKPOINT {"event":"fun_of","calls":256,"elapsedMs":1482,"owner":"","counters":{"type_adts":2015,"fun_of":256,"lay_of":231}}
REFERENCE_CHECKPOINT {"event":"type_adts","calls":2048,"elapsedMs":1483,"owner":"","counters":{"type_adts":2048,"fun_of":256,"lay_of":231}}
REFERENCE_CHECKPOINT {"event":"lay_of","calls":256,"elapsedMs":1485,"owner":"","counters":{"type_adts":2724,"fun_of":265,"lay_of":256}}
REFERENCE_CHECKPOINT {"event":"type_adts","calls":4096,"elapsedMs":1494,"owner":"","counters":{"type_adts":4096,"fun_of":402,"lay_of":321}}
REFERENCE_CHECKPOINT {"event":"fun_of","calls":512,"elapsedMs":1499,"owner":"","counters":{"type_adts":5294,"fun_of":512,"lay_of":378}}
REFERENCE_CHECKPOINT {"event":"type_adts","calls":8192,"elapsedMs":1507,"owner":"","counters":{"type_adts":8192,"fun_of":761,"lay_of":422}}
REFERENCE_CHECKPOINT {"event":"fun_of","calls":1024,"elapsedMs":1522,"owner":"","counters":{"type_adts":11583,"fun_of":1024,"lay_of":482}}
REFERENCE_CHECKPOINT {"event":"lay_of","calls":512,"elapsedMs":1524,"owner":"","counters":{"type_adts":13400,"fun_of":1216,"lay_of":512}}
REFERENCE_CHECKPOINT {"event":"type_adts","calls":16384,"elapsedMs":1537,"owner":"","counters":{"type_adts":16384,"fun_of":1481,"lay_of":622}}
REFERENCE_CHECKPOINT {"event":"fun_of","calls":2048,"elapsedMs":1576,"owner":"","counters":{"type_adts":25357,"fun_of":2048,"lay_of":794}}
REFERENCE_CHECKPOINT {"event":"lay_of","calls":1024,"elapsedMs":1592,"owner":"","counters":{"type_adts":32030,"fun_of":2530,"lay_of":1024}}
REFERENCE_CHECKPOINT {"event":"type_adts","calls":32768,"elapsedMs":1592,"owner":"","counters":{"type_adts":32768,"fun_of":2589,"lay_of":1030}}
REFERENCE_CHECKPOINT {"event":"fun_of","calls":4096,"elapsedMs":1641,"owner":"","counters":{"type_adts":58517,"fun_of":4096,"lay_of":1467}}
REFERENCE_CHECKPOINT {"event":"type_adts","calls":65536,"elapsedMs":1651,"owner":"","counters":{"type_adts":65536,"fun_of":4345,"lay_of":1563}}
REFERENCE_CHECKPOINT {"event":"lay_of","calls":2048,"elapsedMs":1692,"owner":"","counters":{"type_adts":93749,"fun_of":5058,"lay_of":2048}}
REFERENCE_CHECKPOINT {"event":"type_adts","calls":131072,"elapsedMs":1733,"owner":"","counters":{"type_adts":131072,"fun_of":6134,"lay_of":2799}}
REFERENCE_CHECKPOINT {"event":"fun_of","calls":8192,"elapsedMs":1814,"owner":"","counters":{"type_adts":175369,"fun_of":8192,"lay_of":3955}}
REFERENCE_CHECKPOINT {"event":"lay_of","calls":4096,"elapsedMs":1829,"owner":"","counters":{"type_adts":180564,"fun_of":8460,"lay_of":4096}}
REFERENCE_CHECKPOINT {"event":"type_adts","calls":262144,"elapsedMs":1957,"owner":"","counters":{"type_adts":262144,"fun_of":10868,"lay_of":5834}}
REFERENCE_CHECKPOINT {"event":"fun_of","calls":16384,"elapsedMs":2047,"owner":"","counters":{"type_adts":342770,"fun_of":16384,"lay_of":7584}}
REFERENCE_CHECKPOINT {"event":"lay_of","calls":8192,"elapsedMs":2089,"owner":"","counters":{"type_adts":375435,"fun_of":18721,"lay_of":8192}}
REFERENCE_CHECKPOINT {"event":"type_adts","calls":524288,"elapsedMs":2257,"owner":"","counters":{"type_adts":524288,"fun_of":23993,"lay_of":9605}}
REFERENCE_CHECKPOINT {"event":"fun_of","calls":32768,"elapsedMs":2612,"owner":"","counters":{"type_adts":757183,"fun_of":32768,"lay_of":13811}}
REFERENCE_CHECKPOINT {"event":"lay_of","calls":16384,"elapsedMs":3005,"owner":"","counters":{"type_adts":932617,"fun_of":39149,"lay_of":16384}}
REFERENCE_CHECKPOINT {"event":"type_adts","calls":1048576,"elapsedMs":3100,"owner":"","counters":{"type_adts":1048576,"fun_of":42581,"lay_of":18009}}
REFERENCE_PHASE {"event":"file_book.end","elapsedMs":3414,"counters":{"type_adts":1369496,"fun_of":52546,"lay_of":22436}}
REFERENCE_PHASE {"event":"emit_iteration.begin","elapsedMs":3415,"facts":0,"counters":{"type_adts":1369496,"fun_of":52546,"lay_of":22436}}
REFERENCE_CHECKPOINT {"event":"emit_body","calls":1,"elapsedMs":3418,"owner":"families:check_matches~32","counters":{"type_adts":1369496,"fun_of":52549,"lay_of":22436,"emit_body":1}}
REFERENCE_CHECKPOINT {"event":"val_to","calls":1,"elapsedMs":3419,"owner":"families:check_matches~32","counters":{"type_adts":1369496,"fun_of":52549,"lay_of":22486,"emit_body":1,"val_to":1}}
REFERENCE_CHECKPOINT {"event":"lay_eq","calls":1,"elapsedMs":3419,"owner":"families:check_matches~32","counters":{"type_adts":1369496,"fun_of":52549,"lay_of":22486,"emit_body":1,"val_to":1,"lay_eq":1}}
REFERENCE_CHECKPOINT {"event":"lay_eq","calls":2,"elapsedMs":3419,"owner":"families:check_matches~32","counters":{"type_adts":1369496,"fun_of":52549,"lay_of":22486,"emit_body":1,"val_to":1,"lay_eq":2}}
REFERENCE_CHECKPOINT {"event":"lay_eq","calls":4,"elapsedMs":3419,"owner":"families:check_matches~32","counters":{"type_adts":1369496,"fun_of":52549,"lay_of":22486,"emit_body":1,"val_to":1,"lay_eq":4}}
REFERENCE_CHECKPOINT {"event":"lay_eq","calls":8,"elapsedMs":3419,"owner":"families:check_matches~32","counters":{"type_adts":1369496,"fun_of":52549,"lay_of":22486,"emit_body":1,"val_to":1,"lay_eq":8}}
REFERENCE_CHECKPOINT {"event":"lay_eq","calls":16,"elapsedMs":3419,"owner":"families:check_matches~32","counters":{"type_adts":1369496,"fun_of":52549,"lay_of":22486,"emit_body":1,"val_to":1,"lay_eq":16}}
REFERENCE_CHECKPOINT {"event":"lay_eq","calls":32,"elapsedMs":3419,"owner":"families:check_matches~32","counters":{"type_adts":1369496,"fun_of":52549,"lay_of":22486,"emit_body":1,"val_to":1,"lay_eq":32}}
REFERENCE_CHECKPOINT {"event":"emit_body","calls":2,"elapsedMs":3419,"owner":"families:check_matches~32","counters":{"type_adts":1369496,"fun_of":52552,"lay_of":22487,"emit_body":2,"val_to":1,"lay_eq":50}}
REFERENCE_CHECKPOINT {"event":"val_to","calls":2,"elapsedMs":3419,"owner":"families:check_matches~32","counters":{"type_adts":1369496,"fun_of":52552,"lay_of":22490,"emit_body":2,"val_to":2,"lay_eq":50}}
REFERENCE_CHECKPOINT {"event":"emit_fuse","calls":1,"elapsedMs":3420,"owner":"families:check_matches~32","counters":{"type_adts":1369496,"fun_of":52558,"lay_of":22491,"emit_body":3,"val_to":2,"lay_eq":53,"emit_fuse":1}}
REFERENCE_CHECKPOINT {"event":"emit_fuse","calls":2,"elapsedMs":3420,"owner":"families:check_matches~32","counters":{"type_adts":1369496,"fun_of":52564,"lay_of":22491,"emit_body":3,"val_to":2,"lay_eq":53,"emit_fuse":2}}
REFERENCE_CHECKPOINT {"event":"val_to","calls":4,"elapsedMs":3421,"owner":"families:check_matches~32","counters":{"type_adts":1369496,"fun_of":52567,"lay_of":22491,"emit_body":3,"val_to":4,"lay_eq":54,"emit_fuse":2}}
REFERENCE_CHECKPOINT {"event":"emit_body","calls":4,"elapsedMs":3421,"owner":"families:check_matches~32","counters":{"type_adts":1369496,"fun_of":52569,"lay_of":22491,"emit_body":4,"val_to":4,"lay_eq":55,"emit_fuse":2}}
REFERENCE_CHECKPOINT {"event":"lay_eq","calls":64,"elapsedMs":3421,"owner":"families:check_matches~32","counters":{"type_adts":1369496,"fun_of":52569,"lay_of":22492,"emit_body":4,"val_to":5,"lay_eq":64,"emit_fuse":2}}
REFERENCE_CHECKPOINT {"event":"lay_eq","calls":128,"elapsedMs":3421,"owner":"families:check_matches~32","counters":{"type_adts":1369496,"fun_of":52569,"lay_of":22493,"emit_body":5,"val_to":6,"lay_eq":128,"emit_fuse":2}}
REFERENCE_CHECKPOINT {"event":"emit_fuse","calls":4,"elapsedMs":3422,"owner":"families:check_matches~32","counters":{"type_adts":1369496,"fun_of":52584,"lay_of":22496,"emit_body":7,"val_to":7,"lay_eq":157,"emit_fuse":4}}
REFERENCE_CHECKPOINT {"event":"val_to","calls":8,"elapsedMs":3422,"owner":"families:check_matches~32","counters":{"type_adts":1369496,"fun_of":52591,"lay_of":22496,"emit_body":7,"val_to":8,"lay_eq":157,"emit_fuse":5}}
REFERENCE_CHECKPOINT {"event":"emit_body","calls":8,"elapsedMs":3422,"owner":"families:check_matches~32","counters":{"type_adts":1369496,"fun_of":52593,"lay_of":22496,"emit_body":8,"val_to":9,"lay_eq":159,"emit_fuse":5}}
REFERENCE_CHECKPOINT {"event":"lay_eq","calls":256,"elapsedMs":3422,"owner":"families:check_matches~32","counters":{"type_adts":1369496,"fun_of":52610,"lay_of":22501,"emit_body":11,"val_to":14,"lay_eq":256,"emit_fuse":7}}
REFERENCE_CHECKPOINT {"event":"val_to","calls":16,"elapsedMs":3422,"owner":"families:check_matches~32","counters":{"type_adts":1369496,"fun_of":52612,"lay_of":22504,"emit_body":13,"val_to":16,"lay_eq":263,"emit_fuse":7}}
REFERENCE_CHECKPOINT {"event":"emit_body","calls":16,"elapsedMs":3422,"owner":"families:check_matches~32","counters":{"type_adts":1369496,"fun_of":52612,"lay_of":22509,"emit_body":16,"val_to":18,"lay_eq":266,"emit_fuse":7}}
REFERENCE_CHECKPOINT {"event":"val_to","calls":32,"elapsedMs":3423,"owner":"families:check_matches~32","counters":{"type_adts":1369496,"fun_of":52616,"lay_of":22532,"emit_body":28,"val_to":32,"lay_eq":316,"emit_fuse":7}}
REFERENCE_CHECKPOINT {"event":"emit_fuse","calls":8,"elapsedMs":3423,"owner":"families:check_matches~32","counters":{"type_adts":1369496,"fun_of":52619,"lay_of":22532,"emit_body":28,"val_to":43,"lay_eq":328,"emit_fuse":8}}
REFERENCE_CHECKPOINT {"event":"emit_body","calls":32,"elapsedMs":3424,"owner":"families:check_matches~32","counters":{"type_adts":1369496,"fun_of":52636,"lay_of":22544,"emit_body":32,"val_to":54,"lay_eq":339,"emit_fuse":9}}
REFERENCE_CHECKPOINT {"event":"val_to","calls":64,"elapsedMs":3424,"owner":"families:check_matches~32","counters":{"type_adts":1369496,"fun_of":52636,"lay_of":22546,"emit_body":33,"val_to":64,"lay_eq":348,"emit_fuse":9}}
REFERENCE_CHECKPOINT {"event":"lay_eq","calls":512,"elapsedMs":3425,"owner":"families:check_matches~32","counters":{"type_adts":1369496,"fun_of":52648,"lay_of":22561,"emit_body":43,"val_to":80,"lay_eq":512,"emit_fuse":10}}
REFERENCE_CHECKPOINT {"event":"emit_body","calls":64,"elapsedMs":3426,"owner":"families:check_matches~32","counters":{"type_adts":1369496,"fun_of":52669,"lay_of":22606,"emit_body":64,"val_to":112,"lay_eq":588,"emit_fuse":11}}
REFERENCE_CHECKPOINT {"event":"val_to","calls":128,"elapsedMs":3427,"owner":"families:check_matches~32","counters":{"type_adts":1369496,"fun_of":52669,"lay_of":22630,"emit_body":76,"val_to":128,"lay_eq":638,"emit_fuse":11}}
REFERENCE_CHECKPOINT {"event":"emit_fuse","calls":16,"elapsedMs":3432,"owner":"families:check_matches~32","counters":{"type_adts":1369496,"fun_of":52724,"lay_of":22711,"emit_body":112,"val_to":192,"lay_eq":909,"emit_fuse":16}}
REFERENCE_CHECKPOINT {"event":"emit_body","calls":128,"elapsedMs":3434,"owner":"families:check_matches~32","counters":{"type_adts":1369496,"fun_of":52780,"lay_of":22751,"emit_body":128,"val_to":226,"lay_eq":952,"emit_fuse":21}}
REFERENCE_CHECKPOINT {"event":"val_to","calls":256,"elapsedMs":3436,"owner":"families:check_matches~32","counters":{"type_adts":1369496,"fun_of":52811,"lay_of":22776,"emit_body":138,"val_to":256,"lay_eq":989,"emit_fuse":24}}
REFERENCE_CHECKPOINT {"event":"lay_eq","calls":1024,"elapsedMs":3436,"owner":"families:check_matches~32","counters":{"type_adts":1369496,"fun_of":52825,"lay_of":22793,"emit_body":146,"val_to":283,"lay_eq":1024,"emit_fuse":25}}
REFERENCE_CHECKPOINT {"event":"emit_fuse","calls":32,"elapsedMs":3439,"owner":"families:check_matches~32","counters":{"type_adts":1369496,"fun_of":52913,"lay_of":22887,"emit_body":195,"val_to":401,"lay_eq":1174,"emit_fuse":32}}
REFERENCE_CHECKPOINT {"event":"val_to","calls":512,"elapsedMs":3440,"owner":"families:check_matches~32","counters":{"type_adts":1369496,"fun_of":53033,"lay_of":22975,"emit_body":243,"val_to":512,"lay_eq":1293,"emit_fuse":40}}
REFERENCE_CHECKPOINT {"event":"emit_body","calls":256,"elapsedMs":3441,"owner":"families:check_matches~32","counters":{"type_adts":1369496,"fun_of":53052,"lay_of":23000,"emit_body":256,"val_to":543,"lay_eq":1337,"emit_fuse":41}}
REFERENCE_CHECKPOINT {"event":"emit_fuse","calls":64,"elapsedMs":3445,"owner":"families:check_matches~32","counters":{"type_adts":1369496,"fun_of":53293,"lay_of":23159,"emit_body":347,"val_to":760,"lay_eq":1649,"emit_fuse":64}}
REFERENCE_CHECKPOINT {"event":"val_to","calls":1024,"elapsedMs":3451,"owner":"families:check_matches~32","counters":{"type_adts":1369496,"fun_of":53480,"lay_of":23324,"emit_body":435,"val_to":1024,"lay_eq":1962,"emit_fuse":80}}
REFERENCE_CHECKPOINT {"event":"lay_eq","calls":2048,"elapsedMs":3452,"owner":"families:check_matches~32","counters":{"type_adts":1369496,"fun_of":53507,"lay_of":23347,"emit_body":452,"val_to":1103,"lay_eq":2048,"emit_fuse":80}}
REFERENCE_CHECKPOINT {"event":"emit_body","calls":512,"elapsedMs":3454,"owner":"families:check_matches~32","counters":{"type_adts":1369496,"fun_of":53626,"lay_of":23450,"emit_body":512,"val_to":1301,"lay_eq":2265,"emit_fuse":90}}
REFERENCE_CHECKPOINT {"event":"emit_fuse","calls":128,"elapsedMs":3463,"owner":"families:check_matches~32","counters":{"type_adts":1369496,"fun_of":54113,"lay_of":23794,"emit_body":727,"val_to":2029,"lay_eq":3101,"emit_fuse":128}}
REFERENCE_CHECKPOINT {"event":"val_to","calls":2048,"elapsedMs":3464,"owner":"families:check_matches~32","counters":{"type_adts":1369496,"fun_of":54125,"lay_of":23806,"emit_body":737,"val_to":2048,"lay_eq":3158,"emit_fuse":129}}
REFERENCE_CHECKPOINT {"event":"lay_eq","calls":4096,"elapsedMs":3474,"owner":"families:check_matches~19","counters":{"type_adts":1369496,"fun_of":54263,"lay_of":24053,"emit_body":855,"val_to":2287,"lay_eq":4096,"emit_fuse":141}}
REFERENCE_CHECKPOINT {"event":"emit_body","calls":1024,"elapsedMs":3500,"owner":"families:check_matches~19","counters":{"type_adts":1369496,"fun_of":54626,"lay_of":24360,"emit_body":1024,"val_to":2668,"lay_eq":4717,"emit_fuse":170}}
REFERENCE_CHECKPOINT {"event":"val_to","calls":4096,"elapsedMs":3532,"owner":"families:check_matches~19","counters":{"type_adts":1369496,"fun_of":55661,"lay_of":25129,"emit_body":1492,"val_to":4096,"lay_eq":6400,"emit_fuse":255}}
REFERENCE_CHECKPOINT {"event":"emit_fuse","calls":256,"elapsedMs":3532,"owner":"families:check_matches~19","counters":{"type_adts":1369496,"fun_of":55676,"lay_of":25134,"emit_body":1495,"val_to":4114,"lay_eq":6419,"emit_fuse":256}}
REFERENCE_CHECKPOINT {"event":"lay_eq","calls":8192,"elapsedMs":3544,"owner":"families:check_slot~19","counters":{"type_adts":1369496,"fun_of":56308,"lay_of":25701,"emit_body":1808,"val_to":5028,"lay_eq":8192,"emit_fuse":311}}
REFERENCE_CHECKPOINT {"event":"emit_body","calls":2048,"elapsedMs":3559,"owner":"families:check_slot~13","counters":{"type_adts":1369496,"fun_of":56847,"lay_of":26103,"emit_body":2048,"val_to":5774,"lay_eq":9693,"emit_fuse":358}}
REFERENCE_CHECKPOINT {"event":"val_to","calls":8192,"elapsedMs":3587,"owner":"families:check_presence~14","counters":{"type_adts":1369496,"fun_of":58548,"lay_of":27370,"emit_body":2820,"val_to":8192,"lay_eq":13902,"emit_fuse":503}}
REFERENCE_CHECKPOINT {"event":"emit_fuse","calls":512,"elapsedMs":3588,"owner":"families:check_presence~14","counters":{"type_adts":1369496,"fun_of":58644,"lay_of":27432,"emit_body":2858,"val_to":8309,"lay_eq":14037,"emit_fuse":512}}
REFERENCE_CHECKPOINT {"event":"lay_eq","calls":16384,"elapsedMs":3616,"owner":"families:check_presence~10","counters":{"type_adts":1369496,"fun_of":59308,"lay_of":27910,"emit_body":3166,"val_to":9578,"lay_eq":16384,"emit_fuse":566}}
REFERENCE_CHECKPOINT {"event":"emit_body","calls":4096,"elapsedMs":3656,"owner":"selection:pair_project_target~24","counters":{"type_adts":1369496,"fun_of":61555,"lay_of":29364,"emit_body":4096,"val_to":13732,"lay_eq":25036,"emit_fuse":760}}
REFERENCE_CHECKPOINT {"event":"val_to","calls":16384,"elapsedMs":3676,"owner":"families:check_read~10","counters":{"type_adts":1369496,"fun_of":62481,"lay_of":29785,"emit_body":4414,"val_to":16384,"lay_eq":32299,"emit_fuse":844}}
REFERENCE_CHECKPOINT {"event":"lay_eq","calls":32768,"elapsedMs":3677,"owner":"selection:predicate_both~38","counters":{"type_adts":1369496,"fun_of":62555,"lay_of":29841,"emit_body":4452,"val_to":16525,"lay_eq":32768,"emit_fuse":852}}
REFERENCE_CHECKPOINT {"event":"emit_fuse","calls":1024,"elapsedMs":3726,"owner":"selection:pair_matches~15","counters":{"type_adts":1369496,"fun_of":64298,"lay_of":30702,"emit_body":5106,"val_to":21923,"lay_eq":47846,"emit_fuse":1024}}
REFERENCE_CHECKPOINT {"event":"fun_of","calls":65536,"elapsedMs":3756,"owner":"families:check_presence~13","counters":{"type_adts":1369496,"fun_of":65536,"lay_of":31500,"emit_body":5666,"val_to":25745,"lay_eq":58008,"emit_fuse":1144}}
REFERENCE_CHECKPOINT {"event":"lay_of","calls":32768,"elapsedMs":3782,"owner":"selection:pair~23","counters":{"type_adts":1369496,"fun_of":67324,"lay_of":32768,"emit_body":6475,"val_to":29088,"lay_eq":64295,"emit_fuse":1292}}
REFERENCE_CHECKPOINT {"event":"lay_eq","calls":65536,"elapsedMs":3786,"owner":"selection:pair~23","counters":{"type_adts":1369496,"fun_of":67424,"lay_of":32843,"emit_body":6533,"val_to":29540,"lay_eq":65536,"emit_fuse":1308}}
REFERENCE_CHECKPOINT {"event":"val_to","calls":32768,"elapsedMs":3835,"owner":"families:check_presence~9","counters":{"type_adts":1369496,"fun_of":69252,"lay_of":34097,"emit_body":7330,"val_to":32768,"lay_eq":71699,"emit_fuse":1465}}
REFERENCE_CHECKPOINT {"event":"emit_body","calls":8192,"elapsedMs":3887,"owner":"families:check_matches~33","counters":{"type_adts":1369496,"fun_of":71271,"lay_of":35462,"emit_body":8192,"val_to":36093,"lay_eq":78483,"emit_fuse":1635}}
REFERENCE_CHECKPOINT {"event":"emit_fuse","calls":2048,"elapsedMs":3971,"owner":"selection:pair_project_target~21","counters":{"type_adts":1369496,"fun_of":75805,"lay_of":38300,"emit_body":10059,"val_to":45942,"lay_eq":100809,"emit_fuse":2048}}
REFERENCE_CHECKPOINT {"event":"lay_eq","calls":131072,"elapsedMs":4065,"owner":"selection:pair_matches~30","counters":{"type_adts":1369496,"fun_of":79709,"lay_of":40563,"emit_body":11670,"val_to":57640,"lay_eq":131072,"emit_fuse":2449}}
REFERENCE_CHECKPOINT {"event":"val_to","calls":65536,"elapsedMs":4117,"owner":"selection:pair_project~13","counters":{"type_adts":1369496,"fun_of":82112,"lay_of":41919,"emit_body":12674,"val_to":65536,"lay_eq":152751,"emit_fuse":2696}}
REFERENCE_CHECKPOINT {"event":"emit_body","calls":16384,"elapsedMs":4309,"owner":"selection:pair_project_target~34","counters":{"type_adts":1369496,"fun_of":89647,"lay_of":47214,"emit_body":16384,"val_to":88522,"lay_eq":212117,"emit_fuse":3475}}
REFERENCE_CHECKPOINT {"event":"emit_fuse","calls":4096,"elapsedMs":4476,"owner":"selection:pair_matches_target~21","counters":{"type_adts":1369496,"fun_of":95533,"lay_of":51373,"emit_body":19260,"val_to":106967,"lay_eq":257617,"emit_fuse":4096}}
REFERENCE_CHECKPOINT {"event":"lay_eq","calls":262144,"elapsedMs":4491,"owner":"selection:pair_matches_target~21","counters":{"type_adts":1369496,"fun_of":95901,"lay_of":51634,"emit_body":19454,"val_to":108699,"lay_eq":262144,"emit_fuse":4148}}
REFERENCE_CHECKPOINT {"event":"val_to","calls":131072,"elapsedMs":4675,"owner":"selection:pair_project~26","counters":{"type_adts":1369496,"fun_of":103220,"lay_of":56547,"emit_body":22835,"val_to":131072,"lay_eq":317835,"emit_fuse":4916}}
REFERENCE_CHECKPOINT {"event":"lay_of","calls":65536,"elapsedMs":5023,"owner":"selection:pair~21","counters":{"type_adts":1369496,"fun_of":117086,"lay_of":65536,"emit_body":29071,"val_to":173400,"lay_eq":425194,"emit_fuse":6370}}
REFERENCE_CHECKPOINT {"event":"emit_body","calls":32768,"elapsedMs":5212,"owner":"selection:pair_project_target~31","counters":{"type_adts":1369496,"fun_of":124847,"lay_of":70700,"emit_body":32768,"val_to":202440,"lay_eq":501100,"emit_fuse":7287}}
REFERENCE_CHECKPOINT {"event":"lay_eq","calls":524288,"elapsedMs":5306,"owner":"selection:pair_matches_target~24","counters":{"type_adts":1369496,"fun_of":126858,"lay_of":72072,"emit_body":33758,"val_to":211239,"lay_eq":524288,"emit_fuse":7547}}
REFERENCE_CHECKPOINT {"event":"fun_of","calls":131072,"elapsedMs":5407,"owner":"selection:pair_project_target~23","counters":{"type_adts":1369496,"fun_of":131072,"lay_of":74636,"emit_body":35541,"val_to":223705,"lay_eq":556326,"emit_fuse":7964}}
REFERENCE_CHECKPOINT {"event":"emit_fuse","calls":8192,"elapsedMs":5442,"owner":"selection:pair_matches_target~20","counters":{"type_adts":1369496,"fun_of":132590,"lay_of":75806,"emit_body":36401,"val_to":231257,"lay_eq":576302,"emit_fuse":8192}}
REFERENCE_CHECKPOINT {"event":"val_to","calls":262144,"elapsedMs":5644,"owner":"selection:pair_matches~32","counters":{"type_adts":1369496,"fun_of":140895,"lay_of":81113,"emit_body":40221,"val_to":262144,"lay_eq":657939,"emit_fuse":9178}}
REFERENCE_CHECKPOINT {"event":"lay_eq","calls":1048576,"elapsedMs":6574,"owner":"selection:constrained~14","counters":{"type_adts":1369496,"fun_of":174454,"lay_of":105034,"emit_body":57573,"val_to":409780,"lay_eq":1048576,"emit_fuse":13679}}
REFERENCE_CHECKPOINT {"event":"emit_body","calls":65536,"elapsedMs":7373,"owner":"selection:pair_matches_target~56","counters":{"type_adts":1369496,"fun_of":189952,"lay_of":116008,"emit_body":65536,"val_to":476325,"lay_eq":1225244,"emit_fuse":15710}}
REFERENCE_CHECKPOINT {"event":"emit_fuse","calls":16384,"elapsedMs":7494,"owner":"selection:constrain~16","counters":{"type_adts":1369496,"fun_of":194897,"lay_of":119548,"emit_body":68159,"val_to":498508,"lay_eq":1284351,"emit_fuse":16384}}
REFERENCE_CHECKPOINT {"event":"val_to","calls":524288,"elapsedMs":7701,"owner":"selection:constrain~14","counters":{"type_adts":1369496,"fun_of":199927,"lay_of":123629,"emit_body":71120,"val_to":524288,"lay_eq":1352628,"emit_fuse":17160}}
REFERENCE_CHECKPOINT {"event":"lay_of","calls":131072,"elapsedMs":8153,"owner":"selection:constrain~6","counters":{"type_adts":1369496,"fun_of":210189,"lay_of":131072,"emit_body":76555,"val_to":570472,"lay_eq":1475363,"emit_fuse":18540}}
REFERENCE_CHECKPOINT {"event":"lay_eq","calls":1722368,"elapsedMs":10158,"owner":"selection:map_project~11","counters":{"type_adts":1369496,"fun_of":229881,"lay_of":145834,"emit_body":87359,"val_to":663320,"lay_eq":1722368,"emit_fuse":21335}}
REFERENCE_CHECKPOINT {"event":"lay_eq","calls":2097152,"elapsedMs":11206,"owner":"selection:map_project~1","counters":{"type_adts":1369496,"fun_of":259164,"lay_of":168241,"emit_body":103693,"val_to":804478,"lay_eq":2097152,"emit_fuse":25578}}
REFERENCE_CHECKPOINT {"event":"fun_of","calls":262144,"elapsedMs":11309,"owner":"runtime-declarations:check_optionalFour~0","counters":{"type_adts":1369496,"fun_of":262144,"lay_of":170760,"emit_body":105504,"val_to":820919,"lay_eq":2139971,"emit_fuse":26025}}
REFERENCE_CHECKPOINT {"event":"emit_body","calls":131072,"elapsedMs":12609,"owner":"selection:map~1","counters":{"type_adts":1369496,"fun_of":306584,"lay_of":205762,"emit_body":131072,"val_to":1042948,"lay_eq":2729008,"emit_fuse":32686}}
REFERENCE_CHECKPOINT {"event":"emit_fuse","calls":32768,"elapsedMs":12621,"owner":"selection:map~1","counters":{"type_adts":1369496,"fun_of":307096,"lay_of":206211,"emit_body":131400,"val_to":1045783,"lay_eq":2736520,"emit_fuse":32768}}
REFERENCE_CHECKPOINT {"event":"val_to","calls":1048576,"elapsedMs":12632,"owner":"selection:map~1","counters":{"type_adts":1369496,"fun_of":307574,"lay_of":206641,"emit_body":131709,"val_to":1048576,"lay_eq":2743829,"emit_fuse":32844}}
REFERENCE_CHECKPOINT {"event":"lay_eq","calls":3592192,"elapsedMs":14633,"owner":"owner-carrier:check_target~27","counters":{"type_adts":1369496,"fun_of":373064,"lay_of":256762,"emit_body":168428,"val_to":1368528,"lay_eq":3592192,"emit_fuse":42311}}
REFERENCE_CHECKPOINT {"event":"lay_of","calls":262144,"elapsedMs":14927,"owner":"owner-carrier:check_target~26","counters":{"type_adts":1369496,"fun_of":379451,"lay_of":262144,"emit_body":172377,"val_to":1403207,"lay_eq":3684044,"emit_fuse":43358}}
REFERENCE_CHECKPOINT {"event":"lay_eq","calls":4194304,"elapsedMs":16156,"owner":"owner-carrier:check_target~8","counters":{"type_adts":1369496,"fun_of":418116,"lay_of":292652,"emit_body":194621,"val_to":1596163,"lay_eq":4194304,"emit_fuse":49078}}
REFERENCE_CHECKPOINT {"event":"val_to","calls":1842176,"elapsedMs":18173,"owner":"query:lookup_matched~16","counters":{"type_adts":1369496,"fun_of":467610,"lay_of":331546,"emit_body":223154,"val_to":1842176,"lay_eq":4842255,"emit_fuse":56432}}
REFERENCE_CHECKPOINT {"event":"val_to","calls":2097152,"elapsedMs":19927,"owner":"query:scan_matched~16","counters":{"type_adts":1369496,"fun_of":513159,"lay_of":370996,"emit_body":252071,"val_to":2097152,"lay_eq":5515541,"emit_fuse":64085}}
REFERENCE_CHECKPOINT {"event":"emit_fuse","calls":65536,"elapsedMs":20342,"owner":"query:lookup_matched~15","counters":{"type_adts":1369496,"fun_of":521938,"lay_of":378481,"emit_body":257537,"val_to":2145003,"lay_eq":5642056,"emit_fuse":65536}}
REFERENCE_CHECKPOINT {"event":"fun_of","calls":524288,"elapsedMs":20422,"owner":"query:lookup_matched~15","counters":{"type_adts":1369496,"fun_of":524288,"lay_of":380481,"emit_body":258980,"val_to":2157499,"lay_eq":5675352,"emit_fuse":65927}}
REFERENCE_CHECKPOINT {"event":"emit_body","calls":262144,"elapsedMs":20597,"owner":"query:lookup_matched~15","counters":{"type_adts":1369496,"fun_of":529424,"lay_of":384856,"emit_body":262144,"val_to":2184837,"lay_eq":5748218,"emit_fuse":66787}}
REFERENCE_CHECKPOINT {"event":"lay_eq","calls":6417408,"elapsedMs":22626,"owner":"selection:pair~45","counters":{"type_adts":1369496,"fun_of":577173,"lay_of":424823,"emit_body":291013,"val_to":2439576,"lay_eq":6417408,"emit_fuse":74204}}
REFERENCE_CHECKPOINT {"event":"lay_eq","calls":6456320,"elapsedMs":24635,"owner":"owner-carrier:check_selection~8","counters":{"type_adts":1369496,"fun_of":580364,"lay_of":427122,"emit_body":292709,"val_to":2454729,"lay_eq":6456320,"emit_fuse":74638}}
file:///workspace/formal-proofs/bendvy-worktrees/parity-54-boxed-scan/experiments/public-inspect/closed-owner-carrier-v1/recursive-owner-v1/cpu-profile-v1/profile-budget.mjs:6
export function checkBudget() { if (Date.now() >= deadline) throw new DiagnosticAbort(); }
                                                                  ^

DiagnosticAbort: cooperative profiling cutoff
    at checkBudget (file:///workspace/formal-proofs/bendvy-worktrees/parity-54-boxed-scan/experiments/public-inspect/closed-owner-carrier-v1/recursive-owner-v1/cpu-profile-v1/profile-budget.mjs:6:67)
    at diagnostic_watch (file:///workspace/formal-proofs/bendvy-worktrees/parity-54-boxed-scan/experiments/public-inspect/closed-owner-carrier-v1/recursive-owner-v1/layout-followup-v1/comparator-v1/comp.ts:922:5)
    at val_to (file:///workspace/formal-proofs/bendvy-worktrees/parity-54-boxed-scan/experiments/public-inspect/closed-owner-carrier-v1/recursive-owner-v1/layout-followup-v1/comparator-v1/comp.ts:1691:3)
    at file:///workspace/formal-proofs/bendvy-worktrees/parity-54-boxed-scan/experiments/public-inspect/closed-owner-carrier-v1/recursive-owner-v1/layout-followup-v1/comparator-v1/comp.ts:1701:5
    at Array.flatMap (<anonymous>)
    at ws (file:///workspace/formal-proofs/bendvy-worktrees/parity-54-boxed-scan/experiments/public-inspect/closed-owner-carrier-v1/recursive-owner-v1/layout-followup-v1/comparator-v1/comp.ts:1700:35)
    at Array.flatMap (<anonymous>)
    at val_arms (file:///workspace/formal-proofs/bendvy-worktrees/parity-54-boxed-scan/experiments/public-inspect/closed-owner-carrier-v1/recursive-owner-v1/layout-followup-v1/comparator-v1/comp.ts:1703:25)
    at val_unbox (file:///workspace/formal-proofs/bendvy-worktrees/parity-54-boxed-scan/experiments/public-inspect/closed-owner-carrier-v1/recursive-owner-v1/layout-followup-v1/comparator-v1/comp.ts:1750:10)
    at val_to (file:///workspace/formal-proofs/bendvy-worktrees/parity-54-boxed-scan/experiments/public-inspect/closed-owner-carrier-v1/recursive-owner-v1/layout-followup-v1/comparator-v1/comp.ts:1693:24)

Node.js v24.20.0
