{
  "wholeTypedModels": 2,
  "rejectedControls": [
    "normal:trailingTerm",
    "normal:wrongRootNamespace",
    "normal:boolAsU32",
    "normal:missingPreviousCategory",
    "normal:omittedLastSnapshot",
    "normal:changedLastAffineCell",
    "normal:changedInverseSources",
    "normal:changedPendingPreservation",
    "normal:changedQueuedMachineState",
    "normal:changedDescriptorAuthority",
    "mutant:trailingTerm",
    "mutant:wrongRootNamespace",
    "mutant:boolAsU32",
    "mutant:missingPreviousCategory",
    "mutant:omittedLastSnapshot",
    "mutant:changedLastAffineCell",
    "mutant:changedInverseSources",
    "mutant:changedPendingPreservation",
    "mutant:changedQueuedMachineState",
    "mutant:changedDescriptorAuthority",
    "wholeReachedOmissionRejectsUnchangedBaseline"
  ],
  "actualChildren": 0,
  "scope": "Full independent source-derived synthetic controls, no runtime qualification"
}
