REFERENCE_PHASE {"event":"book_load.begin","elapsedMs":21}
REFERENCE_PHASE {"event":"book_load.end","elapsedMs":641}
REFERENCE_LOADED_INPUTS ["/workspace/formal-proofs/bendvy-worktrees/parity-54-boxed-scan/experiments/public-inspect/closed-owner-carrier-v1/recursive-owner-v1/stage/check-execution.bend","/workspace/formal-proofs/bendvy-worktrees/parity-54-boxed-scan/experiments/public-inspect/closed-owner-carrier-v1/recursive-owner-v1/stage/consumer-witness.bend","/workspace/formal-proofs/bendvy-worktrees/parity-54-boxed-scan/experiments/public-inspect/closed-owner-carrier-v1/recursive-owner-v1/stage/core-v1/src/ecs/capabilities.bend","/workspace/formal-proofs/bendvy-worktrees/parity-54-boxed-scan/experiments/public-inspect/closed-owner-carrier-v1/recursive-owner-v1/stage/core-v1/src/ecs/check.bend","/workspace/formal-proofs/bendvy-worktrees/parity-54-boxed-scan/experiments/public-inspect/closed-owner-carrier-v1/recursive-owner-v1/stage/core-v1/src/ecs/column.bend","/workspace/formal-proofs/bendvy-worktrees/parity-54-boxed-scan/experiments/public-inspect/closed-owner-carrier-v1/recursive-owner-v1/stage/core-v1/src/ecs/commands.bend","/workspace/formal-proofs/bendvy-worktrees/parity-54-boxed-scan/experiments/public-inspect/closed-owner-carrier-v1/recursive-owner-v1/stage/core-v1/src/ecs/component.bend","/workspace/formal-proofs/bendvy-worktrees/parity-54-boxed-scan/experiments/public-inspect/closed-owner-carrier-v1/recursive-owner-v1/stage/core-v1/src/ecs/compose.bend","/workspace/formal-proofs/bendvy-worktrees/parity-54-boxed-scan/experiments/public-inspect/closed-owner-carrier-v1/recursive-owner-v1/stage/core-v1/src/ecs/indexed-lifecycle.bend","/workspace/formal-proofs/bendvy-worktrees/parity-54-boxed-scan/experiments/public-inspect/closed-owner-carrier-v1/recursive-owner-v1/stage/core-v1/src/ecs/inspector-query-projection.bend","/workspace/formal-proofs/bendvy-worktrees/parity-54-boxed-scan/experiments/public-inspect/closed-owner-carrier-v1/recursive-owner-v1/stage/core-v1/src/ecs/inspector-query.bend","/workspace/formal-proofs/bendvy-worktrees/parity-54-boxed-scan/experiments/public-inspect/closed-owner-carrier-v1/recursive-owner-v1/stage/core-v1/src/ecs/inspector.bend","/workspace/formal-proofs/bendvy-worktrees/parity-54-boxed-scan/experiments/public-inspect/closed-owner-carrier-v1/recursive-owner-v1/stage/core-v1/src/ecs/lifecycle.bend","/workspace/formal-proofs/bendvy-worktrees/parity-54-boxed-scan/experiments/public-inspect/closed-owner-carrier-v1/recursive-owner-v1/stage/core-v1/src/ecs/owner-handoff.bend","/workspace/formal-proofs/bendvy-worktrees/parity-54-boxed-scan/experiments/public-inspect/closed-owner-carrier-v1/recursive-owner-v1/stage/core-v1/src/ecs/registration.bend","/workspace/formal-proofs/bendvy-worktrees/parity-54-boxed-scan/experiments/public-inspect/closed-owner-carrier-v1/recursive-owner-v1/stage/core-v1/src/ecs/resource.bend","/workspace/formal-proofs/bendvy-worktrees/parity-54-boxed-scan/experiments/public-inspect/closed-owner-carrier-v1/recursive-owner-v1/stage/core-v1/src/ecs/schedule.bend","/workspace/formal-proofs/bendvy-worktrees/parity-54-boxed-scan/experiments/public-inspect/closed-owner-carrier-v1/recursive-owner-v1/stage/core-v1/src/ecs/string-equality.bend","/workspace/formal-proofs/bendvy-worktrees/parity-54-boxed-scan/experiments/public-inspect/closed-owner-carrier-v1/recursive-owner-v1/stage/core-v1/src/ecs/system.bend","/workspace/formal-proofs/bendvy-worktrees/parity-54-boxed-scan/experiments/public-inspect/closed-owner-carrier-v1/recursive-owner-v1/stage/core-v1/src/ecs/transaction.bend","/workspace/formal-proofs/bendvy-worktrees/parity-54-boxed-scan/experiments/public-inspect/closed-owner-carrier-v1/recursive-owner-v1/stage/core-v1/src/ecs/world.bend","/workspace/formal-proofs/bendvy-worktrees/parity-54-boxed-scan/experiments/public-inspect/closed-owner-carrier-v1/recursive-owner-v1/stage/execution.bend","/workspace/formal-proofs/bendvy-worktrees/parity-54-boxed-scan/experiments/public-inspect/closed-owner-carrier-v1/recursive-owner-v1/stage/families.bend","/workspace/formal-proofs/bendvy-worktrees/parity-54-boxed-scan/experiments/public-inspect/closed-owner-carrier-v1/recursive-owner-v1/stage/family-witness.bend","/workspace/formal-proofs/bendvy-worktrees/parity-54-boxed-scan/experiments/public-inspect/closed-owner-carrier-v1/recursive-owner-v1/stage/five-phase-driver.bend","/workspace/formal-proofs/bendvy-worktrees/parity-54-boxed-scan/experiments/public-inspect/closed-owner-carrier-v1/recursive-owner-v1/stage/fixture.bend","/workspace/formal-proofs/bendvy-worktrees/parity-54-boxed-scan/experiments/public-inspect/closed-owner-carrier-v1/recursive-owner-v1/stage/format.bend","/workspace/formal-proofs/bendvy-worktrees/parity-54-boxed-scan/experiments/public-inspect/closed-owner-carrier-v1/recursive-owner-v1/stage/full-consumer.bend","/workspace/formal-proofs/bendvy-worktrees/parity-54-boxed-scan/experiments/public-inspect/closed-owner-carrier-v1/recursive-owner-v1/stage/gate-instrumentation.bend","/workspace/formal-proofs/bendvy-worktrees/parity-54-boxed-scan/experiments/public-inspect/closed-owner-carrier-v1/recursive-owner-v1/stage/gate-phase.bend","/workspace/formal-proofs/bendvy-worktrees/parity-54-boxed-scan/experiments/public-inspect/closed-owner-carrier-v1/recursive-owner-v1/stage/gates.bend","/workspace/formal-proofs/bendvy-worktrees/parity-54-boxed-scan/experiments/public-inspect/closed-owner-carrier-v1/recursive-owner-v1/stage/mutations.bend","/workspace/formal-proofs/bendvy-worktrees/parity-54-boxed-scan/experiments/public-inspect/closed-owner-carrier-v1/recursive-owner-v1/stage/output-adapter.bend","/workspace/formal-proofs/bendvy-worktrees/parity-54-boxed-scan/experiments/public-inspect/closed-owner-carrier-v1/recursive-owner-v1/stage/output-io-main.bend","/workspace/formal-proofs/bendvy-worktrees/parity-54-boxed-scan/experiments/public-inspect/closed-owner-carrier-v1/recursive-owner-v1/stage/owner-carrier.bend","/workspace/formal-proofs/bendvy-worktrees/parity-54-boxed-scan/experiments/public-inspect/closed-owner-carrier-v1/recursive-owner-v1/stage/owner-observer.bend","/workspace/formal-proofs/bendvy-worktrees/parity-54-boxed-scan/experiments/public-inspect/closed-owner-carrier-v1/recursive-owner-v1/stage/phase-driver.bend","/workspace/formal-proofs/bendvy-worktrees/parity-54-boxed-scan/experiments/public-inspect/closed-owner-carrier-v1/recursive-owner-v1/stage/query.bend","/workspace/formal-proofs/bendvy-worktrees/parity-54-boxed-scan/experiments/public-inspect/closed-owner-carrier-v1/recursive-owner-v1/stage/retry-driver.bend","/workspace/formal-proofs/bendvy-worktrees/parity-54-boxed-scan/experiments/public-inspect/closed-owner-carrier-v1/recursive-owner-v1/stage/runtime-declarations.bend","/workspace/formal-proofs/bendvy-worktrees/parity-54-boxed-scan/experiments/public-inspect/closed-owner-carrier-v1/recursive-owner-v1/stage/runtime-named-declarations.bend","/workspace/formal-proofs/bendvy-worktrees/parity-54-boxed-scan/experiments/public-inspect/closed-owner-carrier-v1/recursive-owner-v1/stage/runtime-owners.bend","/workspace/formal-proofs/bendvy-worktrees/parity-54-boxed-scan/experiments/public-inspect/closed-owner-carrier-v1/recursive-owner-v1/stage/schema-families.bend","/workspace/formal-proofs/bendvy-worktrees/parity-54-boxed-scan/experiments/public-inspect/closed-owner-carrier-v1/recursive-owner-v1/stage/selection.bend","/workspace/formal-proofs/bendvy-worktrees/parity-54-boxed-scan/experiments/public-inspect/closed-owner-carrier-v1/recursive-owner-v1/stage/traversal.bend","/workspace/formal-proofs/bendvy-worktrees/parity-54-boxed-scan/experiments/public-inspect/closed-owner-carrier-v1/recursive-owner-v1/stage/world-observer.bend","/workspace/formal-proofs/bendvy-worktrees/parity-54-boxed-scan/experiments/public-inspect/closed-owner-carrier-v1/schema-partition-v1/garden-reference-diagnostic-v1/base.bend"]
REFERENCE_PHASE {"event":"book_valid.begin","elapsedMs":641}
REFERENCE_PHASE {"event":"book_valid.end","elapsedMs":3290}
REFERENCE_PHASE {"event":"compile_book.begin","elapsedMs":3290}
REFERENCE_PHASE {"event":"file_book.begin","elapsedMs":3291}
REFERENCE_CHECKPOINT {"event":"type_adts","calls":1,"elapsedMs":3300,"owner":"","counters":{"type_adts":1}}
REFERENCE_CHECKPOINT {"event":"type_adts","calls":2,"elapsedMs":3300,"owner":"","counters":{"type_adts":2}}
REFERENCE_CHECKPOINT {"event":"type_adts","calls":4,"elapsedMs":3301,"owner":"","counters":{"type_adts":4}}
REFERENCE_CHECKPOINT {"event":"type_adts","calls":8,"elapsedMs":3301,"owner":"","counters":{"type_adts":8}}
REFERENCE_CHECKPOINT {"event":"fun_of","calls":1,"elapsedMs":3301,"owner":"","counters":{"type_adts":9,"fun_of":1}}
REFERENCE_CHECKPOINT {"event":"lay_of","calls":1,"elapsedMs":3303,"owner":"","counters":{"type_adts":9,"fun_of":1,"lay_of":1}}
REFERENCE_CHECKPOINT {"event":"type_adts","calls":16,"elapsedMs":3303,"owner":"","counters":{"type_adts":16,"fun_of":1,"lay_of":1}}
REFERENCE_CHECKPOINT {"event":"fun_of","calls":2,"elapsedMs":3304,"owner":"","counters":{"type_adts":18,"fun_of":2,"lay_of":1}}
REFERENCE_CHECKPOINT {"event":"lay_of","calls":2,"elapsedMs":3304,"owner":"","counters":{"type_adts":18,"fun_of":2,"lay_of":2}}
REFERENCE_CHECKPOINT {"event":"fun_of","calls":4,"elapsedMs":3305,"owner":"","counters":{"type_adts":29,"fun_of":4,"lay_of":2}}
REFERENCE_CHECKPOINT {"event":"type_adts","calls":32,"elapsedMs":3305,"owner":"","counters":{"type_adts":32,"fun_of":7,"lay_of":3}}
REFERENCE_CHECKPOINT {"event":"type_adts","calls":64,"elapsedMs":3305,"owner":"","counters":{"type_adts":64,"fun_of":7,"lay_of":3}}
REFERENCE_CHECKPOINT {"event":"type_adts","calls":128,"elapsedMs":3305,"owner":"","counters":{"type_adts":128,"fun_of":7,"lay_of":3}}
REFERENCE_CHECKPOINT {"event":"fun_of","calls":8,"elapsedMs":3305,"owner":"","counters":{"type_adts":138,"fun_of":8,"lay_of":3}}
REFERENCE_CHECKPOINT {"event":"lay_of","calls":4,"elapsedMs":3305,"owner":"","counters":{"type_adts":139,"fun_of":9,"lay_of":4}}
REFERENCE_CHECKPOINT {"event":"fun_of","calls":16,"elapsedMs":3306,"owner":"","counters":{"type_adts":151,"fun_of":16,"lay_of":6}}
REFERENCE_CHECKPOINT {"event":"lay_of","calls":8,"elapsedMs":3311,"owner":"","counters":{"type_adts":152,"fun_of":17,"lay_of":8}}
REFERENCE_CHECKPOINT {"event":"lay_of","calls":16,"elapsedMs":3316,"owner":"","counters":{"type_adts":152,"fun_of":17,"lay_of":16}}
REFERENCE_CHECKPOINT {"event":"lay_of","calls":32,"elapsedMs":3319,"owner":"","counters":{"type_adts":152,"fun_of":17,"lay_of":32}}
REFERENCE_CHECKPOINT {"event":"lay_of","calls":64,"elapsedMs":3321,"owner":"","counters":{"type_adts":152,"fun_of":17,"lay_of":64}}
REFERENCE_CHECKPOINT {"event":"fun_of","calls":32,"elapsedMs":3324,"owner":"","counters":{"type_adts":172,"fun_of":32,"lay_of":83}}
REFERENCE_CHECKPOINT {"event":"lay_of","calls":128,"elapsedMs":3328,"owner":"","counters":{"type_adts":192,"fun_of":45,"lay_of":128}}
REFERENCE_CHECKPOINT {"event":"type_adts","calls":256,"elapsedMs":3331,"owner":"","counters":{"type_adts":256,"fun_of":61,"lay_of":159}}
REFERENCE_CHECKPOINT {"event":"fun_of","calls":64,"elapsedMs":3332,"owner":"","counters":{"type_adts":291,"fun_of":64,"lay_of":159}}
REFERENCE_CHECKPOINT {"event":"type_adts","calls":512,"elapsedMs":3334,"owner":"","counters":{"type_adts":512,"fun_of":66,"lay_of":159}}
REFERENCE_CHECKPOINT {"event":"fun_of","calls":128,"elapsedMs":3336,"owner":"","counters":{"type_adts":863,"fun_of":128,"lay_of":178}}
REFERENCE_CHECKPOINT {"event":"type_adts","calls":1024,"elapsedMs":3337,"owner":"","counters":{"type_adts":1024,"fun_of":150,"lay_of":190}}
REFERENCE_CHECKPOINT {"event":"fun_of","calls":256,"elapsedMs":3349,"owner":"","counters":{"type_adts":2015,"fun_of":256,"lay_of":231}}
REFERENCE_CHECKPOINT {"event":"type_adts","calls":2048,"elapsedMs":3352,"owner":"","counters":{"type_adts":2048,"fun_of":256,"lay_of":231}}
REFERENCE_CHECKPOINT {"event":"lay_of","calls":256,"elapsedMs":3353,"owner":"","counters":{"type_adts":2724,"fun_of":265,"lay_of":256}}
REFERENCE_CHECKPOINT {"event":"type_adts","calls":4096,"elapsedMs":3368,"owner":"","counters":{"type_adts":4096,"fun_of":402,"lay_of":321}}
REFERENCE_CHECKPOINT {"event":"fun_of","calls":512,"elapsedMs":3384,"owner":"","counters":{"type_adts":5294,"fun_of":512,"lay_of":378}}
REFERENCE_CHECKPOINT {"event":"type_adts","calls":8192,"elapsedMs":3410,"owner":"","counters":{"type_adts":8192,"fun_of":761,"lay_of":422}}
REFERENCE_CHECKPOINT {"event":"fun_of","calls":1024,"elapsedMs":3467,"owner":"","counters":{"type_adts":11583,"fun_of":1024,"lay_of":482}}
REFERENCE_CHECKPOINT {"event":"lay_of","calls":512,"elapsedMs":3479,"owner":"","counters":{"type_adts":13400,"fun_of":1216,"lay_of":512}}
REFERENCE_CHECKPOINT {"event":"type_adts","calls":16384,"elapsedMs":3513,"owner":"","counters":{"type_adts":16384,"fun_of":1481,"lay_of":622}}
REFERENCE_CHECKPOINT {"event":"fun_of","calls":2048,"elapsedMs":3582,"owner":"","counters":{"type_adts":25357,"fun_of":2048,"lay_of":794}}
REFERENCE_CHECKPOINT {"event":"lay_of","calls":1024,"elapsedMs":3629,"owner":"","counters":{"type_adts":32030,"fun_of":2530,"lay_of":1024}}
REFERENCE_CHECKPOINT {"event":"type_adts","calls":32768,"elapsedMs":3629,"owner":"","counters":{"type_adts":32768,"fun_of":2589,"lay_of":1030}}
REFERENCE_CHECKPOINT {"event":"fun_of","calls":4096,"elapsedMs":3721,"owner":"","counters":{"type_adts":58517,"fun_of":4096,"lay_of":1467}}
REFERENCE_CHECKPOINT {"event":"type_adts","calls":65536,"elapsedMs":3752,"owner":"","counters":{"type_adts":65536,"fun_of":4345,"lay_of":1563}}
REFERENCE_CHECKPOINT {"event":"lay_of","calls":2048,"elapsedMs":3823,"owner":"","counters":{"type_adts":93749,"fun_of":5058,"lay_of":2048}}
REFERENCE_CHECKPOINT {"event":"type_adts","calls":131072,"elapsedMs":3874,"owner":"","counters":{"type_adts":131072,"fun_of":6134,"lay_of":2799}}
REFERENCE_CHECKPOINT {"event":"fun_of","calls":8192,"elapsedMs":3985,"owner":"","counters":{"type_adts":175369,"fun_of":8192,"lay_of":3955}}
REFERENCE_CHECKPOINT {"event":"lay_of","calls":4096,"elapsedMs":4003,"owner":"","counters":{"type_adts":180564,"fun_of":8460,"lay_of":4096}}
REFERENCE_CHECKPOINT {"event":"type_adts","calls":262144,"elapsedMs":4183,"owner":"","counters":{"type_adts":262144,"fun_of":10868,"lay_of":5834}}
REFERENCE_CHECKPOINT {"event":"fun_of","calls":16384,"elapsedMs":4358,"owner":"","counters":{"type_adts":342770,"fun_of":16384,"lay_of":7584}}
REFERENCE_CHECKPOINT {"event":"lay_of","calls":8192,"elapsedMs":4432,"owner":"","counters":{"type_adts":375435,"fun_of":18721,"lay_of":8192}}
REFERENCE_CHECKPOINT {"event":"type_adts","calls":524288,"elapsedMs":4790,"owner":"","counters":{"type_adts":524288,"fun_of":23993,"lay_of":9605}}
REFERENCE_CHECKPOINT {"event":"fun_of","calls":32768,"elapsedMs":5185,"owner":"","counters":{"type_adts":757183,"fun_of":32768,"lay_of":13811}}
REFERENCE_CHECKPOINT {"event":"lay_of","calls":16384,"elapsedMs":5354,"owner":"","counters":{"type_adts":932617,"fun_of":39149,"lay_of":16384}}
REFERENCE_CHECKPOINT {"event":"type_adts","calls":1048576,"elapsedMs":5472,"owner":"","counters":{"type_adts":1048576,"fun_of":42581,"lay_of":18009}}
REFERENCE_PHASE {"event":"file_book.end","elapsedMs":6761,"counters":{"type_adts":1369496,"fun_of":52546,"lay_of":22436}}
REFERENCE_PHASE {"event":"emit_iteration.begin","elapsedMs":6762,"facts":0,"counters":{"type_adts":1369496,"fun_of":52546,"lay_of":22436}}
REFERENCE_CHECKPOINT {"event":"emit_body","calls":1,"elapsedMs":6764,"owner":"families:check_matches~32","counters":{"type_adts":1369496,"fun_of":52549,"lay_of":22436,"emit_body":1}}
REFERENCE_CHECKPOINT {"event":"val_to","calls":1,"elapsedMs":6766,"owner":"families:check_matches~32","counters":{"type_adts":1369496,"fun_of":52549,"lay_of":22486,"emit_body":1,"val_to":1}}
REFERENCE_CHECKPOINT {"event":"lay_eq","calls":1,"elapsedMs":6766,"owner":"families:check_matches~32","counters":{"type_adts":1369496,"fun_of":52549,"lay_of":22486,"emit_body":1,"val_to":1,"lay_eq":1}}
REFERENCE_CHECKPOINT {"event":"emit_body","calls":2,"elapsedMs":6766,"owner":"families:check_matches~32","counters":{"type_adts":1369496,"fun_of":52552,"lay_of":22487,"emit_body":2,"val_to":1,"lay_eq":1}}
REFERENCE_CHECKPOINT {"event":"val_to","calls":2,"elapsedMs":6766,"owner":"families:check_matches~32","counters":{"type_adts":1369496,"fun_of":52552,"lay_of":22490,"emit_body":2,"val_to":2,"lay_eq":1}}
REFERENCE_CHECKPOINT {"event":"lay_eq","calls":2,"elapsedMs":6766,"owner":"families:check_matches~32","counters":{"type_adts":1369496,"fun_of":52552,"lay_of":22490,"emit_body":2,"val_to":2,"lay_eq":2}}
REFERENCE_CHECKPOINT {"event":"emit_fuse","calls":1,"elapsedMs":6767,"owner":"families:check_matches~32","counters":{"type_adts":1369496,"fun_of":52558,"lay_of":22491,"emit_body":3,"val_to":2,"lay_eq":2,"emit_fuse":1}}
REFERENCE_CHECKPOINT {"event":"emit_fuse","calls":2,"elapsedMs":6767,"owner":"families:check_matches~32","counters":{"type_adts":1369496,"fun_of":52564,"lay_of":22491,"emit_body":3,"val_to":2,"lay_eq":2,"emit_fuse":2}}
REFERENCE_CHECKPOINT {"event":"val_to","calls":4,"elapsedMs":6768,"owner":"families:check_matches~32","counters":{"type_adts":1369496,"fun_of":52567,"lay_of":22491,"emit_body":3,"val_to":4,"lay_eq":3,"emit_fuse":2}}
REFERENCE_CHECKPOINT {"event":"lay_eq","calls":4,"elapsedMs":6768,"owner":"families:check_matches~32","counters":{"type_adts":1369496,"fun_of":52567,"lay_of":22491,"emit_body":3,"val_to":4,"lay_eq":4,"emit_fuse":2}}
REFERENCE_CHECKPOINT {"event":"emit_body","calls":4,"elapsedMs":6768,"owner":"families:check_matches~32","counters":{"type_adts":1369496,"fun_of":52569,"lay_of":22491,"emit_body":4,"val_to":4,"lay_eq":4,"emit_fuse":2}}
REFERENCE_CHECKPOINT {"event":"emit_fuse","calls":4,"elapsedMs":6770,"owner":"families:check_matches~32","counters":{"type_adts":1369496,"fun_of":52584,"lay_of":22496,"emit_body":7,"val_to":7,"lay_eq":7,"emit_fuse":4}}
REFERENCE_CHECKPOINT {"event":"val_to","calls":8,"elapsedMs":6770,"owner":"families:check_matches~32","counters":{"type_adts":1369496,"fun_of":52591,"lay_of":22496,"emit_body":7,"val_to":8,"lay_eq":7,"emit_fuse":5}}
REFERENCE_CHECKPOINT {"event":"lay_eq","calls":8,"elapsedMs":6770,"owner":"families:check_matches~32","counters":{"type_adts":1369496,"fun_of":52591,"lay_of":22496,"emit_body":7,"val_to":8,"lay_eq":8,"emit_fuse":5}}
REFERENCE_CHECKPOINT {"event":"emit_body","calls":8,"elapsedMs":6771,"owner":"families:check_matches~32","counters":{"type_adts":1369496,"fun_of":52593,"lay_of":22496,"emit_body":8,"val_to":9,"lay_eq":9,"emit_fuse":5}}
REFERENCE_CHECKPOINT {"event":"val_to","calls":16,"elapsedMs":6772,"owner":"families:check_matches~32","counters":{"type_adts":1369496,"fun_of":52612,"lay_of":22504,"emit_body":13,"val_to":16,"lay_eq":15,"emit_fuse":7}}
REFERENCE_CHECKPOINT {"event":"lay_eq","calls":16,"elapsedMs":6772,"owner":"families:check_matches~32","counters":{"type_adts":1369496,"fun_of":52612,"lay_of":22504,"emit_body":13,"val_to":16,"lay_eq":16,"emit_fuse":7}}
REFERENCE_CHECKPOINT {"event":"emit_body","calls":16,"elapsedMs":6773,"owner":"families:check_matches~32","counters":{"type_adts":1369496,"fun_of":52612,"lay_of":22509,"emit_body":16,"val_to":18,"lay_eq":18,"emit_fuse":7}}
REFERENCE_CHECKPOINT {"event":"val_to","calls":32,"elapsedMs":6775,"owner":"families:check_matches~32","counters":{"type_adts":1369496,"fun_of":52616,"lay_of":22532,"emit_body":28,"val_to":32,"lay_eq":31,"emit_fuse":7}}
REFERENCE_CHECKPOINT {"event":"lay_eq","calls":32,"elapsedMs":6775,"owner":"families:check_matches~32","counters":{"type_adts":1369496,"fun_of":52616,"lay_of":22532,"emit_body":28,"val_to":32,"lay_eq":32,"emit_fuse":7}}
REFERENCE_CHECKPOINT {"event":"emit_fuse","calls":8,"elapsedMs":6777,"owner":"families:check_matches~32","counters":{"type_adts":1369496,"fun_of":52619,"lay_of":22532,"emit_body":28,"val_to":43,"lay_eq":43,"emit_fuse":8}}
REFERENCE_CHECKPOINT {"event":"emit_body","calls":32,"elapsedMs":6779,"owner":"families:check_matches~32","counters":{"type_adts":1369496,"fun_of":52636,"lay_of":22544,"emit_body":32,"val_to":54,"lay_eq":54,"emit_fuse":9}}
REFERENCE_CHECKPOINT {"event":"val_to","calls":64,"elapsedMs":6779,"owner":"families:check_matches~32","counters":{"type_adts":1369496,"fun_of":52636,"lay_of":22546,"emit_body":33,"val_to":64,"lay_eq":63,"emit_fuse":9}}
REFERENCE_CHECKPOINT {"event":"lay_eq","calls":64,"elapsedMs":6780,"owner":"families:check_matches~32","counters":{"type_adts":1369496,"fun_of":52636,"lay_of":22546,"emit_body":33,"val_to":64,"lay_eq":64,"emit_fuse":9}}
REFERENCE_CHECKPOINT {"event":"emit_body","calls":64,"elapsedMs":6782,"owner":"families:check_matches~32","counters":{"type_adts":1369496,"fun_of":52669,"lay_of":22606,"emit_body":64,"val_to":112,"lay_eq":112,"emit_fuse":11}}
REFERENCE_CHECKPOINT {"event":"val_to","calls":128,"elapsedMs":6782,"owner":"families:check_matches~32","counters":{"type_adts":1369496,"fun_of":52669,"lay_of":22630,"emit_body":76,"val_to":128,"lay_eq":127,"emit_fuse":11}}
REFERENCE_CHECKPOINT {"event":"lay_eq","calls":128,"elapsedMs":6782,"owner":"families:check_matches~32","counters":{"type_adts":1369496,"fun_of":52669,"lay_of":22630,"emit_body":76,"val_to":128,"lay_eq":128,"emit_fuse":11}}
REFERENCE_CHECKPOINT {"event":"emit_fuse","calls":16,"elapsedMs":6791,"owner":"families:check_matches~32","counters":{"type_adts":1369496,"fun_of":52724,"lay_of":22711,"emit_body":112,"val_to":192,"lay_eq":192,"emit_fuse":16}}
REFERENCE_CHECKPOINT {"event":"emit_body","calls":128,"elapsedMs":6792,"owner":"families:check_matches~32","counters":{"type_adts":1369496,"fun_of":52780,"lay_of":22751,"emit_body":128,"val_to":226,"lay_eq":226,"emit_fuse":21}}
REFERENCE_CHECKPOINT {"event":"val_to","calls":256,"elapsedMs":6794,"owner":"families:check_matches~32","counters":{"type_adts":1369496,"fun_of":52811,"lay_of":22776,"emit_body":138,"val_to":256,"lay_eq":255,"emit_fuse":24}}
REFERENCE_CHECKPOINT {"event":"lay_eq","calls":256,"elapsedMs":6794,"owner":"families:check_matches~32","counters":{"type_adts":1369496,"fun_of":52811,"lay_of":22776,"emit_body":138,"val_to":256,"lay_eq":256,"emit_fuse":24}}
REFERENCE_CHECKPOINT {"event":"emit_fuse","calls":32,"elapsedMs":6799,"owner":"families:check_matches~32","counters":{"type_adts":1369496,"fun_of":52913,"lay_of":22887,"emit_body":195,"val_to":401,"lay_eq":402,"emit_fuse":32}}
REFERENCE_CHECKPOINT {"event":"lay_eq","calls":512,"elapsedMs":6801,"owner":"families:check_matches~32","counters":{"type_adts":1369496,"fun_of":53015,"lay_of":22975,"emit_body":242,"val_to":509,"lay_eq":512,"emit_fuse":38}}
REFERENCE_CHECKPOINT {"event":"val_to","calls":512,"elapsedMs":6801,"owner":"families:check_matches~32","counters":{"type_adts":1369496,"fun_of":53033,"lay_of":22975,"emit_body":243,"val_to":512,"lay_eq":514,"emit_fuse":40}}
REFERENCE_CHECKPOINT {"event":"emit_body","calls":256,"elapsedMs":6801,"owner":"families:check_matches~32","counters":{"type_adts":1369496,"fun_of":53052,"lay_of":23000,"emit_body":256,"val_to":543,"lay_eq":546,"emit_fuse":41}}
REFERENCE_CHECKPOINT {"event":"emit_fuse","calls":64,"elapsedMs":6806,"owner":"families:check_matches~32","counters":{"type_adts":1369496,"fun_of":53293,"lay_of":23159,"emit_body":347,"val_to":760,"lay_eq":764,"emit_fuse":64}}
REFERENCE_CHECKPOINT {"event":"lay_eq","calls":1024,"elapsedMs":6816,"owner":"families:check_matches~32","counters":{"type_adts":1369496,"fun_of":53478,"lay_of":23315,"emit_body":430,"val_to":1019,"lay_eq":1024,"emit_fuse":80}}
REFERENCE_CHECKPOINT {"event":"val_to","calls":1024,"elapsedMs":6818,"owner":"families:check_matches~32","counters":{"type_adts":1369496,"fun_of":53480,"lay_of":23324,"emit_body":435,"val_to":1024,"lay_eq":1028,"emit_fuse":80}}
REFERENCE_CHECKPOINT {"event":"emit_body","calls":512,"elapsedMs":6825,"owner":"families:check_matches~32","counters":{"type_adts":1369496,"fun_of":53626,"lay_of":23450,"emit_body":512,"val_to":1301,"lay_eq":1308,"emit_fuse":90}}
REFERENCE_CHECKPOINT {"event":"emit_fuse","calls":128,"elapsedMs":6846,"owner":"families:check_matches~32","counters":{"type_adts":1369496,"fun_of":54113,"lay_of":23794,"emit_body":727,"val_to":2029,"lay_eq":2042,"emit_fuse":128}}
REFERENCE_CHECKPOINT {"event":"lay_eq","calls":2048,"elapsedMs":6847,"owner":"families:check_matches~32","counters":{"type_adts":1369496,"fun_of":54118,"lay_of":23800,"emit_body":731,"val_to":2035,"lay_eq":2048,"emit_fuse":128}}
REFERENCE_CHECKPOINT {"event":"val_to","calls":2048,"elapsedMs":6853,"owner":"families:check_matches~32","counters":{"type_adts":1369496,"fun_of":54125,"lay_of":23806,"emit_body":737,"val_to":2048,"lay_eq":2060,"emit_fuse":129}}
REFERENCE_CHECKPOINT {"event":"emit_body","calls":1024,"elapsedMs":6904,"owner":"families:check_matches~19","counters":{"type_adts":1369496,"fun_of":54626,"lay_of":24360,"emit_body":1024,"val_to":2668,"lay_eq":2684,"emit_fuse":170}}
REFERENCE_CHECKPOINT {"event":"lay_eq","calls":4096,"elapsedMs":6991,"owner":"families:check_matches~19","counters":{"type_adts":1369496,"fun_of":55651,"lay_of":25112,"emit_body":1481,"val_to":4072,"lay_eq":4096,"emit_fuse":255}}
REFERENCE_CHECKPOINT {"event":"val_to","calls":4096,"elapsedMs":6995,"owner":"families:check_matches~19","counters":{"type_adts":1369496,"fun_of":55661,"lay_of":25129,"emit_body":1492,"val_to":4096,"lay_eq":4120,"emit_fuse":255}}
REFERENCE_CHECKPOINT {"event":"emit_fuse","calls":256,"elapsedMs":6995,"owner":"families:check_matches~19","counters":{"type_adts":1369496,"fun_of":55676,"lay_of":25134,"emit_body":1495,"val_to":4114,"lay_eq":4139,"emit_fuse":256}}
REFERENCE_CHECKPOINT {"event":"emit_body","calls":2048,"elapsedMs":7054,"owner":"families:check_slot~13","counters":{"type_adts":1369496,"fun_of":56847,"lay_of":26103,"emit_body":2048,"val_to":5774,"lay_eq":5804,"emit_fuse":358}}
REFERENCE_CHECKPOINT {"event":"lay_eq","calls":8192,"elapsedMs":7194,"owner":"families:check_presence~14","counters":{"type_adts":1369496,"fun_of":58537,"lay_of":27369,"emit_body":2817,"val_to":8151,"lay_eq":8192,"emit_fuse":503}}
REFERENCE_CHECKPOINT {"event":"val_to","calls":8192,"elapsedMs":7195,"owner":"families:check_presence~14","counters":{"type_adts":1369496,"fun_of":58548,"lay_of":27370,"emit_body":2820,"val_to":8192,"lay_eq":8233,"emit_fuse":503}}
REFERENCE_CHECKPOINT {"event":"emit_fuse","calls":512,"elapsedMs":7197,"owner":"families:check_presence~14","counters":{"type_adts":1369496,"fun_of":58644,"lay_of":27432,"emit_body":2858,"val_to":8309,"lay_eq":8351,"emit_fuse":512}}
REFERENCE_CHECKPOINT {"event":"emit_body","calls":4096,"elapsedMs":7277,"owner":"selection:pair_project_target~24","counters":{"type_adts":1369496,"fun_of":61555,"lay_of":29364,"emit_body":4096,"val_to":13732,"lay_eq":13802,"emit_fuse":760}}
REFERENCE_CHECKPOINT {"event":"lay_eq","calls":16384,"elapsedMs":7309,"owner":"selection:pair_matches_target~15","counters":{"type_adts":1369496,"fun_of":62460,"lay_of":29776,"emit_body":4407,"val_to":16305,"lay_eq":16384,"emit_fuse":844}}
REFERENCE_CHECKPOINT {"event":"val_to","calls":16384,"elapsedMs":7309,"owner":"families:check_read~10","counters":{"type_adts":1369496,"fun_of":62481,"lay_of":29785,"emit_body":4414,"val_to":16384,"lay_eq":16463,"emit_fuse":844}}
REFERENCE_CHECKPOINT {"event":"emit_fuse","calls":1024,"elapsedMs":7357,"owner":"selection:pair_matches~15","counters":{"type_adts":1369496,"fun_of":64298,"lay_of":30702,"emit_body":5106,"val_to":21923,"lay_eq":22023,"emit_fuse":1024}}
REFERENCE_CHECKPOINT {"event":"fun_of","calls":65536,"elapsedMs":7424,"owner":"families:check_presence~13","counters":{"type_adts":1369496,"fun_of":65536,"lay_of":31500,"emit_body":5666,"val_to":25745,"lay_eq":25861,"emit_fuse":1144}}
REFERENCE_CHECKPOINT {"event":"lay_of","calls":32768,"elapsedMs":7458,"owner":"selection:pair~23","counters":{"type_adts":1369496,"fun_of":67324,"lay_of":32768,"emit_body":6475,"val_to":29088,"lay_eq":29225,"emit_fuse":1292}}
REFERENCE_CHECKPOINT {"event":"lay_eq","calls":32768,"elapsedMs":7512,"owner":"families:check_presence~9","counters":{"type_adts":1369496,"fun_of":69133,"lay_of":34010,"emit_body":7278,"val_to":32614,"lay_eq":32768,"emit_fuse":1456}}
REFERENCE_CHECKPOINT {"event":"val_to","calls":32768,"elapsedMs":7513,"owner":"families:check_presence~9","counters":{"type_adts":1369496,"fun_of":69252,"lay_of":34097,"emit_body":7330,"val_to":32768,"lay_eq":32921,"emit_fuse":1465}}
REFERENCE_CHECKPOINT {"event":"emit_body","calls":8192,"elapsedMs":7599,"owner":"families:check_matches~33","counters":{"type_adts":1369496,"fun_of":71271,"lay_of":35462,"emit_body":8192,"val_to":36093,"lay_eq":36271,"emit_fuse":1635}}
REFERENCE_CHECKPOINT {"event":"emit_fuse","calls":2048,"elapsedMs":7742,"owner":"selection:pair_project_target~21","counters":{"type_adts":1369496,"fun_of":75805,"lay_of":38300,"emit_body":10059,"val_to":45942,"lay_eq":46167,"emit_fuse":2048}}
REFERENCE_CHECKPOINT {"event":"lay_eq","calls":65536,"elapsedMs":7962,"owner":"selection:pair_project~13","counters":{"type_adts":1369496,"fun_of":82064,"lay_of":41888,"emit_body":12655,"val_to":65237,"lay_eq":65536,"emit_fuse":2690}}
REFERENCE_CHECKPOINT {"event":"val_to","calls":65536,"elapsedMs":7965,"owner":"selection:pair_project~13","counters":{"type_adts":1369496,"fun_of":82112,"lay_of":41919,"emit_body":12674,"val_to":65536,"lay_eq":65835,"emit_fuse":2696}}
REFERENCE_CHECKPOINT {"event":"emit_body","calls":16384,"elapsedMs":8381,"owner":"selection:pair_project_target~34","counters":{"type_adts":1369496,"fun_of":89647,"lay_of":47214,"emit_body":16384,"val_to":88522,"lay_eq":88926,"emit_fuse":3475}}
REFERENCE_CHECKPOINT {"event":"emit_fuse","calls":4096,"elapsedMs":8586,"owner":"selection:pair_matches_target~21","counters":{"type_adts":1369496,"fun_of":95533,"lay_of":51373,"emit_body":19260,"val_to":106967,"lay_eq":107456,"emit_fuse":4096}}
REFERENCE_CHECKPOINT {"event":"lay_eq","calls":131072,"elapsedMs":8893,"owner":"selection:pair_project~26","counters":{"type_adts":1369496,"fun_of":103091,"lay_of":56455,"emit_body":22769,"val_to":130486,"lay_eq":131072,"emit_fuse":4899}}
REFERENCE_CHECKPOINT {"event":"val_to","calls":131072,"elapsedMs":8895,"owner":"selection:pair_project~26","counters":{"type_adts":1369496,"fun_of":103220,"lay_of":56547,"emit_body":22835,"val_to":131072,"lay_eq":131659,"emit_fuse":4916}}
REFERENCE_CHECKPOINT {"event":"lay_of","calls":65536,"elapsedMs":9397,"owner":"selection:pair~21","counters":{"type_adts":1369496,"fun_of":117086,"lay_of":65536,"emit_body":29071,"val_to":173400,"lay_eq":174165,"emit_fuse":6370}}
REFERENCE_CHECKPOINT {"event":"emit_body","calls":32768,"elapsedMs":9646,"owner":"selection:pair_project_target~31","counters":{"type_adts":1369496,"fun_of":124847,"lay_of":70700,"emit_body":32768,"val_to":202440,"lay_eq":203321,"emit_fuse":7287}}
REFERENCE_CHECKPOINT {"event":"fun_of","calls":131072,"elapsedMs":9922,"owner":"selection:pair_project_target~23","counters":{"type_adts":1369496,"fun_of":131072,"lay_of":74636,"emit_body":35541,"val_to":223705,"lay_eq":224674,"emit_fuse":7964}}
REFERENCE_CHECKPOINT {"event":"emit_fuse","calls":8192,"elapsedMs":9964,"owner":"selection:pair_matches_target~20","counters":{"type_adts":1369496,"fun_of":132590,"lay_of":75806,"emit_body":36401,"val_to":231257,"lay_eq":232253,"emit_fuse":8192}}
REFERENCE_CHECKPOINT {"event":"lay_eq","calls":262144,"elapsedMs":10286,"owner":"selection:pair_matches~32","counters":{"type_adts":1369496,"fun_of":140689,"lay_of":80931,"emit_body":40089,"val_to":261030,"lay_eq":262144,"emit_fuse":9143}}
REFERENCE_CHECKPOINT {"event":"val_to","calls":262144,"elapsedMs":10291,"owner":"selection:pair_matches~32","counters":{"type_adts":1369496,"fun_of":140895,"lay_of":81113,"emit_body":40221,"val_to":262144,"lay_eq":263261,"emit_fuse":9178}}
REFERENCE_CHECKPOINT {"event":"val_to","calls":415744,"elapsedMs":12296,"owner":"selection:pair~47","counters":{"type_adts":1369496,"fun_of":176359,"lay_of":106268,"emit_body":58437,"val_to":415744,"lay_eq":417441,"emit_fuse":13885}}
REFERENCE_CHECKPOINT {"event":"emit_body","calls":65536,"elapsedMs":12920,"owner":"selection:pair_matches_target~56","counters":{"type_adts":1369496,"fun_of":189952,"lay_of":116008,"emit_body":65536,"val_to":476325,"lay_eq":478250,"emit_fuse":15710}}
REFERENCE_CHECKPOINT {"event":"emit_fuse","calls":16384,"elapsedMs":13106,"owner":"selection:constrain~16","counters":{"type_adts":1369496,"fun_of":194897,"lay_of":119548,"emit_body":68159,"val_to":498508,"lay_eq":500520,"emit_fuse":16384}}
REFERENCE_CHECKPOINT {"event":"lay_eq","calls":524288,"elapsedMs":13372,"owner":"selection:constrain~14","counters":{"type_adts":1369496,"fun_of":199541,"lay_of":123295,"emit_body":70878,"val_to":522199,"lay_eq":524288,"emit_fuse":17100}}
REFERENCE_CHECKPOINT {"event":"val_to","calls":524288,"elapsedMs":13477,"owner":"selection:constrain~14","counters":{"type_adts":1369496,"fun_of":199927,"lay_of":123629,"emit_body":71120,"val_to":524288,"lay_eq":526384,"emit_fuse":17160}}
REFERENCE_CHECKPOINT {"event":"lay_of","calls":131072,"elapsedMs":14203,"owner":"selection:constrain~6","counters":{"type_adts":1369496,"fun_of":210189,"lay_of":131072,"emit_body":76555,"val_to":570472,"lay_eq":572749,"emit_fuse":18540}}
REFERENCE_CHECKPOINT {"event":"lay_of","calls":153600,"elapsedMs":16204,"owner":"selection:pair_project~45","counters":{"type_adts":1369496,"fun_of":239787,"lay_of":153600,"emit_body":92961,"val_to":711589,"lay_eq":714383,"emit_fuse":22757}}
REFERENCE_CHECKPOINT {"event":"fun_of","calls":262144,"elapsedMs":17859,"owner":"runtime-declarations:check_optionalFour~0","counters":{"type_adts":1369496,"fun_of":262144,"lay_of":170760,"emit_body":105504,"val_to":820919,"lay_eq":824109,"emit_fuse":26025}}
REFERENCE_CHECKPOINT {"event":"val_to","calls":1040384,"elapsedMs":19877,"owner":"selection:map~1","counters":{"type_adts":1369496,"fun_of":306150,"lay_of":205368,"emit_body":130788,"val_to":1040384,"lay_eq":1044375,"emit_fuse":32618}}
REFERENCE_CHECKPOINT {"event":"emit_body","calls":131072,"elapsedMs":19889,"owner":"selection:map~1","counters":{"type_adts":1369496,"fun_of":306584,"lay_of":205762,"emit_body":131072,"val_to":1042948,"lay_eq":1046951,"emit_fuse":32686}}
REFERENCE_CHECKPOINT {"event":"lay_eq","calls":1048576,"elapsedMs":19906,"owner":"selection:map~1","counters":{"type_adts":1369496,"fun_of":306862,"lay_of":206010,"emit_body":131250,"val_to":1044568,"lay_eq":1048576,"emit_fuse":32732}}
REFERENCE_CHECKPOINT {"event":"emit_fuse","calls":32768,"elapsedMs":19913,"owner":"selection:map~1","counters":{"type_adts":1369496,"fun_of":307096,"lay_of":206211,"emit_body":131400,"val_to":1045783,"lay_eq":1049796,"emit_fuse":32768}}
REFERENCE_CHECKPOINT {"event":"val_to","calls":1048576,"elapsedMs":19933,"owner":"selection:map~1","counters":{"type_adts":1369496,"fun_of":307574,"lay_of":206641,"emit_body":131709,"val_to":1048576,"lay_eq":1052599,"emit_fuse":32844}}
REFERENCE_CHECKPOINT {"event":"val_to","calls":1246208,"elapsedMs":21933,"owner":"runtime-named-declarations:check_fiveAlias~0","counters":{"type_adts":1369496,"fun_of":347695,"lay_of":237491,"emit_body":154311,"val_to":1246208,"lay_eq":1250984,"emit_fuse":38693}}
REFERENCE_CHECKPOINT {"event":"lay_of","calls":262144,"elapsedMs":23581,"owner":"owner-carrier:check_target~26","counters":{"type_adts":1369496,"fun_of":379451,"lay_of":262144,"emit_body":172377,"val_to":1403207,"lay_eq":1408578,"emit_fuse":43358}}
file:///workspace/formal-proofs/bendvy-worktrees/parity-54-boxed-scan/experiments/public-inspect/closed-owner-carrier-v1/recursive-owner-v1/cpu-profile-v1/profile-budget.mjs:6
export function checkBudget() { if (Date.now() >= deadline) throw new DiagnosticAbort(); }
                                                                  ^

DiagnosticAbort: cooperative profiling cutoff
    at checkBudget (file:///workspace/formal-proofs/bendvy-worktrees/parity-54-boxed-scan/experiments/public-inspect/closed-owner-carrier-v1/recursive-owner-v1/cpu-profile-v1/profile-budget.mjs:6:67)
    at diagnostic_watch (file:///workspace/formal-proofs/bendvy-worktrees/parity-54-boxed-scan/experiments/public-inspect/closed-owner-carrier-v1/recursive-owner-v1/cpu-profile-v1/comp.ts:922:5)
    at val_to (file:///workspace/formal-proofs/bendvy-worktrees/parity-54-boxed-scan/experiments/public-inspect/closed-owner-carrier-v1/recursive-owner-v1/cpu-profile-v1/comp.ts:1671:3)
    at file:///workspace/formal-proofs/bendvy-worktrees/parity-54-boxed-scan/experiments/public-inspect/closed-owner-carrier-v1/recursive-owner-v1/cpu-profile-v1/comp.ts:1681:5
    at Array.flatMap (<anonymous>)
    at ws (file:///workspace/formal-proofs/bendvy-worktrees/parity-54-boxed-scan/experiments/public-inspect/closed-owner-carrier-v1/recursive-owner-v1/cpu-profile-v1/comp.ts:1680:35)
    at Array.flatMap (<anonymous>)
    at val_arms (file:///workspace/formal-proofs/bendvy-worktrees/parity-54-boxed-scan/experiments/public-inspect/closed-owner-carrier-v1/recursive-owner-v1/cpu-profile-v1/comp.ts:1683:25)
    at val_to (file:///workspace/formal-proofs/bendvy-worktrees/parity-54-boxed-scan/experiments/public-inspect/closed-owner-carrier-v1/recursive-owner-v1/cpu-profile-v1/comp.ts:1674:7)
    at file:///workspace/formal-proofs/bendvy-worktrees/parity-54-boxed-scan/experiments/public-inspect/closed-owner-carrier-v1/recursive-owner-v1/cpu-profile-v1/comp.ts:1711:27

Node.js v24.20.0
