.
----------------------------------------------------------------------
Ran 1 test in 0.003s

OK
.....
----------------------------------------------------------------------
Ran 5 tests in 0.073s

OK
......
----------------------------------------------------------------------
Ran 6 tests in 0.085s

OK
Ten portable no-child real-run bootstrap and exact-source cached-module controls PASS
.
----------------------------------------------------------------------
Ran 1 test in 0.000s

OK
...
----------------------------------------------------------------------
Ran 3 tests in 0.013s

OK
.
----------------------------------------------------------------------
Ran 1 test in 0.010s

OK
.............................
----------------------------------------------------------------------
Ran 29 tests in 6.360s

OK
.......
----------------------------------------------------------------------
Ran 7 tests in 0.007s

OK
.....
----------------------------------------------------------------------
Ran 5 tests in 0.016s

OK
test_actual_reviewed_executor_raw_merged_and_five_second_argument (__main__.Contract.test_actual_reviewed_executor_raw_merged_and_five_second_argument) ... ok
test_aslr_addresses_only_normalized (__main__.Contract.test_aslr_addresses_only_normalized) ... ok
test_bytes_and_resource_membership_drift (__main__.Contract.test_bytes_and_resource_membership_drift) ... ok
test_contract_raw_streams_cap_cpu_env (__main__.Contract.test_contract_raw_streams_cap_cpu_env) ... ok
test_environment_digest_and_structured_refusal (__main__.Contract.test_environment_digest_and_structured_refusal) ... ok
test_inflight_drift_and_executor_required (__main__.Contract.test_inflight_drift_and_executor_required) ... ok
test_missing_library_and_nonzero_refuse (__main__.Contract.test_missing_library_and_nonzero_refuse) ... ok
test_pinned_stage_checks_do_not_probe_and_boundary_does (__main__.Contract.test_pinned_stage_checks_do_not_probe_and_boundary_does) ... ok
test_pinned_stage_rejects_bytes_env_resources_and_unknown_namespace (__main__.Contract.test_pinned_stage_rejects_bytes_env_resources_and_unknown_namespace) ... ok
test_shallow_absence_recursive_default_and_resources_preserved (__main__.Contract.test_shallow_absence_recursive_default_and_resources_preserved) ... ok
test_shallow_arbitrary_names_bytes_config_and_no_probes (__main__.Contract.test_shallow_arbitrary_names_bytes_config_and_no_probes) ... ok
test_shallow_file_link_parent_traversal_refuses_lexical_coverage (__main__.Contract.test_shallow_file_link_parent_traversal_refuses_lexical_coverage) ... ok
test_shallow_link_chain_coverage_drift_and_invalid_links (__main__.Contract.test_shallow_link_chain_coverage_drift_and_invalid_links) ... ok
test_shallow_nested_docs_ignored_and_hwcap_explicit (__main__.Contract.test_shallow_nested_docs_ignored_and_hwcap_explicit) ... ok
test_shallow_repeated_directory_alias_is_valid_and_guarded (__main__.Contract.test_shallow_repeated_directory_alias_is_valid_and_guarded) ... ok
test_shallow_root_alias_requires_explicit_target_and_identity (__main__.Contract.test_shallow_root_alias_requires_explicit_target_and_identity) ... ok
test_shallow_root_symlink_parent_traversal_pins_actual_directory (__main__.Contract.test_shallow_root_symlink_parent_traversal_pins_actual_directory) ... ok

----------------------------------------------------------------------
Ran 17 tests in 0.103s

OK
....
----------------------------------------------------------------------
Ran 4 tests in 0.295s

OK
..............
----------------------------------------------------------------------
Ran 14 tests in 0.020s

OK
........
----------------------------------------------------------------------
Ran 8 tests in 0.014s

OK
....
----------------------------------------------------------------------
Ran 4 tests in 0.000s

OK
.............
----------------------------------------------------------------------
Ran 13 tests in 2.533s

OK
