empty|[[null,null,null],[null,null,null]]
pending|[[null,null,null],[null,null,null]]
seeded|[[0,0,[11,22,33,44]],[null,null,[11,22,33,44]]]
changed-initial|phase=0;mode=0
fail|failed:Rejected
rollback|[[0,0,[11,22,33,44]],[null,null,[11,22,33,44]]]
changed-after-fail|phase=;mode=
advance|moved
advanced|[[1,2,[11,22,33,44]],[null,null,[11,22,33,44]]]
changed-after-advance|phase=1;mode=2
stale|mismatch:0:1
stale-retains|[[1,2,[11,22,33,44]],[null,null,[11,22,33,44]]]
changed-after-stale|phase=;mode=
finish|moved
active|[[2,2,[11,22,33,44]],[null,null,[11,22,33,44]]]
changed-after-finish|phase=2;mode=
raw-phase-legal|raw:true
raw-phase-value|[[0,2,[11,22,33,44]],[null,null,[11,22,33,44]]]
changed-after-raw-phase|phase=0;mode=
raw-phase-invalid|raw:false|raw=sleeping|path=$|expected="ready" | "windup" | "active"|actual=sleeping
raw-phase-retains|[[0,2,[11,22,33,44]],[null,null,[11,22,33,44]]]
changed-after-invalid-phase|phase=;mode=
raw-mode-legal|raw:true
raw-mode-value|[[0,1,[11,22,33,44]],[null,null,[11,22,33,44]]]
changed-after-raw-mode|phase=;mode=1
raw-mode-invalid|raw:false|raw=9|path=$|expected=0 | 1 | 2|actual=9
raw-mode-retains|[[0,1,[11,22,33,44]],[null,null,[11,22,33,44]]]
changed-after-invalid-mode|phase=;mode=
same|same
same-retains|[[0,1,[11,22,33,44]],[null,null,[11,22,33,44]]]
changed-after-same|phase=0;mode=
empty|[[null,null,null],[null,null,null]]
pending|[[null,null,null],[null,null,null]]
seeded|[[0,0,[11,22,33,44]],[null,null,[11,22,33,44]]]
changed-initial|phase=0;mode=0
fail|failed:Rejected
rollback|[[0,0,[11,22,33,44]],[null,null,[11,22,33,44]]]
changed-after-fail|phase=;mode=
advance|moved
advanced|[[1,2,[11,22,33,44]],[null,null,[11,22,33,44]]]
changed-after-advance|phase=1;mode=2
stale|mismatch:0:1
stale-retains|[[1,2,[11,22,33,44]],[null,null,[11,22,33,44]]]
changed-after-stale|phase=;mode=
finish|moved
active|[[2,2,[11,22,33,44]],[null,null,[11,22,33,44]]]
changed-after-finish|phase=2;mode=
raw-phase-legal|raw:true
raw-phase-value|[[0,2,[11,22,33,44]],[null,null,[11,22,33,44]]]
changed-after-raw-phase|phase=0;mode=
raw-phase-invalid|raw:false|raw=sleeping|path=$|expected="ready" | "windup" | "active"|actual=sleeping
raw-phase-retains|[[0,2,[11,22,33,44]],[null,null,[11,22,33,44]]]
changed-after-invalid-phase|phase=;mode=
raw-mode-legal|raw:true
raw-mode-value|[[0,1,[11,22,33,44]],[null,null,[11,22,33,44]]]
changed-after-raw-mode|phase=;mode=1
raw-mode-invalid|raw:false|raw=9|path=$|expected=0 | 1 | 2|actual=9
raw-mode-retains|[[0,1,[11,22,33,44]],[null,null,[11,22,33,44]]]
changed-after-invalid-mode|phase=;mode=
same|same
same-retains|[[0,1,[11,22,33,44]],[null,null,[11,22,33,44]]]
changed-after-same|phase=0;mode=
empty|[[null,null,null],[null,null,null]]
pending|[[null,null,null],[null,null,null]]
seeded|[[0,0,[11,22,33,44]],[null,null,[11,22,33,44]]]
changed-initial|phase=0;mode=0
fail|failed:Rejected
rollback|[[0,0,[11,22,33,44]],[null,null,[11,22,33,44]]]
changed-after-fail|phase=;mode=
advance|moved
advanced|[[1,2,[11,22,33,44]],[null,null,[11,22,33,44]]]
changed-after-advance|phase=1;mode=2
stale|mismatch:0:1
stale-retains|[[1,2,[11,22,33,44]],[null,null,[11,22,33,44]]]
changed-after-stale|phase=;mode=
finish|moved
active|[[2,2,[11,22,33,44]],[null,null,[11,22,33,44]]]
changed-after-finish|phase=2;mode=
raw-phase-legal|raw:true
raw-phase-value|[[0,2,[11,22,33,44]],[null,null,[11,22,33,44]]]
changed-after-raw-phase|phase=0;mode=
raw-phase-invalid|raw:false|raw=sleeping|path=$|expected="ready" | "windup" | "active"|actual=sleeping
raw-phase-retains|[[0,2,[11,22,33,44]],[null,null,[11,22,33,44]]]
changed-after-invalid-phase|phase=;mode=
raw-mode-legal|raw:true
raw-mode-value|[[0,1,[11,22,33,44]],[null,null,[11,22,33,44]]]
changed-after-raw-mode|phase=;mode=1
raw-mode-invalid|raw:false|raw=9|path=$|expected=0 | 1 | 2|actual=9
raw-mode-retains|[[0,1,[11,22,33,44]],[null,null,[11,22,33,44]]]
changed-after-invalid-mode|phase=;mode=
same|same
same-retains|[[0,1,[11,22,33,44]],[null,null,[11,22,33,44]]]
changed-after-same|phase=0;mode=
empty|[[null,null,null],[null,null,null]]
pending|[[null,null,null],[null,null,null]]
seeded|[[0,0,[11,22,33,44]],[null,null,[11,22,33,44]]]
changed-initial|phase=0;mode=0
fail|failed:Rejected
rollback|[[0,0,[11,22,33,44]],[null,null,[11,22,33,44]]]
changed-after-fail|phase=;mode=
advance|moved
advanced|[[1,2,[11,22,33,44]],[null,null,[11,22,33,44]]]
changed-after-advance|phase=1;mode=2
stale|mismatch:0:1
stale-retains|[[1,2,[11,22,33,44]],[null,null,[11,22,33,44]]]
changed-after-stale|phase=;mode=
finish|moved
active|[[2,2,[11,22,33,44]],[null,null,[11,22,33,44]]]
changed-after-finish|phase=2;mode=
raw-phase-legal|raw:true
raw-phase-value|[[0,2,[11,22,33,44]],[null,null,[11,22,33,44]]]
changed-after-raw-phase|phase=0;mode=
raw-phase-invalid|raw:false|raw=sleeping|path=$|expected="ready" | "windup" | "active"|actual=sleeping
raw-phase-retains|[[0,2,[11,22,33,44]],[null,null,[11,22,33,44]]]
changed-after-invalid-phase|phase=;mode=
raw-mode-legal|raw:true
raw-mode-value|[[0,1,[11,22,33,44]],[null,null,[11,22,33,44]]]
changed-after-raw-mode|phase=;mode=1
raw-mode-invalid|raw:false|raw=9|path=$|expected=0 | 1 | 2|actual=9
raw-mode-retains|[[0,1,[11,22,33,44]],[null,null,[11,22,33,44]]]
changed-after-invalid-mode|phase=;mode=
same|same
same-retains|[[0,1,[11,22,33,44]],[null,null,[11,22,33,44]]]
changed-after-same|phase=0;mode=
