one/1/original:Some(True/Some(9)/3/88);[Some(Scalar(41)), None]|[Some(Array[7, 8]), None]|[True/Some(9)/3/88, False/Some(99)/13/14]|2/1/2
one/1/columns:Some(True/Some(9)/3/88);[Some(Scalar(41)), None]|[Some(Array[7, 8]), None]|[True, False]|[Some(9), Some(99)]|[3, 13]|[88, 14]|2/1/2
one/1/converted:Some(True/Some(9)/3/88);[Some(Scalar(41)), None]|[Some(Array[7, 8]), None]|[True, False]|[Some(9), Some(99)]|[3, 13]|[88, 14]|2/1/2
one/2/original:Some(False/Some(99)/13/14);[Some(Scalar(41)), None]|[Some(Array[7, 8]), None]|[True/Some(9)/3/4, False/Some(99)/13/14]|2/1/2
one/2/columns:Some(False/Some(99)/13/14);[Some(Scalar(41)), None]|[Some(Array[7, 8]), None]|[True, False]|[Some(9), Some(99)]|[3, 13]|[4, 14]|2/1/2
one/2/converted:Some(False/Some(99)/13/14);[Some(Scalar(41)), None]|[Some(Array[7, 8]), None]|[True, False]|[Some(9), Some(99)]|[3, 13]|[4, 14]|2/1/2
one/0/original:None;[Some(Scalar(41)), None]|[Some(Array[7, 8]), None]|[True/Some(9)/3/4, False/Some(99)/13/14]|2/1/2
one/0/columns:None;[Some(Scalar(41)), None]|[Some(Array[7, 8]), None]|[True, False]|[Some(9), Some(99)]|[3, 13]|[4, 14]|2/1/2
one/0/converted:None;[Some(Scalar(41)), None]|[Some(Array[7, 8]), None]|[True, False]|[Some(9), Some(99)]|[3, 13]|[4, 14]|2/1/2
one/3/original:None;[Some(Scalar(41)), None]|[Some(Array[7, 8]), None]|[True/Some(9)/3/4, False/Some(99)/13/14]|2/1/2
one/3/columns:None;[Some(Scalar(41)), None]|[Some(Array[7, 8]), None]|[True, False]|[Some(9), Some(99)]|[3, 13]|[4, 14]|2/1/2
one/3/converted:None;[Some(Scalar(41)), None]|[Some(Array[7, 8]), None]|[True, False]|[Some(9), Some(99)]|[3, 13]|[4, 14]|2/1/2
one/4294967295/original:None;[Some(Scalar(41)), None]|[Some(Array[7, 8]), None]|[True/Some(9)/3/4, False/Some(99)/13/14]|2/1/2
one/4294967295/columns:None;[Some(Scalar(41)), None]|[Some(Array[7, 8]), None]|[True, False]|[Some(9), Some(99)]|[3, 13]|[4, 14]|2/1/2
one/4294967295/converted:None;[Some(Scalar(41)), None]|[Some(Array[7, 8]), None]|[True, False]|[Some(9), Some(99)]|[3, 13]|[4, 14]|2/1/2
two/1/original:Some(True/Some(9)/3/88);[Some(Array[51, 52]), None]|[Some(Scalar(61)), None]|[True/Some(9)/3/88, False/Some(99)/13/14]|2/1/2
two/1/columns:Some(True/Some(9)/3/88);[Some(Array[51, 52]), None]|[Some(Scalar(61)), None]|[True, False]|[Some(9), Some(99)]|[3, 13]|[88, 14]|2/1/2
two/1/converted:Some(True/Some(9)/3/88);[Some(Array[51, 52]), None]|[Some(Scalar(61)), None]|[True, False]|[Some(9), Some(99)]|[3, 13]|[88, 14]|2/1/2
two/2/original:Some(False/Some(99)/13/14);[Some(Array[51, 52]), None]|[Some(Scalar(61)), None]|[True/Some(9)/3/4, False/Some(99)/13/14]|2/1/2
two/2/columns:Some(False/Some(99)/13/14);[Some(Array[51, 52]), None]|[Some(Scalar(61)), None]|[True, False]|[Some(9), Some(99)]|[3, 13]|[4, 14]|2/1/2
two/2/converted:Some(False/Some(99)/13/14);[Some(Array[51, 52]), None]|[Some(Scalar(61)), None]|[True, False]|[Some(9), Some(99)]|[3, 13]|[4, 14]|2/1/2
two/0/original:None;[Some(Array[51, 52]), None]|[Some(Scalar(61)), None]|[True/Some(9)/3/4, False/Some(99)/13/14]|2/1/2
two/0/columns:None;[Some(Array[51, 52]), None]|[Some(Scalar(61)), None]|[True, False]|[Some(9), Some(99)]|[3, 13]|[4, 14]|2/1/2
two/0/converted:None;[Some(Array[51, 52]), None]|[Some(Scalar(61)), None]|[True, False]|[Some(9), Some(99)]|[3, 13]|[4, 14]|2/1/2
two/3/original:None;[Some(Array[51, 52]), None]|[Some(Scalar(61)), None]|[True/Some(9)/3/4, False/Some(99)/13/14]|2/1/2
two/3/columns:None;[Some(Array[51, 52]), None]|[Some(Scalar(61)), None]|[True, False]|[Some(9), Some(99)]|[3, 13]|[4, 14]|2/1/2
two/3/converted:None;[Some(Array[51, 52]), None]|[Some(Scalar(61)), None]|[True, False]|[Some(9), Some(99)]|[3, 13]|[4, 14]|2/1/2
two/4294967295/original:None;[Some(Array[51, 52]), None]|[Some(Scalar(61)), None]|[True/Some(9)/3/4, False/Some(99)/13/14]|2/1/2
two/4294967295/columns:None;[Some(Array[51, 52]), None]|[Some(Scalar(61)), None]|[True, False]|[Some(9), Some(99)]|[3, 13]|[4, 14]|2/1/2
two/4294967295/converted:None;[Some(Array[51, 52]), None]|[Some(Scalar(61)), None]|[True, False]|[Some(9), Some(99)]|[3, 13]|[4, 14]|2/1/2
one-highzero/1/original:Some(True/Some(9)/3/4);[Some(Scalar(41)), None]|[Some(Array[7, 8]), None]|[True/Some(9)/3/4, False/Some(99)/13/14]|2/1/0
one-highzero/1/columns:Some(True/Some(9)/3/4);[Some(Scalar(41)), None]|[Some(Array[7, 8]), None]|[True, False]|[Some(9), Some(99)]|[3, 13]|[4, 14]|2/1/0
one-highzero/1/converted:Some(True/Some(9)/3/4);[Some(Scalar(41)), None]|[Some(Array[7, 8]), None]|[True, False]|[Some(9), Some(99)]|[3, 13]|[4, 14]|2/1/0
one-highone/2/original:Some(True/Some(99)/13/14);[Some(Scalar(41)), None]|[Some(Array[7, 8]), None]|[True/Some(9)/3/4, True/Some(99)/13/14]|2/1/1
one-highone/2/columns:Some(True/Some(99)/13/14);[Some(Scalar(41)), None]|[Some(Array[7, 8]), None]|[True, True]|[Some(9), Some(99)]|[3, 13]|[4, 14]|2/1/1
one-highone/2/converted:Some(True/Some(99)/13/14);[Some(Scalar(41)), None]|[Some(Array[7, 8]), None]|[True, True]|[Some(9), Some(99)]|[3, 13]|[4, 14]|2/1/1
two-highzero/1/original:Some(True/Some(9)/3/4);[Some(Array[51, 52]), None]|[Some(Scalar(61)), None]|[True/Some(9)/3/4, False/Some(99)/13/14]|2/1/0
two-highzero/1/columns:Some(True/Some(9)/3/4);[Some(Array[51, 52]), None]|[Some(Scalar(61)), None]|[True, False]|[Some(9), Some(99)]|[3, 13]|[4, 14]|2/1/0
two-highzero/1/converted:Some(True/Some(9)/3/4);[Some(Array[51, 52]), None]|[Some(Scalar(61)), None]|[True, False]|[Some(9), Some(99)]|[3, 13]|[4, 14]|2/1/0
two-highone/2/original:Some(True/Some(99)/13/14);[Some(Array[51, 52]), None]|[Some(Scalar(61)), None]|[True/Some(9)/3/4, True/Some(99)/13/14]|2/1/1
two-highone/2/columns:Some(True/Some(99)/13/14);[Some(Array[51, 52]), None]|[Some(Scalar(61)), None]|[True, True]|[Some(9), Some(99)]|[3, 13]|[4, 14]|2/1/1
two-highone/2/converted:Some(True/Some(99)/13/14);[Some(Array[51, 52]), None]|[Some(Scalar(61)), None]|[True, True]|[Some(9), Some(99)]|[3, 13]|[4, 14]|2/1/1
