{
  "wholeTypedModels": 2,
  "rejectedControls": [
    "normal:trailingTerm",
    "normal:wrongRootNamespace",
    "normal:boolAsU32",
    "normal:statusAsString",
    "normal:omittedPreviousCategory",
    "normal:omittedLastSnapshot",
    "normal:changedLastAffineCell",
    "normal:changedPendingPreservation",
    "normal:changedMarkerMachineState",
    "normal:changedReturnedRegistryCursor",
    "normal:changedReturnedSelector",
    "normal:omittedReturnedRequirements",
    "normal:omittedReturnedAccess",
    "normal:disabledDescriptionExecuted",
    "mutant:trailingTerm",
    "mutant:wrongRootNamespace",
    "mutant:boolAsU32",
    "mutant:statusAsString",
    "mutant:omittedPreviousCategory",
    "mutant:omittedLastSnapshot",
    "mutant:changedLastAffineCell",
    "mutant:changedPendingPreservation",
    "mutant:changedMarkerMachineState",
    "mutant:changedReturnedRegistryCursor",
    "mutant:changedReturnedSelector",
    "mutant:omittedReturnedRequirements",
    "mutant:omittedReturnedAccess",
    "mutant:disabledDescriptionExecuted",
    "wholeReachedOmissionRejectsUnchangedBaseline"
  ],
  "actualBackendChildren": 0,
  "scope": "Independent full typed models and corruptions; no runtime qualification"
}
