Workshop
initial
other-optional=1:1[100,10,]{otherTarget=1:4;otherSources=none;}|1:2[200,20,21,]{otherTarget=none;otherSources=[1:4,];}|1:3[300,30,31,32,33,]{otherTarget=none;otherSources=none;}|1:4[400,40,41,42,43,44,45,46,47,]{otherTarget=1:2;otherSources=[1:1,];}|
optional=1:1[100,10,]{target=none;sources=[1:3,1:2,1:5,];}|1:2[200,20,21,]{target=1:1;sources=none;}|1:3[300,30,31,32,33,]{target=1:1;sources=none;}|1:4[400,40,41,42,43,44,45,46,47,]{target=none;sources=none;}|
outgoing=1:1[100,10,]{target=none;}|1:2[200,20,21,]{target=1:1;}|1:3[300,30,31,32,33,]{target=1:1;}|1:4[400,40,41,42,43,44,45,46,47,]{target=none;}|
incoming=1:1[100,10,]{sources=[1:3,1:2,1:5,];}|1:2[200,20,21,]{sources=none;}|1:3[300,30,31,32,33,]{sources=none;}|1:4[400,40,41,42,43,44,45,46,47,]{sources=none;}|
with-out=1:1[100,10,]{}|1:2[200,20,21,]{}|1:3[300,30,31,32,33,]{}|1:4[400,40,41,42,43,44,45,46,47,]{}|
without-out=1:1[100,10,]{}|1:2[200,20,21,]{}|1:3[300,30,31,32,33,]{}|1:4[400,40,41,42,43,44,45,46,47,]{}|
with-in=1:1[100,10,]{}|1:2[200,20,21,]{}|1:3[300,30,31,32,33,]{}|1:4[400,40,41,42,43,44,45,46,47,]{}|
without-in=1:1[100,10,]{}|1:2[200,20,21,]{}|1:3[300,30,31,32,33,]{}|1:4[400,40,41,42,43,44,45,46,47,]{}|
multi=1:1[100,10,]{target=none;otherTarget=1:4;otherSources=none;}|1:2[200,20,21,]{target=1:1;otherTarget=none;otherSources=[1:4,];}|1:3[300,30,31,32,33,]{target=1:1;otherTarget=none;otherSources=none;}|1:4[400,40,41,42,43,44,45,46,47,]{target=none;otherTarget=1:2;otherSources=[1:1,];}|
cross-filters=1:1[100,10,]{sources=[1:3,1:2,1:5,];}|1:2[200,20,21,]{sources=none;}|1:3[300,30,31,32,33,]{sources=none;}|1:4[400,40,41,42,43,44,45,46,47,]{sources=none;}|
empty=1:1[100,10,]{}|1:2[200,20,21,]{}|1:3[300,30,31,32,33,]{}|1:4[400,40,41,42,43,44,45,46,47,]{}|
queued
other-optional=1:1[100,10,]{otherTarget=1:4;otherSources=none;}|1:2[200,20,21,]{otherTarget=none;otherSources=[1:4,];}|1:3[300,30,31,32,33,]{otherTarget=none;otherSources=none;}|1:4[400,40,41,42,43,44,45,46,47,]{otherTarget=1:2;otherSources=[1:1,];}|
optional=1:1[100,10,]{target=none;sources=[1:3,1:2,1:5,];}|1:2[200,20,21,]{target=1:1;sources=none;}|1:3[300,30,31,32,33,]{target=1:1;sources=none;}|1:4[400,40,41,42,43,44,45,46,47,]{target=none;sources=none;}|
outgoing=1:1[100,10,]{target=none;}|1:2[200,20,21,]{target=1:1;}|1:3[300,30,31,32,33,]{target=1:1;}|1:4[400,40,41,42,43,44,45,46,47,]{target=none;}|
incoming=1:1[100,10,]{sources=[1:3,1:2,1:5,];}|1:2[200,20,21,]{sources=none;}|1:3[300,30,31,32,33,]{sources=none;}|1:4[400,40,41,42,43,44,45,46,47,]{sources=none;}|
with-out=1:1[100,10,]{}|1:2[200,20,21,]{}|1:3[300,30,31,32,33,]{}|1:4[400,40,41,42,43,44,45,46,47,]{}|
without-out=1:1[100,10,]{}|1:2[200,20,21,]{}|1:3[300,30,31,32,33,]{}|1:4[400,40,41,42,43,44,45,46,47,]{}|
with-in=1:1[100,10,]{}|1:2[200,20,21,]{}|1:3[300,30,31,32,33,]{}|1:4[400,40,41,42,43,44,45,46,47,]{}|
without-in=1:1[100,10,]{}|1:2[200,20,21,]{}|1:3[300,30,31,32,33,]{}|1:4[400,40,41,42,43,44,45,46,47,]{}|
multi=1:1[100,10,]{target=none;otherTarget=1:4;otherSources=none;}|1:2[200,20,21,]{target=1:1;otherTarget=none;otherSources=[1:4,];}|1:3[300,30,31,32,33,]{target=1:1;otherTarget=none;otherSources=none;}|1:4[400,40,41,42,43,44,45,46,47,]{target=none;otherTarget=1:2;otherSources=[1:1,];}|
cross-filters=1:1[100,10,]{sources=[1:3,1:2,1:5,];}|1:2[200,20,21,]{sources=none;}|1:3[300,30,31,32,33,]{sources=none;}|1:4[400,40,41,42,43,44,45,46,47,]{sources=none;}|
empty=1:1[100,10,]{}|1:2[200,20,21,]{}|1:3[300,30,31,32,33,]{}|1:4[400,40,41,42,43,44,45,46,47,]{}|
applied
other-optional=1:1[100,10,]{otherTarget=1:4;otherSources=none;}|1:2[200,20,21,]{otherTarget=none;otherSources=[1:4,];}|1:3[300,30,31,32,33,]{otherTarget=none;otherSources=none;}|1:4[400,40,41,42,43,44,45,46,47,]{otherTarget=1:2;otherSources=[1:1,];}|
optional=1:1[100,10,]{target=none;sources=[1:2,1:5,];}|1:2[200,20,21,]{target=1:1;sources=[1:3,];}|1:3[300,30,31,32,33,]{target=1:2;sources=none;}|1:4[400,40,41,42,43,44,45,46,47,]{target=none;sources=none;}|
outgoing=1:1[100,10,]{target=none;}|1:2[200,20,21,]{target=1:1;}|1:3[300,30,31,32,33,]{target=1:2;}|1:4[400,40,41,42,43,44,45,46,47,]{target=none;}|
incoming=1:1[100,10,]{sources=[1:2,1:5,];}|1:2[200,20,21,]{sources=[1:3,];}|1:3[300,30,31,32,33,]{sources=none;}|1:4[400,40,41,42,43,44,45,46,47,]{sources=none;}|
with-out=1:1[100,10,]{}|1:2[200,20,21,]{}|1:3[300,30,31,32,33,]{}|1:4[400,40,41,42,43,44,45,46,47,]{}|
without-out=1:1[100,10,]{}|1:2[200,20,21,]{}|1:3[300,30,31,32,33,]{}|1:4[400,40,41,42,43,44,45,46,47,]{}|
with-in=1:1[100,10,]{}|1:2[200,20,21,]{}|1:3[300,30,31,32,33,]{}|1:4[400,40,41,42,43,44,45,46,47,]{}|
without-in=1:1[100,10,]{}|1:2[200,20,21,]{}|1:3[300,30,31,32,33,]{}|1:4[400,40,41,42,43,44,45,46,47,]{}|
multi=1:1[100,10,]{target=none;otherTarget=1:4;otherSources=none;}|1:2[200,20,21,]{target=1:1;otherTarget=none;otherSources=[1:4,];}|1:3[300,30,31,32,33,]{target=1:2;otherTarget=none;otherSources=none;}|1:4[400,40,41,42,43,44,45,46,47,]{target=none;otherTarget=1:2;otherSources=[1:1,];}|
cross-filters=1:1[100,10,]{sources=[1:2,1:5,];}|1:2[200,20,21,]{sources=[1:3,];}|1:3[300,30,31,32,33,]{sources=none;}|1:4[400,40,41,42,43,44,45,46,47,]{sources=none;}|
empty=1:1[100,10,]{}|1:2[200,20,21,]{}|1:3[300,30,31,32,33,]{}|1:4[400,40,41,42,43,44,45,46,47,]{}|
retained=1:1[100,10,]{target=none;sources=[1:3,1:2,1:5,];}|1:2[200,20,21,]{target=1:1;sources=none;}|1:3[300,30,31,32,33,]{target=1:1;sources=none;}|1:4[400,40,41,42,43,44,45,46,47,]{target=none;sources=none;}|
owners=100,10,;200,20,21,;300,30,31,32,33,;400,40,41,42,43,44,45,46,47,;|2,5,:3,|events=|meta=1,6,5,8,3,77,4,0|pending=0
Other
initial
other-optional=1:1[100,10,]{otherTarget=1:4;otherSources=none;}|1:2[200,20,21,]{otherTarget=none;otherSources=[1:4,];}|1:3[300,30,31,32,33,]{otherTarget=none;otherSources=none;}|1:4[400,40,41,42,43,44,45,46,47,]{otherTarget=1:2;otherSources=[1:1,];}|
optional=1:1[100,10,]{target=none;sources=[1:3,1:2,1:5,];}|1:2[200,20,21,]{target=1:1;sources=none;}|1:3[300,30,31,32,33,]{target=1:1;sources=none;}|1:4[400,40,41,42,43,44,45,46,47,]{target=none;sources=none;}|
outgoing=1:1[100,10,]{target=none;}|1:2[200,20,21,]{target=1:1;}|1:3[300,30,31,32,33,]{target=1:1;}|1:4[400,40,41,42,43,44,45,46,47,]{target=none;}|
incoming=1:1[100,10,]{sources=[1:3,1:2,1:5,];}|1:2[200,20,21,]{sources=none;}|1:3[300,30,31,32,33,]{sources=none;}|1:4[400,40,41,42,43,44,45,46,47,]{sources=none;}|
with-out=1:1[100,10,]{}|1:2[200,20,21,]{}|1:3[300,30,31,32,33,]{}|1:4[400,40,41,42,43,44,45,46,47,]{}|
without-out=1:1[100,10,]{}|1:2[200,20,21,]{}|1:3[300,30,31,32,33,]{}|1:4[400,40,41,42,43,44,45,46,47,]{}|
with-in=1:1[100,10,]{}|1:2[200,20,21,]{}|1:3[300,30,31,32,33,]{}|1:4[400,40,41,42,43,44,45,46,47,]{}|
without-in=1:1[100,10,]{}|1:2[200,20,21,]{}|1:3[300,30,31,32,33,]{}|1:4[400,40,41,42,43,44,45,46,47,]{}|
multi=1:1[100,10,]{target=none;otherTarget=1:4;otherSources=none;}|1:2[200,20,21,]{target=1:1;otherTarget=none;otherSources=[1:4,];}|1:3[300,30,31,32,33,]{target=1:1;otherTarget=none;otherSources=none;}|1:4[400,40,41,42,43,44,45,46,47,]{target=none;otherTarget=1:2;otherSources=[1:1,];}|
cross-filters=1:1[100,10,]{sources=[1:3,1:2,1:5,];}|1:2[200,20,21,]{sources=none;}|1:3[300,30,31,32,33,]{sources=none;}|1:4[400,40,41,42,43,44,45,46,47,]{sources=none;}|
empty=1:1[100,10,]{}|1:2[200,20,21,]{}|1:3[300,30,31,32,33,]{}|1:4[400,40,41,42,43,44,45,46,47,]{}|
queued
other-optional=1:1[100,10,]{otherTarget=1:4;otherSources=none;}|1:2[200,20,21,]{otherTarget=none;otherSources=[1:4,];}|1:3[300,30,31,32,33,]{otherTarget=none;otherSources=none;}|1:4[400,40,41,42,43,44,45,46,47,]{otherTarget=1:2;otherSources=[1:1,];}|
optional=1:1[100,10,]{target=none;sources=[1:3,1:2,1:5,];}|1:2[200,20,21,]{target=1:1;sources=none;}|1:3[300,30,31,32,33,]{target=1:1;sources=none;}|1:4[400,40,41,42,43,44,45,46,47,]{target=none;sources=none;}|
outgoing=1:1[100,10,]{target=none;}|1:2[200,20,21,]{target=1:1;}|1:3[300,30,31,32,33,]{target=1:1;}|1:4[400,40,41,42,43,44,45,46,47,]{target=none;}|
incoming=1:1[100,10,]{sources=[1:3,1:2,1:5,];}|1:2[200,20,21,]{sources=none;}|1:3[300,30,31,32,33,]{sources=none;}|1:4[400,40,41,42,43,44,45,46,47,]{sources=none;}|
with-out=1:1[100,10,]{}|1:2[200,20,21,]{}|1:3[300,30,31,32,33,]{}|1:4[400,40,41,42,43,44,45,46,47,]{}|
without-out=1:1[100,10,]{}|1:2[200,20,21,]{}|1:3[300,30,31,32,33,]{}|1:4[400,40,41,42,43,44,45,46,47,]{}|
with-in=1:1[100,10,]{}|1:2[200,20,21,]{}|1:3[300,30,31,32,33,]{}|1:4[400,40,41,42,43,44,45,46,47,]{}|
without-in=1:1[100,10,]{}|1:2[200,20,21,]{}|1:3[300,30,31,32,33,]{}|1:4[400,40,41,42,43,44,45,46,47,]{}|
multi=1:1[100,10,]{target=none;otherTarget=1:4;otherSources=none;}|1:2[200,20,21,]{target=1:1;otherTarget=none;otherSources=[1:4,];}|1:3[300,30,31,32,33,]{target=1:1;otherTarget=none;otherSources=none;}|1:4[400,40,41,42,43,44,45,46,47,]{target=none;otherTarget=1:2;otherSources=[1:1,];}|
cross-filters=1:1[100,10,]{sources=[1:3,1:2,1:5,];}|1:2[200,20,21,]{sources=none;}|1:3[300,30,31,32,33,]{sources=none;}|1:4[400,40,41,42,43,44,45,46,47,]{sources=none;}|
empty=1:1[100,10,]{}|1:2[200,20,21,]{}|1:3[300,30,31,32,33,]{}|1:4[400,40,41,42,43,44,45,46,47,]{}|
applied
other-optional=1:1[100,10,]{otherTarget=1:4;otherSources=none;}|1:2[200,20,21,]{otherTarget=none;otherSources=[1:4,];}|1:3[300,30,31,32,33,]{otherTarget=none;otherSources=none;}|1:4[400,40,41,42,43,44,45,46,47,]{otherTarget=1:2;otherSources=[1:1,];}|
optional=1:1[100,10,]{target=none;sources=[1:2,1:5,];}|1:2[200,20,21,]{target=1:1;sources=[1:3,];}|1:3[300,30,31,32,33,]{target=1:2;sources=none;}|1:4[400,40,41,42,43,44,45,46,47,]{target=none;sources=none;}|
outgoing=1:1[100,10,]{target=none;}|1:2[200,20,21,]{target=1:1;}|1:3[300,30,31,32,33,]{target=1:2;}|1:4[400,40,41,42,43,44,45,46,47,]{target=none;}|
incoming=1:1[100,10,]{sources=[1:2,1:5,];}|1:2[200,20,21,]{sources=[1:3,];}|1:3[300,30,31,32,33,]{sources=none;}|1:4[400,40,41,42,43,44,45,46,47,]{sources=none;}|
with-out=1:1[100,10,]{}|1:2[200,20,21,]{}|1:3[300,30,31,32,33,]{}|1:4[400,40,41,42,43,44,45,46,47,]{}|
without-out=1:1[100,10,]{}|1:2[200,20,21,]{}|1:3[300,30,31,32,33,]{}|1:4[400,40,41,42,43,44,45,46,47,]{}|
with-in=1:1[100,10,]{}|1:2[200,20,21,]{}|1:3[300,30,31,32,33,]{}|1:4[400,40,41,42,43,44,45,46,47,]{}|
without-in=1:1[100,10,]{}|1:2[200,20,21,]{}|1:3[300,30,31,32,33,]{}|1:4[400,40,41,42,43,44,45,46,47,]{}|
multi=1:1[100,10,]{target=none;otherTarget=1:4;otherSources=none;}|1:2[200,20,21,]{target=1:1;otherTarget=none;otherSources=[1:4,];}|1:3[300,30,31,32,33,]{target=1:2;otherTarget=none;otherSources=none;}|1:4[400,40,41,42,43,44,45,46,47,]{target=none;otherTarget=1:2;otherSources=[1:1,];}|
cross-filters=1:1[100,10,]{sources=[1:2,1:5,];}|1:2[200,20,21,]{sources=[1:3,];}|1:3[300,30,31,32,33,]{sources=none;}|1:4[400,40,41,42,43,44,45,46,47,]{sources=none;}|
empty=1:1[100,10,]{}|1:2[200,20,21,]{}|1:3[300,30,31,32,33,]{}|1:4[400,40,41,42,43,44,45,46,47,]{}|
retained=1:1[100,10,]{target=none;sources=[1:3,1:2,1:5,];}|1:2[200,20,21,]{target=1:1;sources=none;}|1:3[300,30,31,32,33,]{target=1:1;sources=none;}|1:4[400,40,41,42,43,44,45,46,47,]{target=none;sources=none;}|
owners=100,10,;200,20,21,;300,30,31,32,33,;400,40,41,42,43,44,45,46,47,;|2,5,:3,|events=|meta=1,6,5,8,3,77,4,0|pending=0
