FF.....
======================================================================
FAIL: test_actual_interpreter_path_and_hash_drift_refused_before_helpers (__main__.Boundary.test_actual_interpreter_path_and_hash_drift_refused_before_helpers) (planned='/unapproved/python')
----------------------------------------------------------------------
ValueError: Diagnostic source prerequisite/acceptance scope differs

During handling of the above exception, another exception occurred:

Traceback (most recent call last):
  File "/workspace/formal-proofs/bendvy-worktrees/ordinary-system-retention/experiments/public-inspect/debug-study-v1/production-adoption-v1/canonical-system-retention-v1/detached-observable-v1/consumer/app-inventory-v1/graph-machine-v1/handler-inventory-v1/test-diagnostic-js-boundary.py", line 113, in test_actual_interpreter_path_and_hash_drift_refused_before_helpers
    with self.assertRaisesRegex(ValueError,'Actual executor interpreter'):
AssertionError: "Actual executor interpreter" does not match "Diagnostic source prerequisite/acceptance scope differs"

======================================================================
FAIL: test_actual_interpreter_path_and_hash_drift_refused_before_helpers (__main__.Boundary.test_actual_interpreter_path_and_hash_drift_refused_before_helpers) (planned='/usr/bin/python3.11')
----------------------------------------------------------------------
ValueError: Diagnostic source prerequisite/acceptance scope differs

During handling of the above exception, another exception occurred:

Traceback (most recent call last):
  File "/workspace/formal-proofs/bendvy-worktrees/ordinary-system-retention/experiments/public-inspect/debug-study-v1/production-adoption-v1/canonical-system-retention-v1/detached-observable-v1/consumer/app-inventory-v1/graph-machine-v1/handler-inventory-v1/test-diagnostic-js-boundary.py", line 113, in test_actual_interpreter_path_and_hash_drift_refused_before_helpers
    with self.assertRaisesRegex(ValueError,'Actual executor interpreter'):
AssertionError: "Actual executor interpreter" does not match "Diagnostic source prerequisite/acceptance scope differs"

----------------------------------------------------------------------
Ran 6 tests in 13.243s

FAILED (failures=2)
