REFERENCE_PHASE {"event":"book_load.begin","elapsedMs":0}
REFERENCE_PHASE {"event":"book_load.end","elapsedMs":364}
REFERENCE_LOADED_INPUTS ["/workspace/formal-proofs/bendvy-worktrees/parity-54-boxed-scan/experiments/public-inspect/closed-owner-carrier-v1/schema-partition-v1/garden-reference-diagnostic-v1/base.bend","/workspace/formal-proofs/bendvy-worktrees/parity-54-boxed-scan/experiments/public-inspect/closed-owner-carrier-v1/schema-partition-v1/garden-stage/check-execution.bend","/workspace/formal-proofs/bendvy-worktrees/parity-54-boxed-scan/experiments/public-inspect/closed-owner-carrier-v1/schema-partition-v1/garden-stage/consumer-witness.bend","/workspace/formal-proofs/bendvy-worktrees/parity-54-boxed-scan/experiments/public-inspect/closed-owner-carrier-v1/schema-partition-v1/garden-stage/core-v1/src/ecs/capabilities.bend","/workspace/formal-proofs/bendvy-worktrees/parity-54-boxed-scan/experiments/public-inspect/closed-owner-carrier-v1/schema-partition-v1/garden-stage/core-v1/src/ecs/check.bend","/workspace/formal-proofs/bendvy-worktrees/parity-54-boxed-scan/experiments/public-inspect/closed-owner-carrier-v1/schema-partition-v1/garden-stage/core-v1/src/ecs/column.bend","/workspace/formal-proofs/bendvy-worktrees/parity-54-boxed-scan/experiments/public-inspect/closed-owner-carrier-v1/schema-partition-v1/garden-stage/core-v1/src/ecs/commands.bend","/workspace/formal-proofs/bendvy-worktrees/parity-54-boxed-scan/experiments/public-inspect/closed-owner-carrier-v1/schema-partition-v1/garden-stage/core-v1/src/ecs/component.bend","/workspace/formal-proofs/bendvy-worktrees/parity-54-boxed-scan/experiments/public-inspect/closed-owner-carrier-v1/schema-partition-v1/garden-stage/core-v1/src/ecs/compose.bend","/workspace/formal-proofs/bendvy-worktrees/parity-54-boxed-scan/experiments/public-inspect/closed-owner-carrier-v1/schema-partition-v1/garden-stage/core-v1/src/ecs/indexed-lifecycle.bend","/workspace/formal-proofs/bendvy-worktrees/parity-54-boxed-scan/experiments/public-inspect/closed-owner-carrier-v1/schema-partition-v1/garden-stage/core-v1/src/ecs/inspector-query-projection.bend","/workspace/formal-proofs/bendvy-worktrees/parity-54-boxed-scan/experiments/public-inspect/closed-owner-carrier-v1/schema-partition-v1/garden-stage/core-v1/src/ecs/inspector-query.bend","/workspace/formal-proofs/bendvy-worktrees/parity-54-boxed-scan/experiments/public-inspect/closed-owner-carrier-v1/schema-partition-v1/garden-stage/core-v1/src/ecs/inspector.bend","/workspace/formal-proofs/bendvy-worktrees/parity-54-boxed-scan/experiments/public-inspect/closed-owner-carrier-v1/schema-partition-v1/garden-stage/core-v1/src/ecs/lifecycle.bend","/workspace/formal-proofs/bendvy-worktrees/parity-54-boxed-scan/experiments/public-inspect/closed-owner-carrier-v1/schema-partition-v1/garden-stage/core-v1/src/ecs/owner-handoff.bend","/workspace/formal-proofs/bendvy-worktrees/parity-54-boxed-scan/experiments/public-inspect/closed-owner-carrier-v1/schema-partition-v1/garden-stage/core-v1/src/ecs/registration.bend","/workspace/formal-proofs/bendvy-worktrees/parity-54-boxed-scan/experiments/public-inspect/closed-owner-carrier-v1/schema-partition-v1/garden-stage/core-v1/src/ecs/resource.bend","/workspace/formal-proofs/bendvy-worktrees/parity-54-boxed-scan/experiments/public-inspect/closed-owner-carrier-v1/schema-partition-v1/garden-stage/core-v1/src/ecs/schedule.bend","/workspace/formal-proofs/bendvy-worktrees/parity-54-boxed-scan/experiments/public-inspect/closed-owner-carrier-v1/schema-partition-v1/garden-stage/core-v1/src/ecs/string-equality.bend","/workspace/formal-proofs/bendvy-worktrees/parity-54-boxed-scan/experiments/public-inspect/closed-owner-carrier-v1/schema-partition-v1/garden-stage/core-v1/src/ecs/system.bend","/workspace/formal-proofs/bendvy-worktrees/parity-54-boxed-scan/experiments/public-inspect/closed-owner-carrier-v1/schema-partition-v1/garden-stage/core-v1/src/ecs/transaction.bend","/workspace/formal-proofs/bendvy-worktrees/parity-54-boxed-scan/experiments/public-inspect/closed-owner-carrier-v1/schema-partition-v1/garden-stage/core-v1/src/ecs/world.bend","/workspace/formal-proofs/bendvy-worktrees/parity-54-boxed-scan/experiments/public-inspect/closed-owner-carrier-v1/schema-partition-v1/garden-stage/execution.bend","/workspace/formal-proofs/bendvy-worktrees/parity-54-boxed-scan/experiments/public-inspect/closed-owner-carrier-v1/schema-partition-v1/garden-stage/families.bend","/workspace/formal-proofs/bendvy-worktrees/parity-54-boxed-scan/experiments/public-inspect/closed-owner-carrier-v1/schema-partition-v1/garden-stage/family-witness.bend","/workspace/formal-proofs/bendvy-worktrees/parity-54-boxed-scan/experiments/public-inspect/closed-owner-carrier-v1/schema-partition-v1/garden-stage/five-phase-driver.bend","/workspace/formal-proofs/bendvy-worktrees/parity-54-boxed-scan/experiments/public-inspect/closed-owner-carrier-v1/schema-partition-v1/garden-stage/fixture.bend","/workspace/formal-proofs/bendvy-worktrees/parity-54-boxed-scan/experiments/public-inspect/closed-owner-carrier-v1/schema-partition-v1/garden-stage/format.bend","/workspace/formal-proofs/bendvy-worktrees/parity-54-boxed-scan/experiments/public-inspect/closed-owner-carrier-v1/schema-partition-v1/garden-stage/full-consumer.bend","/workspace/formal-proofs/bendvy-worktrees/parity-54-boxed-scan/experiments/public-inspect/closed-owner-carrier-v1/schema-partition-v1/garden-stage/gate-instrumentation.bend","/workspace/formal-proofs/bendvy-worktrees/parity-54-boxed-scan/experiments/public-inspect/closed-owner-carrier-v1/schema-partition-v1/garden-stage/gate-phase.bend","/workspace/formal-proofs/bendvy-worktrees/parity-54-boxed-scan/experiments/public-inspect/closed-owner-carrier-v1/schema-partition-v1/garden-stage/gates.bend","/workspace/formal-proofs/bendvy-worktrees/parity-54-boxed-scan/experiments/public-inspect/closed-owner-carrier-v1/schema-partition-v1/garden-stage/mutations.bend","/workspace/formal-proofs/bendvy-worktrees/parity-54-boxed-scan/experiments/public-inspect/closed-owner-carrier-v1/schema-partition-v1/garden-stage/output-adapter.bend","/workspace/formal-proofs/bendvy-worktrees/parity-54-boxed-scan/experiments/public-inspect/closed-owner-carrier-v1/schema-partition-v1/garden-stage/owner-carrier.bend","/workspace/formal-proofs/bendvy-worktrees/parity-54-boxed-scan/experiments/public-inspect/closed-owner-carrier-v1/schema-partition-v1/garden-stage/owner-observer.bend","/workspace/formal-proofs/bendvy-worktrees/parity-54-boxed-scan/experiments/public-inspect/closed-owner-carrier-v1/schema-partition-v1/garden-stage/phase-driver.bend","/workspace/formal-proofs/bendvy-worktrees/parity-54-boxed-scan/experiments/public-inspect/closed-owner-carrier-v1/schema-partition-v1/garden-stage/query.bend","/workspace/formal-proofs/bendvy-worktrees/parity-54-boxed-scan/experiments/public-inspect/closed-owner-carrier-v1/schema-partition-v1/garden-stage/retry-driver.bend","/workspace/formal-proofs/bendvy-worktrees/parity-54-boxed-scan/experiments/public-inspect/closed-owner-carrier-v1/schema-partition-v1/garden-stage/runtime-declarations.bend","/workspace/formal-proofs/bendvy-worktrees/parity-54-boxed-scan/experiments/public-inspect/closed-owner-carrier-v1/schema-partition-v1/garden-stage/runtime-named-declarations.bend","/workspace/formal-proofs/bendvy-worktrees/parity-54-boxed-scan/experiments/public-inspect/closed-owner-carrier-v1/schema-partition-v1/garden-stage/runtime-owners.bend","/workspace/formal-proofs/bendvy-worktrees/parity-54-boxed-scan/experiments/public-inspect/closed-owner-carrier-v1/schema-partition-v1/garden-stage/schema-families.bend","/workspace/formal-proofs/bendvy-worktrees/parity-54-boxed-scan/experiments/public-inspect/closed-owner-carrier-v1/schema-partition-v1/garden-stage/selection.bend","/workspace/formal-proofs/bendvy-worktrees/parity-54-boxed-scan/experiments/public-inspect/closed-owner-carrier-v1/schema-partition-v1/garden-stage/traversal.bend","/workspace/formal-proofs/bendvy-worktrees/parity-54-boxed-scan/experiments/public-inspect/closed-owner-carrier-v1/schema-partition-v1/garden-stage/world-observer.bend","/workspace/formal-proofs/bendvy-worktrees/parity-54-boxed-scan/experiments/public-inspect/closed-owner-carrier-v1/schema-partition-v1/garden.bend"]
REFERENCE_PHASE {"event":"book_valid.begin","elapsedMs":364}
REFERENCE_PHASE {"event":"book_valid.end","elapsedMs":1110}
REFERENCE_PHASE {"event":"compile_book.begin","elapsedMs":1110}
REFERENCE_PHASE {"event":"file_book.begin","elapsedMs":1111}
REFERENCE_CHECKPOINT {"event":"type_adts","calls":1,"elapsedMs":1115,"owner":"","counters":{"type_adts":1}}
REFERENCE_CHECKPOINT {"event":"type_adts","calls":2,"elapsedMs":1116,"owner":"","counters":{"type_adts":2}}
REFERENCE_CHECKPOINT {"event":"type_adts","calls":4,"elapsedMs":1116,"owner":"","counters":{"type_adts":4}}
REFERENCE_CHECKPOINT {"event":"type_adts","calls":8,"elapsedMs":1116,"owner":"","counters":{"type_adts":8}}
REFERENCE_CHECKPOINT {"event":"fun_of","calls":1,"elapsedMs":1116,"owner":"","counters":{"type_adts":9,"fun_of":1}}
REFERENCE_CHECKPOINT {"event":"lay_of","calls":1,"elapsedMs":1117,"owner":"","counters":{"type_adts":9,"fun_of":1,"lay_of":1}}
REFERENCE_CHECKPOINT {"event":"type_adts","calls":16,"elapsedMs":1117,"owner":"","counters":{"type_adts":16,"fun_of":1,"lay_of":1}}
REFERENCE_CHECKPOINT {"event":"fun_of","calls":2,"elapsedMs":1117,"owner":"","counters":{"type_adts":18,"fun_of":2,"lay_of":1}}
REFERENCE_CHECKPOINT {"event":"lay_of","calls":2,"elapsedMs":1117,"owner":"","counters":{"type_adts":18,"fun_of":2,"lay_of":2}}
REFERENCE_CHECKPOINT {"event":"fun_of","calls":4,"elapsedMs":1117,"owner":"","counters":{"type_adts":29,"fun_of":4,"lay_of":2}}
REFERENCE_CHECKPOINT {"event":"type_adts","calls":32,"elapsedMs":1117,"owner":"","counters":{"type_adts":32,"fun_of":7,"lay_of":3}}
REFERENCE_CHECKPOINT {"event":"type_adts","calls":64,"elapsedMs":1117,"owner":"","counters":{"type_adts":64,"fun_of":7,"lay_of":3}}
REFERENCE_CHECKPOINT {"event":"type_adts","calls":128,"elapsedMs":1117,"owner":"","counters":{"type_adts":128,"fun_of":7,"lay_of":3}}
REFERENCE_CHECKPOINT {"event":"fun_of","calls":8,"elapsedMs":1117,"owner":"","counters":{"type_adts":138,"fun_of":8,"lay_of":3}}
REFERENCE_CHECKPOINT {"event":"lay_of","calls":4,"elapsedMs":1118,"owner":"","counters":{"type_adts":139,"fun_of":9,"lay_of":4}}
REFERENCE_CHECKPOINT {"event":"fun_of","calls":16,"elapsedMs":1118,"owner":"","counters":{"type_adts":151,"fun_of":16,"lay_of":6}}
REFERENCE_CHECKPOINT {"event":"lay_of","calls":8,"elapsedMs":1120,"owner":"","counters":{"type_adts":152,"fun_of":17,"lay_of":8}}
REFERENCE_CHECKPOINT {"event":"lay_of","calls":16,"elapsedMs":1123,"owner":"","counters":{"type_adts":152,"fun_of":17,"lay_of":16}}
REFERENCE_CHECKPOINT {"event":"lay_of","calls":32,"elapsedMs":1124,"owner":"","counters":{"type_adts":152,"fun_of":17,"lay_of":32}}
REFERENCE_CHECKPOINT {"event":"lay_of","calls":64,"elapsedMs":1124,"owner":"","counters":{"type_adts":152,"fun_of":17,"lay_of":64}}
REFERENCE_CHECKPOINT {"event":"fun_of","calls":32,"elapsedMs":1125,"owner":"","counters":{"type_adts":172,"fun_of":32,"lay_of":84}}
REFERENCE_CHECKPOINT {"event":"type_adts","calls":256,"elapsedMs":1126,"owner":"","counters":{"type_adts":256,"fun_of":37,"lay_of":84}}
REFERENCE_CHECKPOINT {"event":"type_adts","calls":512,"elapsedMs":1126,"owner":"","counters":{"type_adts":512,"fun_of":38,"lay_of":84}}
REFERENCE_CHECKPOINT {"event":"fun_of","calls":64,"elapsedMs":1127,"owner":"","counters":{"type_adts":632,"fun_of":64,"lay_of":94}}
REFERENCE_CHECKPOINT {"event":"type_adts","calls":1024,"elapsedMs":1128,"owner":"","counters":{"type_adts":1024,"fun_of":121,"lay_of":115}}
REFERENCE_CHECKPOINT {"event":"fun_of","calls":128,"elapsedMs":1128,"owner":"","counters":{"type_adts":1230,"fun_of":128,"lay_of":125}}
REFERENCE_CHECKPOINT {"event":"lay_of","calls":128,"elapsedMs":1129,"owner":"","counters":{"type_adts":1933,"fun_of":145,"lay_of":128}}
REFERENCE_CHECKPOINT {"event":"type_adts","calls":2048,"elapsedMs":1130,"owner":"","counters":{"type_adts":2048,"fun_of":152,"lay_of":149}}
REFERENCE_CHECKPOINT {"event":"fun_of","calls":256,"elapsedMs":1133,"owner":"","counters":{"type_adts":2894,"fun_of":256,"lay_of":194}}
REFERENCE_CHECKPOINT {"event":"type_adts","calls":4096,"elapsedMs":1137,"owner":"","counters":{"type_adts":4096,"fun_of":337,"lay_of":209}}
REFERENCE_CHECKPOINT {"event":"fun_of","calls":512,"elapsedMs":1142,"owner":"","counters":{"type_adts":5931,"fun_of":512,"lay_of":239}}
REFERENCE_CHECKPOINT {"event":"lay_of","calls":256,"elapsedMs":1143,"owner":"","counters":{"type_adts":6697,"fun_of":584,"lay_of":256}}
REFERENCE_CHECKPOINT {"event":"type_adts","calls":8192,"elapsedMs":1155,"owner":"","counters":{"type_adts":8192,"fun_of":759,"lay_of":341}}
REFERENCE_CHECKPOINT {"event":"fun_of","calls":1024,"elapsedMs":1180,"owner":"","counters":{"type_adts":12678,"fun_of":1024,"lay_of":423}}
REFERENCE_CHECKPOINT {"event":"type_adts","calls":16384,"elapsedMs":1196,"owner":"","counters":{"type_adts":16384,"fun_of":1326,"lay_of":511}}
REFERENCE_CHECKPOINT {"event":"lay_of","calls":512,"elapsedMs":1196,"owner":"","counters":{"type_adts":16449,"fun_of":1327,"lay_of":512}}
REFERENCE_CHECKPOINT {"event":"fun_of","calls":2048,"elapsedMs":1247,"owner":"","counters":{"type_adts":25967,"fun_of":2048,"lay_of":741}}
REFERENCE_CHECKPOINT {"event":"type_adts","calls":32768,"elapsedMs":1260,"owner":"","counters":{"type_adts":32768,"fun_of":2437,"lay_of":863}}
REFERENCE_CHECKPOINT {"event":"lay_of","calls":1024,"elapsedMs":1272,"owner":"","counters":{"type_adts":43553,"fun_of":2781,"lay_of":1024}}
REFERENCE_CHECKPOINT {"event":"type_adts","calls":65536,"elapsedMs":1293,"owner":"","counters":{"type_adts":65536,"fun_of":3313,"lay_of":1425}}
REFERENCE_CHECKPOINT {"event":"fun_of","calls":4096,"elapsedMs":1346,"owner":"","counters":{"type_adts":83125,"fun_of":4096,"lay_of":1917}}
REFERENCE_CHECKPOINT {"event":"lay_of","calls":2048,"elapsedMs":1355,"owner":"","counters":{"type_adts":89502,"fun_of":4395,"lay_of":2048}}
REFERENCE_CHECKPOINT {"event":"type_adts","calls":131072,"elapsedMs":1420,"owner":"","counters":{"type_adts":131072,"fun_of":5786,"lay_of":2992}}
REFERENCE_CHECKPOINT {"event":"fun_of","calls":8192,"elapsedMs":1476,"owner":"","counters":{"type_adts":168217,"fun_of":8192,"lay_of":3870}}
REFERENCE_CHECKPOINT {"event":"lay_of","calls":4096,"elapsedMs":1486,"owner":"","counters":{"type_adts":184808,"fun_of":9069,"lay_of":4096}}
REFERENCE_CHECKPOINT {"event":"type_adts","calls":262144,"elapsedMs":1592,"owner":"","counters":{"type_adts":262144,"fun_of":12414,"lay_of":4915}}
REFERENCE_CHECKPOINT {"event":"fun_of","calls":16384,"elapsedMs":1728,"owner":"","counters":{"type_adts":364177,"fun_of":16384,"lay_of":6700}}
REFERENCE_CHECKPOINT {"event":"lay_of","calls":8192,"elapsedMs":1799,"owner":"","counters":{"type_adts":447565,"fun_of":19405,"lay_of":8192}}
REFERENCE_CHECKPOINT {"event":"type_adts","calls":524288,"elapsedMs":1869,"owner":"","counters":{"type_adts":524288,"fun_of":21859,"lay_of":9205}}
REFERENCE_PHASE {"event":"file_book.end","elapsedMs":2045,"counters":{"type_adts":694137,"fun_of":27074,"lay_of":11562}}
REFERENCE_PHASE {"event":"emit_iteration.begin","elapsedMs":2045,"facts":0,"counters":{"type_adts":694137,"fun_of":27074,"lay_of":11562}}
REFERENCE_CHECKPOINT {"event":"emit_body","calls":1,"elapsedMs":2047,"owner":"garden-stage/families:check_matches~12","counters":{"type_adts":694137,"fun_of":27077,"lay_of":11562,"emit_body":1}}
REFERENCE_CHECKPOINT {"event":"val_to","calls":1,"elapsedMs":2048,"owner":"garden-stage/families:check_matches~12","counters":{"type_adts":694137,"fun_of":27077,"lay_of":11612,"emit_body":1,"val_to":1}}
REFERENCE_CHECKPOINT {"event":"lay_eq","calls":1,"elapsedMs":2048,"owner":"garden-stage/families:check_matches~12","counters":{"type_adts":694137,"fun_of":27077,"lay_of":11612,"emit_body":1,"val_to":1,"lay_eq":1}}
REFERENCE_CHECKPOINT {"event":"emit_body","calls":2,"elapsedMs":2048,"owner":"garden-stage/families:check_matches~12","counters":{"type_adts":694137,"fun_of":27080,"lay_of":11613,"emit_body":2,"val_to":1,"lay_eq":1}}
REFERENCE_CHECKPOINT {"event":"val_to","calls":2,"elapsedMs":2049,"owner":"garden-stage/families:check_matches~12","counters":{"type_adts":694137,"fun_of":27080,"lay_of":11616,"emit_body":2,"val_to":2,"lay_eq":1}}
REFERENCE_CHECKPOINT {"event":"lay_eq","calls":2,"elapsedMs":2049,"owner":"garden-stage/families:check_matches~12","counters":{"type_adts":694137,"fun_of":27080,"lay_of":11616,"emit_body":2,"val_to":2,"lay_eq":2}}
REFERENCE_CHECKPOINT {"event":"emit_fuse","calls":1,"elapsedMs":2049,"owner":"garden-stage/families:check_matches~12","counters":{"type_adts":694137,"fun_of":27086,"lay_of":11617,"emit_body":3,"val_to":2,"lay_eq":2,"emit_fuse":1}}
REFERENCE_CHECKPOINT {"event":"emit_fuse","calls":2,"elapsedMs":2050,"owner":"garden-stage/families:check_matches~12","counters":{"type_adts":694137,"fun_of":27092,"lay_of":11617,"emit_body":3,"val_to":2,"lay_eq":2,"emit_fuse":2}}
REFERENCE_CHECKPOINT {"event":"val_to","calls":4,"elapsedMs":2050,"owner":"garden-stage/families:check_matches~12","counters":{"type_adts":694137,"fun_of":27095,"lay_of":11617,"emit_body":3,"val_to":4,"lay_eq":3,"emit_fuse":2}}
REFERENCE_CHECKPOINT {"event":"lay_eq","calls":4,"elapsedMs":2050,"owner":"garden-stage/families:check_matches~12","counters":{"type_adts":694137,"fun_of":27095,"lay_of":11617,"emit_body":3,"val_to":4,"lay_eq":4,"emit_fuse":2}}
REFERENCE_CHECKPOINT {"event":"emit_body","calls":4,"elapsedMs":2050,"owner":"garden-stage/families:check_matches~12","counters":{"type_adts":694137,"fun_of":27097,"lay_of":11617,"emit_body":4,"val_to":4,"lay_eq":4,"emit_fuse":2}}
REFERENCE_CHECKPOINT {"event":"emit_fuse","calls":4,"elapsedMs":2051,"owner":"garden-stage/families:check_matches~12","counters":{"type_adts":694137,"fun_of":27112,"lay_of":11622,"emit_body":7,"val_to":7,"lay_eq":7,"emit_fuse":4}}
REFERENCE_CHECKPOINT {"event":"val_to","calls":8,"elapsedMs":2051,"owner":"garden-stage/families:check_matches~12","counters":{"type_adts":694137,"fun_of":27119,"lay_of":11622,"emit_body":7,"val_to":8,"lay_eq":7,"emit_fuse":5}}
REFERENCE_CHECKPOINT {"event":"lay_eq","calls":8,"elapsedMs":2051,"owner":"garden-stage/families:check_matches~12","counters":{"type_adts":694137,"fun_of":27119,"lay_of":11622,"emit_body":7,"val_to":8,"lay_eq":8,"emit_fuse":5}}
REFERENCE_CHECKPOINT {"event":"emit_body","calls":8,"elapsedMs":2051,"owner":"garden-stage/families:check_matches~12","counters":{"type_adts":694137,"fun_of":27121,"lay_of":11622,"emit_body":8,"val_to":9,"lay_eq":9,"emit_fuse":5}}
REFERENCE_CHECKPOINT {"event":"val_to","calls":16,"elapsedMs":2052,"owner":"garden-stage/families:check_matches~12","counters":{"type_adts":694137,"fun_of":27140,"lay_of":11630,"emit_body":13,"val_to":16,"lay_eq":15,"emit_fuse":7}}
REFERENCE_CHECKPOINT {"event":"lay_eq","calls":16,"elapsedMs":2052,"owner":"garden-stage/families:check_matches~12","counters":{"type_adts":694137,"fun_of":27140,"lay_of":11630,"emit_body":13,"val_to":16,"lay_eq":16,"emit_fuse":7}}
REFERENCE_CHECKPOINT {"event":"emit_body","calls":16,"elapsedMs":2052,"owner":"garden-stage/families:check_matches~12","counters":{"type_adts":694137,"fun_of":27140,"lay_of":11635,"emit_body":16,"val_to":18,"lay_eq":18,"emit_fuse":7}}
REFERENCE_CHECKPOINT {"event":"val_to","calls":32,"elapsedMs":2052,"owner":"garden-stage/families:check_matches~12","counters":{"type_adts":694137,"fun_of":27144,"lay_of":11658,"emit_body":28,"val_to":32,"lay_eq":31,"emit_fuse":7}}
REFERENCE_CHECKPOINT {"event":"lay_eq","calls":32,"elapsedMs":2052,"owner":"garden-stage/families:check_matches~12","counters":{"type_adts":694137,"fun_of":27144,"lay_of":11658,"emit_body":28,"val_to":32,"lay_eq":32,"emit_fuse":7}}
REFERENCE_CHECKPOINT {"event":"emit_fuse","calls":8,"elapsedMs":2052,"owner":"garden-stage/families:check_matches~12","counters":{"type_adts":694137,"fun_of":27147,"lay_of":11658,"emit_body":28,"val_to":43,"lay_eq":43,"emit_fuse":8}}
REFERENCE_CHECKPOINT {"event":"emit_body","calls":32,"elapsedMs":2053,"owner":"garden-stage/families:check_matches~12","counters":{"type_adts":694137,"fun_of":27164,"lay_of":11670,"emit_body":32,"val_to":54,"lay_eq":54,"emit_fuse":9}}
REFERENCE_CHECKPOINT {"event":"val_to","calls":64,"elapsedMs":2053,"owner":"garden-stage/families:check_matches~12","counters":{"type_adts":694137,"fun_of":27164,"lay_of":11672,"emit_body":33,"val_to":64,"lay_eq":63,"emit_fuse":9}}
REFERENCE_CHECKPOINT {"event":"lay_eq","calls":64,"elapsedMs":2053,"owner":"garden-stage/families:check_matches~12","counters":{"type_adts":694137,"fun_of":27164,"lay_of":11672,"emit_body":33,"val_to":64,"lay_eq":64,"emit_fuse":9}}
REFERENCE_CHECKPOINT {"event":"emit_body","calls":64,"elapsedMs":2055,"owner":"garden-stage/families:check_matches~12","counters":{"type_adts":694137,"fun_of":27197,"lay_of":11732,"emit_body":64,"val_to":112,"lay_eq":112,"emit_fuse":11}}
REFERENCE_CHECKPOINT {"event":"val_to","calls":128,"elapsedMs":2055,"owner":"garden-stage/families:check_matches~12","counters":{"type_adts":694137,"fun_of":27197,"lay_of":11756,"emit_body":76,"val_to":128,"lay_eq":127,"emit_fuse":11}}
REFERENCE_CHECKPOINT {"event":"lay_eq","calls":128,"elapsedMs":2055,"owner":"garden-stage/families:check_matches~12","counters":{"type_adts":694137,"fun_of":27197,"lay_of":11756,"emit_body":76,"val_to":128,"lay_eq":128,"emit_fuse":11}}
REFERENCE_CHECKPOINT {"event":"emit_fuse","calls":16,"elapsedMs":2063,"owner":"garden-stage/families:check_matches~12","counters":{"type_adts":694137,"fun_of":27252,"lay_of":11837,"emit_body":112,"val_to":192,"lay_eq":192,"emit_fuse":16}}
REFERENCE_CHECKPOINT {"event":"emit_body","calls":128,"elapsedMs":2064,"owner":"garden-stage/families:check_matches~12","counters":{"type_adts":694137,"fun_of":27308,"lay_of":11877,"emit_body":128,"val_to":226,"lay_eq":226,"emit_fuse":21}}
REFERENCE_CHECKPOINT {"event":"val_to","calls":256,"elapsedMs":2066,"owner":"garden-stage/families:check_matches~12","counters":{"type_adts":694137,"fun_of":27339,"lay_of":11902,"emit_body":138,"val_to":256,"lay_eq":255,"emit_fuse":24}}
REFERENCE_CHECKPOINT {"event":"lay_eq","calls":256,"elapsedMs":2066,"owner":"garden-stage/families:check_matches~12","counters":{"type_adts":694137,"fun_of":27339,"lay_of":11902,"emit_body":138,"val_to":256,"lay_eq":256,"emit_fuse":24}}
REFERENCE_CHECKPOINT {"event":"emit_fuse","calls":32,"elapsedMs":2069,"owner":"garden-stage/families:check_matches~12","counters":{"type_adts":694137,"fun_of":27441,"lay_of":12013,"emit_body":195,"val_to":401,"lay_eq":402,"emit_fuse":32}}
REFERENCE_CHECKPOINT {"event":"lay_eq","calls":512,"elapsedMs":2070,"owner":"garden-stage/families:check_matches~12","counters":{"type_adts":694137,"fun_of":27543,"lay_of":12101,"emit_body":242,"val_to":509,"lay_eq":512,"emit_fuse":38}}
REFERENCE_CHECKPOINT {"event":"val_to","calls":512,"elapsedMs":2071,"owner":"garden-stage/families:check_matches~12","counters":{"type_adts":694137,"fun_of":27561,"lay_of":12101,"emit_body":243,"val_to":512,"lay_eq":514,"emit_fuse":40}}
REFERENCE_CHECKPOINT {"event":"emit_body","calls":256,"elapsedMs":2071,"owner":"garden-stage/families:check_matches~12","counters":{"type_adts":694137,"fun_of":27580,"lay_of":12126,"emit_body":256,"val_to":543,"lay_eq":546,"emit_fuse":41}}
REFERENCE_CHECKPOINT {"event":"emit_fuse","calls":64,"elapsedMs":2074,"owner":"garden-stage/families:check_matches~12","counters":{"type_adts":694137,"fun_of":27821,"lay_of":12285,"emit_body":347,"val_to":760,"lay_eq":764,"emit_fuse":64}}
REFERENCE_CHECKPOINT {"event":"lay_eq","calls":1024,"elapsedMs":2078,"owner":"garden-stage/families:check_matches~12","counters":{"type_adts":694137,"fun_of":28006,"lay_of":12441,"emit_body":430,"val_to":1019,"lay_eq":1024,"emit_fuse":80}}
REFERENCE_CHECKPOINT {"event":"val_to","calls":1024,"elapsedMs":2079,"owner":"garden-stage/families:check_matches~12","counters":{"type_adts":694137,"fun_of":28008,"lay_of":12450,"emit_body":435,"val_to":1024,"lay_eq":1028,"emit_fuse":80}}
REFERENCE_CHECKPOINT {"event":"emit_body","calls":512,"elapsedMs":2082,"owner":"garden-stage/families:check_matches~12","counters":{"type_adts":694137,"fun_of":28154,"lay_of":12576,"emit_body":512,"val_to":1301,"lay_eq":1308,"emit_fuse":90}}
REFERENCE_CHECKPOINT {"event":"emit_fuse","calls":128,"elapsedMs":2092,"owner":"garden-stage/families:check_matches~12","counters":{"type_adts":694137,"fun_of":28641,"lay_of":12920,"emit_body":727,"val_to":2029,"lay_eq":2042,"emit_fuse":128}}
REFERENCE_CHECKPOINT {"event":"lay_eq","calls":2048,"elapsedMs":2092,"owner":"garden-stage/families:check_matches~12","counters":{"type_adts":694137,"fun_of":28646,"lay_of":12926,"emit_body":731,"val_to":2035,"lay_eq":2048,"emit_fuse":128}}
REFERENCE_CHECKPOINT {"event":"val_to","calls":2048,"elapsedMs":2092,"owner":"garden-stage/families:check_matches~12","counters":{"type_adts":694137,"fun_of":28653,"lay_of":12932,"emit_body":737,"val_to":2048,"lay_eq":2060,"emit_fuse":129}}
REFERENCE_CHECKPOINT {"event":"emit_body","calls":1024,"elapsedMs":2116,"owner":"garden-stage/families:check_slot~9","counters":{"type_adts":694137,"fun_of":29207,"lay_of":13453,"emit_body":1024,"val_to":2788,"lay_eq":2801,"emit_fuse":179}}
REFERENCE_CHECKPOINT {"event":"lay_eq","calls":4096,"elapsedMs":2142,"owner":"garden-stage/families:check_presence~6","counters":{"type_adts":694137,"fun_of":29970,"lay_of":14045,"emit_body":1386,"val_to":4077,"lay_eq":4096,"emit_fuse":244}}
REFERENCE_CHECKPOINT {"event":"val_to","calls":4096,"elapsedMs":2142,"owner":"garden-stage/families:check_presence~6","counters":{"type_adts":694137,"fun_of":29983,"lay_of":14047,"emit_body":1389,"val_to":4096,"lay_eq":4114,"emit_fuse":245}}
REFERENCE_CHECKPOINT {"event":"emit_fuse","calls":256,"elapsedMs":2149,"owner":"garden-stage/families:check_presence~6","counters":{"type_adts":694137,"fun_of":30128,"lay_of":14156,"emit_body":1454,"val_to":4249,"lay_eq":4270,"emit_fuse":256}}
REFERENCE_CHECKPOINT {"event":"emit_body","calls":2048,"elapsedMs":2181,"owner":"garden-stage/selection:pair_project_target~14","counters":{"type_adts":694137,"fun_of":31540,"lay_of":15089,"emit_body":2048,"val_to":6505,"lay_eq":6540,"emit_fuse":373}}
REFERENCE_CHECKPOINT {"event":"lay_eq","calls":8192,"elapsedMs":2210,"owner":"garden-stage/selection:pair_matches_target~9","counters":{"type_adts":694137,"fun_of":32026,"lay_of":15330,"emit_body":2222,"val_to":8153,"lay_eq":8192,"emit_fuse":421}}
REFERENCE_CHECKPOINT {"event":"val_to","calls":8192,"elapsedMs":2210,"owner":"garden-stage/selection:pair_matches_target~9","counters":{"type_adts":694137,"fun_of":32032,"lay_of":15334,"emit_body":2224,"val_to":8192,"lay_eq":8231,"emit_fuse":421}}
REFERENCE_CHECKPOINT {"event":"fun_of","calls":32768,"elapsedMs":2231,"owner":"garden-stage/selection:pair_matches~13","counters":{"type_adts":694137,"fun_of":32768,"lay_of":15699,"emit_body":2496,"val_to":10367,"lay_eq":10414,"emit_fuse":494}}
REFERENCE_CHECKPOINT {"event":"emit_fuse","calls":512,"elapsedMs":2239,"owner":"garden-stage/families:check_slot~6","counters":{"type_adts":694137,"fun_of":32960,"lay_of":15801,"emit_body":2576,"val_to":11000,"lay_eq":11050,"emit_fuse":512}}
REFERENCE_CHECKPOINT {"event":"lay_of","calls":16384,"elapsedMs":2268,"owner":"garden-stage/selection:pair~9","counters":{"type_adts":694137,"fun_of":33862,"lay_of":16384,"emit_body":2994,"val_to":14044,"lay_eq":14107,"emit_fuse":600}}
REFERENCE_CHECKPOINT {"event":"lay_eq","calls":16384,"elapsedMs":2299,"owner":"garden-stage/families:check_presence~5","counters":{"type_adts":694137,"fun_of":35403,"lay_of":17463,"emit_body":3666,"val_to":16308,"lay_eq":16384,"emit_fuse":730}}
REFERENCE_CHECKPOINT {"event":"val_to","calls":16384,"elapsedMs":2300,"owner":"garden-stage/families:check_presence~5","counters":{"type_adts":694137,"fun_of":35420,"lay_of":17506,"emit_body":3690,"val_to":16384,"lay_eq":16459,"emit_fuse":731}}
REFERENCE_CHECKPOINT {"event":"emit_body","calls":4096,"elapsedMs":2336,"owner":"garden-stage/families:check_matches~13","counters":{"type_adts":694137,"fun_of":36452,"lay_of":18124,"emit_body":4096,"val_to":18345,"lay_eq":18435,"emit_fuse":820}}
REFERENCE_CHECKPOINT {"event":"emit_fuse","calls":1024,"elapsedMs":2379,"owner":"garden-stage/selection:pair_matches_target~12","counters":{"type_adts":694137,"fun_of":38593,"lay_of":19527,"emit_body":5025,"val_to":23560,"lay_eq":23673,"emit_fuse":1024}}
REFERENCE_CHECKPOINT {"event":"lay_eq","calls":32768,"elapsedMs":2465,"owner":"garden-stage/selection:pair_matches~8","counters":{"type_adts":694137,"fun_of":41854,"lay_of":21403,"emit_body":6352,"val_to":32619,"lay_eq":32768,"emit_fuse":1345}}
REFERENCE_CHECKPOINT {"event":"val_to","calls":32768,"elapsedMs":2466,"owner":"garden-stage/selection:pair_matches~8","counters":{"type_adts":694137,"fun_of":41897,"lay_of":21429,"emit_body":6371,"val_to":32768,"lay_eq":32917,"emit_fuse":1349}}
REFERENCE_CHECKPOINT {"event":"emit_body","calls":8192,"elapsedMs":2577,"owner":"garden-stage/core-v1/src/ecs/column:view_taken~6","counters":{"type_adts":694137,"fun_of":45387,"lay_of":24077,"emit_body":8192,"val_to":43202,"lay_eq":43399,"emit_fuse":1707}}
REFERENCE_CHECKPOINT {"event":"emit_fuse","calls":2048,"elapsedMs":2653,"owner":"garden-stage/selection:pair_matches_target~11","counters":{"type_adts":694137,"fun_of":48434,"lay_of":26032,"emit_body":9612,"val_to":53943,"lay_eq":54188,"emit_fuse":2048}}
REFERENCE_CHECKPOINT {"event":"lay_eq","calls":65536,"elapsedMs":3041,"owner":"garden-stage/selection:pair_project~16","counters":{"type_adts":694137,"fun_of":53051,"lay_of":29235,"emit_body":11744,"val_to":65235,"lay_eq":65536,"emit_fuse":2481}}
REFERENCE_CHECKPOINT {"event":"val_to","calls":65536,"elapsedMs":3055,"owner":"garden-stage/selection:pair_project~16","counters":{"type_adts":694137,"fun_of":53108,"lay_of":29285,"emit_body":11784,"val_to":65536,"lay_eq":65836,"emit_fuse":2492}}
REFERENCE_CHECKPOINT {"event":"lay_of","calls":32768,"elapsedMs":3198,"owner":"garden-stage/selection:pair~15","counters":{"type_adts":694137,"fun_of":58687,"lay_of":32768,"emit_body":14221,"val_to":83416,"lay_eq":83786,"emit_fuse":3096}}
REFERENCE_CHECKPOINT {"event":"emit_body","calls":16384,"elapsedMs":3364,"owner":"garden-stage/selection:pair_project_target~17","counters":{"type_adts":694137,"fun_of":63722,"lay_of":35841,"emit_body":16384,"val_to":99053,"lay_eq":99491,"emit_fuse":3607}}
REFERENCE_CHECKPOINT {"event":"fun_of","calls":65536,"elapsedMs":3431,"owner":"garden-stage/selection:pair_matches_target~14","counters":{"type_adts":694137,"fun_of":65536,"lay_of":37243,"emit_body":17411,"val_to":108076,"lay_eq":108547,"emit_fuse":3879}}
REFERENCE_CHECKPOINT {"event":"emit_fuse","calls":4096,"elapsedMs":3464,"owner":"garden-stage/selection:pair_matches_target~10","counters":{"type_adts":694137,"fun_of":67130,"lay_of":38360,"emit_body":18224,"val_to":115161,"lay_eq":115655,"emit_fuse":4096}}
REFERENCE_CHECKPOINT {"event":"lay_eq","calls":131072,"elapsedMs":3602,"owner":"garden-stage/selection:pair_project~17","counters":{"type_adts":694137,"fun_of":72134,"lay_of":41254,"emit_body":20287,"val_to":130511,"lay_eq":131072,"emit_fuse":4611}}
REFERENCE_CHECKPOINT {"event":"val_to","calls":131072,"elapsedMs":3611,"owner":"garden-stage/selection:pair_project~17","counters":{"type_adts":694137,"fun_of":72212,"lay_of":41322,"emit_body":20334,"val_to":131072,"lay_eq":131634,"emit_fuse":4624}}
REFERENCE_CHECKPOINT {"event":"emit_body","calls":32768,"elapsedMs":4376,"owner":"garden-stage/selection:predicate_both_target~22","counters":{"type_adts":694137,"fun_of":95643,"lay_of":58437,"emit_body":32768,"val_to":237069,"lay_eq":238029,"emit_fuse":7827}}
REFERENCE_CHECKPOINT {"event":"emit_fuse","calls":8192,"elapsedMs":4454,"owner":"garden-stage/selection:constrain~5","counters":{"type_adts":694137,"fun_of":99205,"lay_of":60410,"emit_body":34232,"val_to":248908,"lay_eq":249916,"emit_fuse":8192}}
REFERENCE_CHECKPOINT {"event":"lay_eq","calls":262144,"elapsedMs":4530,"owner":"garden-stage/selection:constrain~5","counters":{"type_adts":694137,"fun_of":101385,"lay_of":62285,"emit_body":35605,"val_to":261091,"lay_eq":262144,"emit_fuse":8556}}
REFERENCE_CHECKPOINT {"event":"val_to","calls":262144,"elapsedMs":4534,"owner":"garden-stage/selection:constrain~5","counters":{"type_adts":694137,"fun_of":101582,"lay_of":62456,"emit_body":35734,"val_to":262144,"lay_eq":263200,"emit_fuse":8590}}
REFERENCE_CHECKPOINT {"event":"lay_of","calls":65536,"elapsedMs":4664,"owner":"garden-stage/selection:constrain~4","counters":{"type_adts":694137,"fun_of":105309,"lay_of":65536,"emit_body":37973,"val_to":281621,"lay_eq":282743,"emit_fuse":9184}}
REFERENCE_CHECKPOINT {"event":"fun_of","calls":131072,"elapsedMs":5504,"owner":"garden-stage/runtime-declarations:check_optionalFour~0","counters":{"type_adts":694137,"fun_of":131072,"lay_of":85179,"emit_body":52302,"val_to":405552,"lay_eq":407128,"emit_fuse":12877}}
REFERENCE_CHECKPOINT {"event":"emit_body","calls":65536,"elapsedMs":6205,"owner":"garden-stage/selection:map~1","counters":{"type_adts":694137,"fun_of":153987,"lay_of":103291,"emit_body":65536,"val_to":520278,"lay_eq":522274,"emit_fuse":16317}}
REFERENCE_CHECKPOINT {"event":"lay_eq","calls":524288,"elapsedMs":6239,"owner":"garden-stage/selection:map~1","counters":{"type_adts":694137,"fun_of":154299,"lay_of":103578,"emit_body":65734,"val_to":522283,"lay_eq":524288,"emit_fuse":16365}}
REFERENCE_CHECKPOINT {"event":"emit_fuse","calls":16384,"elapsedMs":6244,"owner":"garden-stage/selection:map~1","counters":{"type_adts":694137,"fun_of":154406,"lay_of":103672,"emit_body":65808,"val_to":522764,"lay_eq":524770,"emit_fuse":16384}}
REFERENCE_CHECKPOINT {"event":"val_to","calls":524288,"elapsedMs":6251,"owner":"garden-stage/selection:map~1","counters":{"type_adts":694137,"fun_of":154656,"lay_of":103893,"emit_body":65964,"val_to":524288,"lay_eq":526299,"emit_fuse":16423}}
REFERENCE_CHECKPOINT {"event":"lay_of","calls":131072,"elapsedMs":7529,"owner":"garden-stage/owner-carrier:check_target~8","counters":{"type_adts":694137,"fun_of":191268,"lay_of":131072,"emit_body":85905,"val_to":696878,"lay_eq":699560,"emit_fuse":21536}}
REFERENCE_CHECKPOINT {"event":"lay_eq","calls":865280,"elapsedMs":9529,"owner":"garden-stage/owner-carrier:check_target~3","counters":{"type_adts":694137,"fun_of":221930,"lay_of":156897,"emit_body":104694,"val_to":862025,"lay_eq":865280,"emit_fuse":26490}}
REFERENCE_CHECKPOINT {"event":"lay_eq","calls":1048576,"elapsedMs":10810,"owner":"garden-stage/query:lookup_matched~5","counters":{"type_adts":694137,"fun_of":258734,"lay_of":185684,"emit_body":125951,"val_to":1044571,"lay_eq":1048576,"emit_fuse":31940}}
REFERENCE_CHECKPOINT {"event":"val_to","calls":1048576,"elapsedMs":10835,"owner":"garden-stage/query:lookup_matched~5","counters":{"type_adts":694137,"fun_of":259436,"lay_of":186305,"emit_body":126406,"val_to":1048576,"lay_eq":1052596,"emit_fuse":32058}}
REFERENCE_CHECKPOINT {"event":"fun_of","calls":262144,"elapsedMs":10941,"owner":"garden-stage/owner-carrier:check_selection~3","counters":{"type_adts":694137,"fun_of":262144,"lay_of":188469,"emit_body":127994,"val_to":1062479,"lay_eq":1066550,"emit_fuse":32478}}
REFERENCE_CHECKPOINT {"event":"emit_fuse","calls":32768,"elapsedMs":11005,"owner":"garden-stage/owner-carrier:check_selection~3","counters":{"type_adts":694137,"fun_of":263846,"lay_of":189953,"emit_body":129082,"val_to":1072095,"lay_eq":1076201,"emit_fuse":32768}}
REFERENCE_CHECKPOINT {"event":"emit_body","calls":131072,"elapsedMs":11119,"owner":"garden-stage/owner-carrier:check_selection~3","counters":{"type_adts":694137,"fun_of":266937,"lay_of":192661,"emit_body":131072,"val_to":1089523,"lay_eq":1093694,"emit_fuse":33292}}
REFERENCE_CHECKPOINT {"event":"lay_eq","calls":1392640,"elapsedMs":13120,"owner":"garden-stage/query:scan_matched~4","counters":{"type_adts":694137,"fun_of":322026,"lay_of":239505,"emit_body":165185,"val_to":1387476,"lay_eq":1392640,"emit_fuse":42428}}
REFERENCE_CHECKPOINT {"event":"lay_of","calls":262144,"elapsedMs":14090,"owner":"garden-stage/query:scan_matched~3","counters":{"type_adts":694137,"fun_of":348071,"lay_of":262144,"emit_body":181484,"val_to":1533766,"lay_eq":1539481,"emit_fuse":46503}}
REFERENCE_CHECKPOINT {"event":"val_to","calls":1819648,"elapsedMs":16090,"owner":"garden-stage/query:lookup_valid~5","counters":{"type_adts":694137,"fun_of":403782,"lay_of":306990,"emit_body":214603,"val_to":1819648,"lay_eq":1826518,"emit_fuse":55099}}
REFERENCE_CHECKPOINT {"event":"lay_eq","calls":2097152,"elapsedMs":17926,"owner":"garden-stage/query:lookup_valid~4","counters":{"type_adts":694137,"fun_of":452426,"lay_of":349026,"emit_body":245345,"val_to":2089312,"lay_eq":2097152,"emit_fuse":63256}}
REFERENCE_CHECKPOINT {"event":"val_to","calls":2097152,"elapsedMs":18003,"owner":"garden-stage/query:lookup_valid~4","counters":{"type_adts":694137,"fun_of":453880,"lay_of":350270,"emit_body":246241,"val_to":2097152,"lay_eq":2105013,"emit_fuse":63500}}
REFERENCE_CHECKPOINT {"event":"emit_fuse","calls":65536,"elapsedMs":18452,"owner":"garden-stage/query:scan~4","counters":{"type_adts":694137,"fun_of":466268,"lay_of":360626,"emit_body":253733,"val_to":2161653,"lay_eq":2169702,"emit_fuse":65536}}
REFERENCE_CHECKPOINT {"event":"emit_body","calls":262144,"elapsedMs":18914,"owner":"garden-stage/query:scan~4","counters":{"type_adts":694137,"fun_of":479923,"lay_of":372257,"emit_body":262144,"val_to":2234276,"lay_eq":2242536,"emit_fuse":67821}}
REFERENCE_CHECKPOINT {"event":"fun_of","calls":524288,"elapsedMs":20473,"owner":"garden-stage/selection:constrained_target~14","counters":{"type_adts":694137,"fun_of":524288,"lay_of":409542,"emit_body":289099,"val_to":2475817,"lay_eq":2484998,"emit_fuse":74560}}
REFERENCE_CHECKPOINT {"event":"lay_eq","calls":2622464,"elapsedMs":22761,"owner":"garden-stage/query:lookup_target~5","counters":{"type_adts":694137,"fun_of":551546,"lay_of":430894,"emit_body":304897,"val_to":2612758,"lay_eq":2622464,"emit_fuse":78712}}
REFERENCE_CHECKPOINT {"event":"val_to","calls":2678784,"elapsedMs":24761,"owner":"garden-stage/query:lookup_target~5","counters":{"type_adts":694137,"fun_of":563195,"lay_of":441114,"emit_body":312390,"val_to":2678784,"lay_eq":2688733,"emit_fuse":80696}}
REFERENCE_CHECKPOINT {"event":"val_to","calls":2983936,"elapsedMs":26761,"owner":"garden-stage/selection:constrained~13","counters":{"type_adts":694137,"fun_of":620344,"lay_of":488743,"emit_body":347023,"val_to":2983936,"lay_eq":2994941,"emit_fuse":89732}}
REFERENCE_CHECKPOINT {"event":"lay_of","calls":524288,"elapsedMs":28599,"owner":"garden-stage/query:lookup~5","counters":{"type_adts":694137,"fun_of":663611,"lay_of":524288,"emit_body":373275,"val_to":3212798,"lay_eq":3224665,"emit_fuse":96673}}
